Component: ARM Compiler 5.06 update 7 (build 960) Tool: armlink [4d3601]

==============================================================================

Section Cross References

    startup_stm32g431xx.o(RESET) refers to startup_stm32g431xx.o(STACK) for __initial_sp
    startup_stm32g431xx.o(RESET) refers to startup_stm32g431xx.o(.text) for Reset_Handler
    startup_stm32g431xx.o(RESET) refers to stm32g4xx_it.o(i.NMI_Handler) for NMI_Handler
    startup_stm32g431xx.o(RESET) refers to stm32g4xx_it.o(i.HardFault_Handler) for HardFault_Handler
    startup_stm32g431xx.o(RESET) refers to stm32g4xx_it.o(i.MemManage_Handler) for MemManage_Handler
    startup_stm32g431xx.o(RESET) refers to stm32g4xx_it.o(i.BusFault_Handler) for BusFault_Handler
    startup_stm32g431xx.o(RESET) refers to stm32g4xx_it.o(i.UsageFault_Handler) for UsageFault_Handler
    startup_stm32g431xx.o(RESET) refers to stm32g4xx_it.o(i.SVC_Handler) for SVC_Handler
    startup_stm32g431xx.o(RESET) refers to stm32g4xx_it.o(i.DebugMon_Handler) for DebugMon_Handler
    startup_stm32g431xx.o(RESET) refers to stm32g4xx_it.o(i.PendSV_Handler) for PendSV_Handler
    startup_stm32g431xx.o(RESET) refers to stm32g4xx_it.o(i.SysTick_Handler) for SysTick_Handler
    startup_stm32g431xx.o(RESET) refers to stm32g4xx_it.o(i.DMA1_Channel1_IRQHandler) for DMA1_Channel1_IRQHandler
    startup_stm32g431xx.o(RESET) refers to stm32g4xx_it.o(i.ADC1_2_IRQHandler) for ADC1_2_IRQHandler
    startup_stm32g431xx.o(RESET) refers to stm32g4xx_it.o(i.FDCAN1_IT0_IRQHandler) for FDCAN1_IT0_IRQHandler
    startup_stm32g431xx.o(RESET) refers to stm32g4xx_it.o(i.TIM1_BRK_TIM15_IRQHandler) for TIM1_BRK_TIM15_IRQHandler
    startup_stm32g431xx.o(RESET) refers to stm32g4xx_it.o(i.TIM1_UP_TIM16_IRQHandler) for TIM1_UP_TIM16_IRQHandler
    startup_stm32g431xx.o(RESET) refers to stm32g4xx_it.o(i.TIM1_CC_IRQHandler) for TIM1_CC_IRQHandler
    startup_stm32g431xx.o(RESET) refers to stm32g4xx_it.o(i.TIM4_IRQHandler) for TIM4_IRQHandler
    startup_stm32g431xx.o(RESET) refers to stm32g4xx_it.o(i.USART3_IRQHandler) for USART3_IRQHandler
    startup_stm32g431xx.o(RESET) refers to stm32g4xx_it.o(i.EXTI15_10_IRQHandler) for EXTI15_10_IRQHandler
    startup_stm32g431xx.o(RESET) refers to stm32g4xx_it.o(i.COMP1_2_3_IRQHandler) for COMP1_2_3_IRQHandler
    startup_stm32g431xx.o(.text) refers to system_stm32g4xx.o(i.SystemInit) for SystemInit
    startup_stm32g431xx.o(.text) refers to entry.o(.ARM.Collect$$$$00000000) for __main
    main.o(i.FDCAN_Config) refers to stm32g4xx_hal_fdcan.o(i.HAL_FDCAN_ActivateNotification) for HAL_FDCAN_ActivateNotification
    main.o(i.FDCAN_Config) refers to stm32g4xx_hal_fdcan.o(i.HAL_FDCAN_ConfigFilter) for HAL_FDCAN_ConfigFilter
    main.o(i.FDCAN_Config) refers to stm32g4xx_hal_fdcan.o(i.HAL_FDCAN_Start) for HAL_FDCAN_Start
    main.o(i.FDCAN_Config) refers to fdcan.o(.bss) for hfdcan1
    main.o(i.FDCAN_Config) refers to main.o(.bss) for .bss
    main.o(i.SystemClock_Config) refers to memseta.o(.text) for __aeabi_memclr4
    main.o(i.SystemClock_Config) refers to stm32g4xx_hal_pwr_ex.o(i.HAL_PWREx_ControlVoltageScaling) for HAL_PWREx_ControlVoltageScaling
    main.o(i.SystemClock_Config) refers to stm32g4xx_hal_rcc.o(i.HAL_RCC_OscConfig) for HAL_RCC_OscConfig
    main.o(i.SystemClock_Config) refers to stm32g4xx_hal_rcc.o(i.HAL_RCC_ClockConfig) for HAL_RCC_ClockConfig
    main.o(i.SystemClock_Config) refers to stm32g4xx_hal_rcc_ex.o(i.HAL_RCCEx_PeriphCLKConfig) for HAL_RCCEx_PeriphCLKConfig
    main.o(i.main) refers to stm32g4xx_hal.o(i.HAL_Init) for HAL_Init
    main.o(i.main) refers to main.o(i.SystemClock_Config) for SystemClock_Config
    main.o(i.main) refers to gpio.o(i.MX_GPIO_Init) for MX_GPIO_Init
    main.o(i.main) refers to dma.o(i.MX_DMA_Init) for MX_DMA_Init
    main.o(i.main) refers to tim.o(i.MX_TIM1_Init) for MX_TIM1_Init
    main.o(i.main) refers to comp.o(i.MX_COMP1_Init) for MX_COMP1_Init
    main.o(i.main) refers to dac.o(i.MX_DAC3_Init) for MX_DAC3_Init
    main.o(i.main) refers to dac.o(i.MX_DAC1_Init) for MX_DAC1_Init
    main.o(i.main) refers to fdcan.o(i.MX_FDCAN1_Init) for MX_FDCAN1_Init
    main.o(i.main) refers to usart.o(i.MX_USART3_UART_Init) for MX_USART3_UART_Init
    main.o(i.main) refers to delay.o(i.delay_init) for delay_init
    main.o(i.main) refers to main.o(i.FDCAN_Config) for FDCAN_Config
    main.o(i.main) refers to delay.o(i.delay_ms) for delay_ms
    main.o(i.main) refers to stm32g4xx_hal_tim.o(i.HAL_TIM_Base_Start) for HAL_TIM_Base_Start
    main.o(i.main) refers to stm32g4xx_hal_tim.o(i.HAL_TIM_PWM_Start) for HAL_TIM_PWM_Start
    main.o(i.main) refers to stm32g4xx_hal_tim_ex.o(i.HAL_TIMEx_PWMN_Start) for HAL_TIMEx_PWMN_Start
    main.o(i.main) refers to control_loop.o(i._electricalAngle) for _electricalAngle
    main.o(i.main) refers to delay.o(i.HAL_Delay) for HAL_Delay
    main.o(i.main) refers to f2d.o(.text) for __aeabi_f2d
[...]
    i.HAL_COMP_TriggerCallback               0x08000e4c   Section        0  stm32g4xx_hal_comp.o(i.HAL_COMP_TriggerCallback)
    i.HAL_DAC_ConfigChannel                  0x08000e50   Section        0  stm32g4xx_hal_dac.o(i.HAL_DAC_ConfigChannel)
    i.HAL_DAC_Init                           0x08001004   Section        0  stm32g4xx_hal_dac.o(i.HAL_DAC_Init)
    i.HAL_DAC_MspInit                        0x0800102c   Section        0  dac.o(i.HAL_DAC_MspInit)
    i.HAL_DMA_Abort                          0x080010a4   Section        0  stm32g4xx_hal_dma.o(i.HAL_DMA_Abort)
    i.HAL_DMA_Abort_IT                       0x0800110e   Section        0  stm32g4xx_hal_dma.o(i.HAL_DMA_Abort_IT)
    i.HAL_DMA_IRQHandler                     0x08001186   Section        0  stm32g4xx_hal_dma.o(i.HAL_DMA_IRQHandler)
    i.HAL_DMA_Init                           0x08001240   Section        0  stm32g4xx_hal_dma.o(i.HAL_DMA_Init)
    i.HAL_Delay                              0x08001300   Section        0  delay.o(i.HAL_Delay)
    i.HAL_FDCAN_ActivateNotification         0x08001306   Section        0  stm32g4xx_hal_fdcan.o(i.HAL_FDCAN_ActivateNotification)
    i.HAL_FDCAN_ConfigFilter                 0x080013e6   Section        0  stm32g4xx_hal_fdcan.o(i.HAL_FDCAN_ConfigFilter)
    i.HAL_FDCAN_ErrorCallback                0x08001442   Section        0  stm32g4xx_hal_fdcan.o(i.HAL_FDCAN_ErrorCallback)
    i.HAL_FDCAN_ErrorStatusCallback          0x08001444   Section        0  stm32g4xx_hal_fdcan.o(i.HAL_FDCAN_ErrorStatusCallback)
    i.HAL_FDCAN_GetRxMessage                 0x08001448   Section        0  stm32g4xx_hal_fdcan.o(i.HAL_FDCAN_GetRxMessage)
    i.HAL_FDCAN_HighPriorityMessageCallback  0x08001538   Section        0  stm32g4xx_hal_fdcan.o(i.HAL_FDCAN_HighPriorityMessageCallback)
    i.HAL_FDCAN_IRQHandler                   0x0800153a   Section        0  stm32g4xx_hal_fdcan.o(i.HAL_FDCAN_IRQHandler)
    i.HAL_FDCAN_Init                         0x0800169c   Section        0  stm32g4xx_hal_fdcan.o(i.HAL_FDCAN_Init)
    i.HAL_FDCAN_MspInit                      0x080018a0   Section        0  fdcan.o(i.HAL_FDCAN_MspInit)
    i.HAL_FDCAN_RxFifo0Callback              0x08001910   Section        0  stm32g4xx_hal_fdcan.o(i.HAL_FDCAN_RxFifo0Callback)
    i.HAL_FDCAN_RxFifo1Callback              0x08001912   Section        0  stm32g4xx_hal_fdcan.o(i.HAL_FDCAN_RxFifo1Callback)
    i.HAL_FDCAN_Start                        0x08001914   Section        0  stm32g4xx_hal_fdcan.o(i.HAL_FDCAN_Start)
    i.HAL_FDCAN_TimeoutOccurredCallback      0x08001940   Section        0  stm32g4xx_hal_fdcan.o(i.HAL_FDCAN_TimeoutOccurredCallback)
    i.HAL_FDCAN_TimestampWraparoundCallback  0x08001942   Section        0  stm32g4xx_hal_fdcan.o(i.HAL_FDCAN_TimestampWraparoundCallback)
    i.HAL_FDCAN_TxBufferAbortCallback        0x08001944   Section        0  stm32g4xx_hal_fdcan.o(i.HAL_FDCAN_TxBufferAbortCallback)
    i.HAL_FDCAN_TxBufferCompleteCallback     0x08001946   Section        0  stm32g4xx_hal_fdcan.o(i.HAL_FDCAN_TxBufferCompleteCallback)
    i.HAL_FDCAN_TxEventFifoCallback          0x08001948   Section        0  stm32g4xx_hal_fdcan.o(i.HAL_FDCAN_TxEventFifoCallback)
    i.HAL_FDCAN_TxFifoEmptyCallback          0x0800194a   Section        0  stm32g4xx_hal_fdcan.o(i.HAL_FDCAN_TxFifoEmptyCallback)
    i.HAL_GPIO_EXTI_Callback                 0x0800194c   Section        0  stm32g4xx_hal_gpio.o(i.HAL_GPIO_EXTI_Callback)
    i.HAL_GPIO_EXTI_IRQHandler               0x08001950   Section        0  stm32g4xx_hal_gpio.o(i.HAL_GPIO_EXTI_IRQHandler)
    i.HAL_GPIO_Init                          0x08001968   Section        0  stm32g4xx_hal_gpio.o(i.HAL_GPIO_Init)
    i.HAL_GPIO_WritePin                      0x08001b30   Section        0  stm32g4xx_hal_gpio.o(i.HAL_GPIO_WritePin)
    i.HAL_GetTick                            0x08001b3c   Section        0  stm32g4xx_hal.o(i.HAL_GetTick)
    i.HAL_IncTick                            0x08001b48   Section        0  stm32g4xx_hal.o(i.HAL_IncTick)
    i.HAL_Init                               0x08001b58   Section        0  stm32g4xx_hal.o(i.HAL_Init)
    i.HAL_InitTick                           0x08001b78   Section        0  stm32g4xx_hal.o(i.HAL_InitTick)
    i.HAL_MspInit                            0x08001bbc   Section        0  stm32g4xx_hal_msp.o(i.HAL_MspInit)
    i.HAL_NVIC_EnableIRQ                     0x08001bec   Section        0  stm32g4xx_hal_cortex.o(i.HAL_NVIC_EnableIRQ)
    i.HAL_NVIC_SetPriority                   0x08001c08   Section        0  stm32g4xx_hal_cortex.o(i.HAL_NVIC_SetPriority)
    i.HAL_NVIC_SetPriorityGrouping           0x08001c48   Section        0  stm32g4xx_hal_cortex.o(i.HAL_NVIC_SetPriorityGrouping)
    i.HAL_PWREx_ControlVoltageScaling        0x08001c6c   Section        0  stm32g4xx_hal_pwr_ex.o(i.HAL_PWREx_ControlVoltageScaling)
    i.HAL_PWREx_DisableUCPDDeadBattery       0x08001d28   Section        0  stm32g4xx_hal_pwr_ex.o(i.HAL_PWREx_DisableUCPDDeadBattery)
    i.HAL_RCCEx_PeriphCLKConfig              0x08001d38   Section        0  stm32g4xx_hal_rcc_ex.o(i.HAL_RCCEx_PeriphCLKConfig)
    i.HAL_RCC_ClockConfig                    0x08001fc0   Section        0  stm32g4xx_hal_rcc.o(i.HAL_RCC_ClockConfig)
    i.HAL_RCC_GetHCLKFreq                    0x0800219c   Section        0  stm32g4xx_hal_rcc.o(i.HAL_RCC_GetHCLKFreq)
    i.HAL_RCC_GetPCLK1Freq                   0x080021a8   Section        0  stm32g4xx_hal_rcc.o(i.HAL_RCC_GetPCLK1Freq)
    i.HAL_RCC_GetPCLK2Freq                   0x080021cc   Section        0  stm32g4xx_hal_rcc.o(i.HAL_RCC_GetPCLK2Freq)
    i.HAL_RCC_GetSysClockFreq                0x080021f0   Section        0  stm32g4xx_hal_rcc.o(i.HAL_RCC_GetSysClockFreq)
    i.HAL_RCC_OscConfig                      0x08002260   Section        0  stm32g4xx_hal_rcc.o(i.HAL_RCC_OscConfig)
    i.HAL_SYSTICK_CLKSourceConfig            0x0800266c   Section        0  stm32g4xx_hal_cortex.o(i.HAL_SYSTICK_CLKSourceConfig)
    i.HAL_SYSTICK_Config                     0x08002684   Section        0  stm32g4xx_hal_cortex.o(i.HAL_SYSTICK_Config)
    i.HAL_TIMEx_Break2Callback               0x080026ac   Section        0  stm32g4xx_hal_tim_ex.o(i.HAL_TIMEx_Break2Callback)
    i.HAL_TIMEx_BreakCallback                0x080026ae   Section        0  stm32g4xx_hal_tim_ex.o(i.HAL_TIMEx_BreakCallback)
    i.HAL_TIMEx_CommutCallback               0x080026b0   Section        0  stm32g4xx_hal_tim_ex.o(i.HAL_TIMEx_CommutCallback)
    i.HAL_TIMEx_ConfigBreakDeadTime          0x080026b4   Section        0  stm32g4xx_hal_tim_ex.o(i.HAL_TIMEx_ConfigBreakDeadTime)
    i.HAL_TIMEx_ConfigBreakInput             0x08002760   Section        0  stm32g4xx_hal_tim_ex.o(i.HAL_TIMEx_ConfigBreakInput)
    i.HAL_TIMEx_DirectionChangeCallback      0x0800281e   Section        0  stm32g4xx_hal_tim_ex.o(i.HAL_TIMEx_DirectionChangeCallback)
    i.HAL_TIMEx_EncoderIndexCallback         0x08002820   Section        0  stm32g4xx_hal_tim_ex.o(i.HAL_TIMEx_EncoderIndexCallback)
    i.HAL_TIMEx_IndexErrorCallback           0x08002822   Section        0  stm32g4xx_hal_tim_ex.o(i.HAL_TIMEx_IndexErrorCallback)
    i.HAL_TIMEx_MasterConfigSynchronization  0x08002824   Section        0  stm32g4xx_hal_tim_ex.o(i.HAL_TIMEx_MasterConfigSynchronization)
    i.HAL_TIMEx_PWMN_Start                   0x080028c0   Section        0  stm32g4xx_hal_tim_ex.o(i.HAL_TIMEx_PWMN_Start)
    i.HAL_TIMEx_TransitionErrorCallback      0x08002978   Section        0  stm32g4xx_hal_tim_ex.o(i.HAL_TIMEx_TransitionErrorCallback)
    i.HAL_TIM_Base_Init                      0x0800297a   Section        0  stm32g4xx_hal_tim.o(i.HAL_TIM_Base_Init)
    i.HAL_TIM_Base_MspInit                   0x080029dc   Section        0  tim.o(i.HAL_TIM_Base_MspInit)
    i.HAL_TIM_Base_Start                     0x08002a98   Section        0  stm32g4xx_hal_tim.o(i.HAL_TIM_Base_Start)
    i.HAL_TIM_ConfigClockSource              0x08002b04   Section        0  stm32g4xx_hal_tim.o(i.HAL_TIM_ConfigClockSource)
    i.HAL_TIM_IC_CaptureCallback             0x08002bfc   Section        0  stm32g4xx_hal_tim.o(i.HAL_TIM_IC_CaptureCallback)
    i.HAL_TIM_IRQHandler                     0x08002bfe   Section        0  stm32g4xx_hal_tim.o(i.HAL_TIM_IRQHandler)
    i.HAL_TIM_MspPostInit                    0x08002dfc   Section        0  tim.o(i.HAL_TIM_MspPostInit)
    i.HAL_TIM_OC_DelayElapsedCallback        0x08002e90   Section        0  stm32g4xx_hal_tim.o(i.HAL_TIM_OC_DelayElapsedCallback)
    i.HAL_TIM_PWM_ConfigChannel              0x08002e92   Section        0  stm32g4xx_hal_tim.o(i.HAL_TIM_PWM_ConfigChannel)
    i.HAL_TIM_PWM_Init                       0x08002fb0   Section        0  stm32g4xx_hal_tim.o(i.HAL_TIM_PWM_Init)
    i.HAL_TIM_PWM_MspInit                    0x08003012   Section        0  stm32g4xx_hal_tim.o(i.HAL_TIM_PWM_MspInit)
    i.HAL_TIM_PWM_PulseFinishedCallback      0x08003014   Section        0  stm32g4xx_hal_tim.o(i.HAL_TIM_PWM_PulseFinishedCallback)
    i.HAL_TIM_PWM_Start                      0x08003018   Section        0  stm32g4xx_hal_tim.o(i.HAL_TIM_PWM_Start)
    i.HAL_TIM_PeriodElapsedCallback          0x08003114   Section        0  stm32g4xx_hal_tim.o(i.HAL_TIM_PeriodElapsedCallback)
    i.HAL_TIM_TriggerCallback                0x08003116   Section        0  stm32g4xx_hal_tim.o(i.HAL_TIM_TriggerCallback)
    i.HAL_UARTEx_DisableFifoMode             0x08003118   Section        0  stm32g4xx_hal_uart_ex.o(i.HAL_UARTEx_DisableFifoMode)
    i.HAL_UARTEx_RxEventCallback             0x08003156   Section        0  stm32g4xx_hal_uart.o(i.HAL_UARTEx_RxEventCallback)
    i.HAL_UARTEx_RxFifoFullCallback          0x08003158   Section        0  stm32g4xx_hal_uart_ex.o(i.HAL_UARTEx_RxFifoFullCallback)
    i.HAL_UARTEx_SetRxFifoThreshold          0x0800315a   Section        0  stm32g4xx_hal_uart_ex.o(i.HAL_UARTEx_SetRxFifoThreshold)
    i.HAL_UARTEx_SetTxFifoThreshold          0x080031a6   Section        0  stm32g4xx_hal_uart_ex.o(i.HAL_UARTEx_SetTxFifoThreshold)
    i.HAL_UARTEx_TxFifoEmptyCallback         0x080031f2   Section        0  stm32g4xx_hal_uart_ex.o(i.HAL_UARTEx_TxFifoEmptyCallback)
    i.HAL_UARTEx_WakeupCallback              0x080031f4   Section        0  stm32g4xx_hal_uart_ex.o(i.HAL_UARTEx_WakeupCallback)
    i.HAL_UART_ErrorCallback                 0x080031f6   Section        0  stm32g4xx_hal_uart.o(i.HAL_UART_ErrorCallback)
    i.HAL_UART_IRQHandler                    0x080031f8   Section        0  stm32g4xx_hal_uart.o(i.HAL_UART_IRQHandler)
    i.HAL_UART_Init                          0x0800347c   Section        0  stm32g4xx_hal_uart.o(i.HAL_UART_Init)
    i.HAL_UART_MspInit                       0x080034e8   Section        0  usart.o(i.HAL_UART_MspInit)
    i.HAL_UART_TxCpltCallback                0x08003590   Section        0  stm32g4xx_hal_uart.o(i.HAL_UART_TxCpltCallback)
    i.HardFault_Handler                      0x08003592   Section        0  stm32g4xx_it.o(i.HardFault_Handler)
    i.LL_ADC_INJ_IsConversionOngoing         0x08003594   Section        0  stm32g4xx_hal_adc.o(i.LL_ADC_INJ_IsConversionOngoing)
    LL_ADC_INJ_IsConversionOngoing           0x08003595   Thumb Code     8  stm32g4xx_hal_adc.o(i.LL_ADC_INJ_IsConversionOngoing)
    i.LL_ADC_REG_IsConversionOngoing         0x0800359c   Section        0  stm32g4xx_hal_adc.o(i.LL_ADC_REG_IsConversionOngoing)
    LL_ADC_REG_IsConversionOngoing           0x0800359d   Thumb Code     8  stm32g4xx_hal_adc.o(i.LL_ADC_REG_IsConversionOngoing)
    i.LL_ADC_REG_IsTriggerSourceSWStart      0x080035a4   Section        0  stm32g4xx_hal_adc.o(i.LL_ADC_REG_IsTriggerSourceSWStart)
    LL_ADC_REG_IsTriggerSourceSWStart        0x080035a5   Thumb Code    16  stm32g4xx_hal_adc.o(i.LL_ADC_REG_IsTriggerSourceSWStart)
    i.MX_COMP1_Init                          0x080035b4   Section        0  comp.o(i.MX_COMP1_Init)
    i.MX_DAC1_Init                           0x080035ec   Section        0  dac.o(i.MX_DAC1_Init)
    i.MX_DAC3_Init                           0x08003644   Section        0  dac.o(i.MX_DAC3_Init)
    i.MX_DMA_Init                            0x0800369c   Section        0  dma.o(i.MX_DMA_Init)
    i.MX_FDCAN1_Init                         0x080036d8   Section        0  fdcan.o(i.MX_FDCAN1_Init)
    i.MX_GPIO_Init                           0x0800372c   Section        0  gpio.o(i.MX_GPIO_Init)
    i.MX_TIM1_Init                           0x080037d0   Section        0  tim.o(i.MX_TIM1_Init)
    i.MX_USART3_UART_Init                    0x08003910   Section        0  usart.o(i.MX_USART3_UART_Init)
    i.MemManage_Handler                      0x08003978   Section        0  stm32g4xx_it.o(i.MemManage_Handler)
    i.NMI_Handler                            0x0800397a   Section        0  stm32g4xx_it.o(i.NMI_Handler)
    i.PendSV_Handler                         0x0800397c   Section        0  stm32g4xx_it.o(i.PendSV_Handler)
    i.SVC_Handler                            0x0800397e   Section        0  stm32g4xx_it.o(i.SVC_Handler)
    i.SysTick_Handler                        0x08003980   Section        0  stm32g4xx_it.o(i.SysTick_Handler)
    i.SystemClock_Config                     0x08003984   Section        0  main.o(i.SystemClock_Config)
    i.SystemInit                             0x08003a0c   Section        0  system_stm32g4xx.o(i.SystemInit)
    i.TIM1_BRK_TIM15_IRQHandler              0x08003a1c   Section        0  stm32g4xx_it.o(i.TIM1_BRK_TIM15_IRQHandler)
    i.TIM1_CC_IRQHandler                     0x08003a28   Section        0  stm32g4xx_it.o(i.TIM1_CC_IRQHandler)
    i.TIM1_UP_TIM16_IRQHandler               0x08003a34   Section        0  stm32g4xx_it.o(i.TIM1_UP_TIM16_IRQHandler)
    i.TIM4_IRQHandler                        0x08003a40   Section        0  stm32g4xx_it.o(i.TIM4_IRQHandler)
    i.TIM_Base_SetConfig                     0x08003a4c   Section        0  stm32g4xx_hal_tim.o(i.TIM_Base_SetConfig)
    i.TIM_CCxChannelCmd                      0x08003afc   Section        0  stm32g4xx_hal_tim.o(i.TIM_CCxChannelCmd)
    i.TIM_CCxNChannelCmd                     0x08003b16   Section        0  stm32g4xx_hal_tim_ex.o(i.TIM_CCxNChannelCmd)
    TIM_CCxNChannelCmd                       0x08003b17   Thumb Code    26  stm32g4xx_hal_tim_ex.o(i.TIM_CCxNChannelCmd)
    i.TIM_ETR_SetConfig                      0x08003b30   Section        0  stm32g4xx_hal_tim.o(i.TIM_ETR_SetConfig)
    i.TIM_ITRx_SetConfig                     0x08003b44   Section        0  stm32g4xx_hal_tim.o(i.TIM_ITRx_SetConfig)
    TIM_ITRx_SetConfig                       0x08003b45   Thumb Code    16  stm32g4xx_hal_tim.o(i.TIM_ITRx_SetConfig)
    i.TIM_OC1_SetConfig                      0x08003b58   Section        0  stm32g4xx_hal_tim.o(i.TIM_OC1_SetConfig)
    TIM_OC1_SetConfig                        0x08003b59   Thumb Code   132  stm32g4xx_hal_tim.o(i.TIM_OC1_SetConfig)
    i.TIM_OC2_SetConfig                      0x08003bf4   Section        0  stm32g4xx_hal_tim.o(i.TIM_OC2_SetConfig)
    i.TIM_OC3_SetConfig                      0x08003c84   Section        0  stm32g4xx_hal_tim.o(i.TIM_OC3_SetConfig)
    TIM_OC3_SetConfig                        0x08003c85   Thumb Code   118  stm32g4xx_hal_tim.o(i.TIM_OC3_SetConfig)
    i.TIM_OC4_SetConfig                      0x08003d14   Section        0  stm32g4xx_hal_tim.o(i.TIM_OC4_SetConfig)
    TIM_OC4_SetConfig                        0x08003d15   Thumb Code   120  stm32g4xx_hal_tim.o(i.TIM_OC4_SetConfig)
    i.TIM_OC5_SetConfig                      0x08003da4   Section        0  stm32g4xx_hal_tim.o(i.TIM_OC5_SetConfig)
    TIM_OC5_SetConfig                        0x08003da5   Thumb Code    86  stm32g4xx_hal_tim.o(i.TIM_OC5_SetConfig)
    i.TIM_OC6_SetConfig                      0x08003e14   Section        0  stm32g4xx_hal_tim.o(i.TIM_OC6_SetConfig)
    TIM_OC6_SetConfig                        0x08003e15   Thumb Code    88  stm32g4xx_hal_tim.o(i.TIM_OC6_SetConfig)
    i.TIM_TI1_ConfigInputStage               0x08003e84   Section        0  stm32g4xx_hal_tim.o(i.TIM_TI1_ConfigInputStage)
    TIM_TI1_ConfigInputStage                 0x08003e85   Thumb Code    34  stm32g4xx_hal_tim.o(i.TIM_TI1_ConfigInputStage)
    i.TIM_TI2_ConfigInputStage               0x08003ea6   Section        0  stm32g4xx_hal_tim.o(i.TIM_TI2_ConfigInputStage)
    TIM_TI2_ConfigInputStage                 0x08003ea7   Thumb Code    36  stm32g4xx_hal_tim.o(i.TIM_TI2_ConfigInputStage)
    i.UARTEx_SetNbDataToProcess              0x08003ecc   Section        0  stm32g4xx_hal_uart_ex.o(i.UARTEx_SetNbDataToProcess)
    UARTEx_SetNbDataToProcess                0x08003ecd   Thumb Code    62  stm32g4xx_hal_uart_ex.o(i.UARTEx_SetNbDataToProcess)
    i.UART_AdvFeatureConfig                  0x08003f10   Section        0  stm32g4xx_hal_uart.o(i.UART_AdvFeatureConfig)
    i.UART_CheckIdleState                    0x08003fd8   Section        0  stm32g4xx_hal_uart.o(i.UART_CheckIdleState)
    i.UART_DMAAbortOnError                   0x08004038   Section        0  stm32g4xx_hal_uart.o(i.UART_DMAAbortOnError)
    UART_DMAAbortOnError                     0x08004039   Thumb Code    20  stm32g4xx_hal_uart.o(i.UART_DMAAbortOnError)
    i.UART_EndRxTransfer                     0x0800404c   Section        0  stm32g4xx_hal_uart.o(i.UART_EndRxTransfer)
    UART_EndRxTransfer                       0x0800404d   Thumb Code    50  stm32g4xx_hal_uart.o(i.UART_EndRxTransfer)
    i.UART_SetConfig                         0x08004084   Section        0  stm32g4xx_hal_uart.o(i.UART_SetConfig)
    i.UART_WaitOnFlagUntilTimeout            0x080042f8   Section        0  stm32g4xx_hal_uart.o(i.UART_WaitOnFlagUntilTimeout)
    i.USART3_IRQHandler                      0x0800439c   Section        0  stm32g4xx_it.o(i.USART3_IRQHandler)
    i.UsageFault_Handler                     0x080043a8   Section        0  stm32g4xx_it.o(i.UsageFault_Handler)
    i.__0printf                              0x080043ac   Section        0  printfa.o(i.__0printf)
    i.__NVIC_SetPriority                     0x080043cc   Section        0  stm32g4xx_hal_cortex.o(i.__NVIC_SetPriority)
    __NVIC_SetPriority                       0x080043cd   Thumb Code    32  stm32g4xx_hal_cortex.o(i.__NVIC_SetPriority)
    i.__hardfp_fmod                          0x080043ec   Section        0  fmod.o(i.__hardfp_fmod)
    i.__mathlib_dbl_invalid                  0x080044f0   Section        0  dunder.o(i.__mathlib_dbl_invalid)
    i.__scatterload_copy                     0x08004510   Section       14  handlers.o(i.__scatterload_copy)
    i.__scatterload_null                     0x0800451e   Section        2  handlers.o(i.__scatterload_null)
    i.__scatterload_zeroinit                 0x08004520   Section       14  handlers.o(i.__scatterload_zeroinit)
    i.__set_errno                            0x08004530   Section        0  errno.o(i.__set_errno)
    i._electricalAngle                       0x0800453c   Section        0  control_loop.o(i._electricalAngle)
    i._fp_digits                             0x0800456c   Section        0  printfa.o(i._fp_digits)
    _fp_digits                               0x0800456d   Thumb Code   366  printfa.o(i._fp_digits)
    i._normalizeAngle                        0x080046f0   Section        0  control_loop.o(i._normalizeAngle)
    i._printf_core                           0x08004734   Section        0  printfa.o(i._printf_core)
    _printf_core                             0x08004735   Thumb Code  1704  printfa.o(i._printf_core)
    i._printf_post_padding                   0x08004de8   Section        0  printfa.o(i._printf_post_padding)
    _printf_post_padding                     0x08004de9   Thumb Code    36  printfa.o(i._printf_post_padding)
    i._printf_pre_padding                    0x08004e0c   Section        0  printfa.o(i._printf_pre_padding)
    _printf_pre_padding                      0x08004e0d   Thumb Code    46  printfa.o(i._printf_pre_padding)
    i.delay_init                             0x08004e3c   Section        0  delay.o(i.delay_init)
    i.delay_ms                               0x08004e50   Section        0  delay.o(i.delay_ms)
    i.delay_us                               0x08004e5c   Section        0  delay.o(i.delay_us)
    i.fputc                                  0x08004e90   Section        0  main.o(i.fputc)
    i.main                                   0x08004ea8   Section        0  main.o(i.main)
    .constdata                               0x08004f9c   Section       16  stm32g4xx_hal_fdcan.o(.constdata)
    DLCtoBytes                               0x08004f9c   Data          16  stm32g4xx_hal_fdcan.o(.constdata)
    .constdata                               0x08004fac   Section       24  stm32g4xx_hal_uart.o(.constdata)
    .constdata                               0x08004fc4   Section       16  stm32g4xx_hal_uart_ex.o(.constdata)
    numerator                                0x08004fc4   Data           8  stm32g4xx_hal_uart_ex.o(.constdata)
    denominator                              0x08004fcc   Data           8  stm32g4xx_hal_uart_ex.o(.constdata)
    .constdata                               0x08004fd4   Section       16  system_stm32g4xx.o(.constdata)
    .constdata                               0x08004fe4   Section        8  system_stm32g4xx.o(.constdata)
    .data                                    0x20000000   Section        4  main.o(.data)
    .data                                    0x20000004   Section        4  main.o(.data)
    .data                                    0x20000008   Section       16  main.o(.data)
    .data                                    0x20000018   Section        4  delay.o(.data)
    g_fac_us                                 0x20000018   Data           4  delay.o(.data)
    .data                                    0x2000001c   Section       12  stm32g4xx_hal.o(.data)
    .data                                    0x20000028   Section        4  system_stm32g4xx.o(.data)
    .data                                    0x2000002c   Section        4  stdout.o(.data)
    .data                                    0x20000030   Section        4  errno.o(.data)
    _errno                                   0x20000030   Data           4  errno.o(.data)
    .bss                                     0x20000034   Section       40  main.o(.bss)
    .bss                                     0x2000005c   Section       36  main.o(.bss)
    .bss                                     0x20000080   Section      216  adc.o(.bss)
    .bss                                     0x20000158   Section       36  comp.o(.bss)
    .bss                                     0x2000017c   Section       40  dac.o(.bss)
    .bss                                     0x200001a4   Section      100  fdcan.o(.bss)
    .bss                                     0x20000208   Section      152  tim.o(.bss)
    .bss                                     0x200002a0   Section      240  usart.o(.bss)
    STACK                                    0x20000390   Section     1024  startup_stm32g431xx.o(STACK)

    Global Symbols

    Symbol Name                              Value     Ov Type        Size  Object(Section)

    BuildAttributes$$THM_ISAv4$E$P$D$K$B$S$7EM$VFPi3$EXTD16$VFPS$VFMA$PE$A:L22UL41UL21$X:L11$S22US41US21$IEEE1$IW$USESV6$~STKCKD$USESV7$~SHL$OTIME$ROPI$IEEEX$EBA8$MICROLIB$REQ8$PRES8$EABIv2 0x00000000   Number         0  anon$$obj.o ABSOLUTE
    __ARM_use_no_argv                        0x00000000   Number         0  main.o ABSOLUTE
    _printf_a                                0x00000000   Number         0  stubs.o ABSOLUTE
    _printf_c                                0x00000000   Number         0  stubs.o ABSOLUTE
    _printf_charcount                        0x00000000   Number         0  stubs.o ABSOLUTE
    _printf_d                                0x00000000   Number         0  stubs.o ABSOLUTE
    _printf_e                                0x00000000   Number         0  stubs.o ABSOLUTE
    _printf_f                                0x00000000   Number         0  stubs.o ABSOLUTE
    _printf_flags                            0x00000000   Number         0  stubs.o ABSOLUTE
    _printf_fp_dec                           0x00000000   Number         0  stubs.o ABSOLUTE
    _printf_fp_hex                           0x00000000   Number         0  stubs.o ABSOLUTE
    _printf_g                                0x00000000   Number         0  stubs.o ABSOLUTE
    _printf_i                                0x00000000   Number         0  stubs.o ABSOLUTE
    _printf_int_dec                          0x00000000   Number         0  stubs.o ABSOLUTE
    _printf_l                                0x00000000   Number         0  stubs.o ABSOLUTE
    _printf_lc                               0x00000000   Number         0  stubs.o ABSOLUTE
    _printf_ll                               0x00000000   Number         0  stubs.o ABSOLUTE
    _printf_lld                              0x00000000   Number         0  stubs.o ABSOLUTE
    _printf_lli                              0x00000000   Number         0  stubs.o ABSOLUTE
    _printf_llo                              0x00000000   Number         0  stubs.o ABSOLUTE
    _printf_llu                              0x00000000   Number         0  stubs.o ABSOLUTE
    _printf_llx                              0x00000000   Number         0  stubs.o ABSOLUTE
    _printf_longlong_dec                     0x00000000   Number         0  stubs.o ABSOLUTE
    _printf_longlong_hex                     0x00000000   Number         0  stubs.o ABSOLUTE
    _printf_longlong_oct                     0x00000000   Number         0  stubs.o ABSOLUTE
    _printf_ls                               0x00000000   Number         0  stubs.o ABSOLUTE
    _printf_mbtowc                           0x00000000   Number         0  stubs.o ABSOLUTE
    _printf_n                                0x00000000   Number         0  stubs.o ABSOLUTE
    _printf_o                                0x00000000   Number         0  stubs.o ABSOLUTE
    _printf_p                                0x00000000   Number         0  stubs.o ABSOLUTE
    _printf_percent                          0x00000000   Number         0  stubs.o ABSOLUTE
    _printf_pre_padding                      0x00000000   Number         0  stubs.o ABSOLUTE
    _printf_return_value                     0x00000000   Number         0  stubs.o ABSOLUTE
    _printf_s                                0x00000000   Number         0  stubs.o ABSOLUTE
    _printf_sizespec                         0x00000000   Number         0  stubs.o ABSOLUTE
    _printf_str                              0x00000000   Number         0  stubs.o ABSOLUTE
    _printf_truncate_signed                  0x00000000   Number         0  stubs.o ABSOLUTE
    _printf_truncate_unsigned                0x00000000   Number         0  stubs.o ABSOLUTE
    _printf_u                                0x00000000   Number         0  stubs.o ABSOLUTE
    _printf_wc                               0x00000000   Number         0  stubs.o ABSOLUTE
    _printf_wctomb                           0x00000000   Number         0  stubs.o ABSOLUTE
    _printf_widthprec                        0x00000000   Number         0  stubs.o ABSOLUTE
    _printf_x                                0x00000000   Number         0  stubs.o ABSOLUTE
    __arm_fini_                               - Undefined Weak Reference
    __cpp_initialize__aeabi_                  - Undefined Weak Reference
    __cxa_finalize                            - Undefined Weak Reference
    __decompress                              - Undefined Weak Reference
    _clock_init                               - Undefined Weak Reference
    _microlib_exit                            - Undefined Weak Reference
    __Vectors_Size                           0x000001d8   Number         0  startup_stm32g431xx.o ABSOLUTE
    __Vectors                                0x08000000   Data           4  startup_stm32g431xx.o(RESET)
    __Vectors_End                            0x080001d8   Data           0  startup_stm32g431xx.o(RESET)
    __main                                   0x080001d9   Thumb Code     0  entry.o(.ARM.Collect$$$$00000000)
    _main_stk                                0x080001d9   Thumb Code     0  entry2.o(.ARM.Collect$$$$00000001)
    _main_scatterload                        0x080001dd   Thumb Code     0  entry5.o(.ARM.Collect$$$$00000004)
    __main_after_scatterload                 0x080001e1   Thumb Code     0  entry5.o(.ARM.Collect$$$$00000004)
    _main_clock                              0x080001e1   Thumb Code     0  entry7b.o(.ARM.Collect$$$$00000008)
    _main_cpp_init                           0x080001e1   Thumb Code     0  entry8b.o(.ARM.Collect$$$$0000000A)
    _main_init                               0x080001e1   Thumb Code     0  entry9a.o(.ARM.Collect$$$$0000000B)
    __rt_lib_shutdown_fini                   0x080001e9   Thumb Code     0  entry12b.o(.ARM.Collect$$$$0000000E)
    __rt_final_cpp                           0x080001ed   Thumb Code     0  entry10a.o(.ARM.Collect$$$$0000000F)
    __rt_final_exit                          0x080001ed   Thumb Code     0  entry11a.o(.ARM.Collect$$$$00000011)
    Reset_Handler                            0x080001f1   Thumb Code     8  startup_stm32g431xx.o(.text)
    COMP4_IRQHandler                         0x0800020b   Thumb Code     0  startup_stm32g431xx.o(.text)
    CORDIC_IRQHandler                        0x0800020b   Thumb Code     0  startup_stm32g431xx.o(.text)
    CRS_IRQHandler                           0x0800020b   Thumb Code     0  startup_stm32g431xx.o(.text)
    DMA1_Channel2_IRQHandler                 0x0800020b   Thumb Code     0  startup_stm32g431xx.o(.text)
    DMA1_Channel3_IRQHandler                 0x0800020b   Thumb Code     0  startup_stm32g431xx.o(.text)
    DMA1_Channel4_IRQHandler                 0x0800020b   Thumb Code     0  startup_stm32g431xx.o(.text)
    DMA1_Channel5_IRQHandler                 0x0800020b   Thumb Code     0  startup_stm32g431xx.o(.text)
    DMA1_Channel6_IRQHandler                 0x0800020b   Thumb Code     0  startup_stm32g431xx.o(.text)
    DMA2_Channel1_IRQHandler                 0x0800020b   Thumb Code     0  startup_stm32g431xx.o(.text)
    DMA2_Channel2_IRQHandler                 0x0800020b   Thumb Code     0  startup_stm32g431xx.o(.text)
    DMA2_Channel3_IRQHandler                 0x0800020b   Thumb Code     0  startup_stm32g431xx.o(.text)
    DMA2_Channel4_IRQHandler                 0x0800020b   Thumb Code     0  startup_stm32g431xx.o(.text)
    DMA2_Channel5_IRQHandler                 0x0800020b   Thumb Code     0  startup_stm32g431xx.o(.text)
    DMA2_Channel6_IRQHandler                 0x0800020b   Thumb Code     0  startup_stm32g431xx.o(.text)
    DMAMUX_OVR_IRQHandler                    0x0800020b   Thumb Code     0  startup_stm32g431xx.o(.text)
    EXTI0_IRQHandler                         0x0800020b   Thumb Code     0  startup_stm32g431xx.o(.text)
    EXTI1_IRQHandler                         0x0800020b   Thumb Code     0  startup_stm32g431xx.o(.text)
    EXTI2_IRQHandler                         0x0800020b   Thumb Code     0  startup_stm32g431xx.o(.text)
    EXTI3_IRQHandler                         0x0800020b   Thumb Code     0  startup_stm32g431xx.o(.text)
    EXTI4_IRQHandler                         0x0800020b   Thumb Code     0  startup_stm32g431xx.o(.text)
    EXTI9_5_IRQHandler                       0x0800020b   Thumb Code     0  startup_stm32g431xx.o(.text)
    FDCAN1_IT1_IRQHandler                    0x0800020b   Thumb Code     0  startup_stm32g431xx.o(.text)
    FLASH_IRQHandler                         0x0800020b   Thumb Code     0  startup_stm32g431xx.o(.text)
    FMAC_IRQHandler                          0x0800020b   Thumb Code     0  startup_stm32g431xx.o(.text)
    FPU_IRQHandler                           0x0800020b   Thumb Code     0  startup_stm32g431xx.o(.text)
    I2C1_ER_IRQHandler                       0x0800020b   Thumb Code     0  startup_stm32g431xx.o(.text)
    I2C1_EV_IRQHandler                       0x0800020b   Thumb Code     0  startup_stm32g431xx.o(.text)
    I2C2_ER_IRQHandler                       0x0800020b   Thumb Code     0  startup_stm32g431xx.o(.text)
    I2C2_EV_IRQHandler                       0x0800020b   Thumb Code     0  startup_stm32g431xx.o(.text)
    I2C3_ER_IRQHandler                       0x0800020b   Thumb Code     0  startup_stm32g431xx.o(.text)
    I2C3_EV_IRQHandler                       0x0800020b   Thumb Code     0  startup_stm32g431xx.o(.text)
    LPTIM1_IRQHandler                        0x0800020b   Thumb Code     0  startup_stm32g431xx.o(.text)
    LPUART1_IRQHandler                       0x0800020b   Thumb Code     0  startup_stm32g431xx.o(.text)
    PVD_PVM_IRQHandler                       0x0800020b   Thumb Code     0  startup_stm32g431xx.o(.text)
    RCC_IRQHandler                           0x0800020b   Thumb Code     0  startup_stm32g431xx.o(.text)
    RNG_IRQHandler                           0x0800020b   Thumb Code     0  startup_stm32g431xx.o(.text)
    RTC_Alarm_IRQHandler                     0x0800020b   Thumb Code     0  startup_stm32g431xx.o(.text)
    RTC_TAMP_LSECSS_IRQHandler               0x0800020b   Thumb Code     0  startup_stm32g431xx.o(.text)
    RTC_WKUP_IRQHandler                      0x0800020b   Thumb Code     0  startup_stm32g431xx.o(.text)
    SAI1_IRQHandler                          0x0800020b   Thumb Code     0  startup_stm32g431xx.o(.text)
    SPI1_IRQHandler                          0x0800020b   Thumb Code     0  startup_stm32g431xx.o(.text)
    SPI2_IRQHandler                          0x0800020b   Thumb Code     0  startup_stm32g431xx.o(.text)
    SPI3_IRQHandler                          0x0800020b   Thumb Code     0  startup_stm32g431xx.o(.text)
    TIM1_TRG_COM_TIM17_IRQHandler            0x0800020b   Thumb Code     0  startup_stm32g431xx.o(.text)
    TIM2_IRQHandler                          0x0800020b   Thumb Code     0  startup_stm32g431xx.o(.text)
    TIM3_IRQHandler                          0x0800020b   Thumb Code     0  startup_stm32g431xx.o(.text)
    TIM6_DAC_IRQHandler                      0x0800020b   Thumb Code     0  startup_stm32g431xx.o(.text)
    TIM7_IRQHandler                          0x0800020b   Thumb Code     0  startup_stm32g431xx.o(.text)
    TIM8_BRK_IRQHandler                      0x0800020b   Thumb Code     0  startup_stm32g431xx.o(.text)
    TIM8_CC_IRQHandler                       0x0800020b   Thumb Code     0  startup_stm32g431xx.o(.text)
    TIM8_TRG_COM_IRQHandler                  0x0800020b   Thumb Code     0  startup_stm32g431xx.o(.text)
    TIM8_UP_IRQHandler                       0x0800020b   Thumb Code     0  startup_stm32g431xx.o(.text)
    UART4_IRQHandler                         0x0800020b   Thumb Code     0  startup_stm32g431xx.o(.text)
    UCPD1_IRQHandler                         0x0800020b   Thumb Code     0  startup_stm32g431xx.o(.text)
    USART1_IRQHandler                        0x0800020b   Thumb Code     0  startup_stm32g431xx.o(.text)
    USART2_IRQHandler                        0x0800020b   Thumb Code     0  startup_stm32g431xx.o(.text)
    USBWakeUp_IRQHandler                     0x0800020b   Thumb Code     0  startup_stm32g431xx.o(.text)
    USB_HP_IRQHandler                        0x0800020b   Thumb Code     0  startup_stm32g431xx.o(.text)
    USB_LP_IRQHandler                        0x0800020b   Thumb Code     0  startup_stm32g431xx.o(.text)
    WWDG_IRQHandler                          0x0800020b   Thumb Code     0  startup_stm32g431xx.o(.text)
    __aeabi_uldivmod                         0x08000215   Thumb Code    98  uldiv.o(.text)
    __aeabi_memset                           0x08000277   Thumb Code    14  memseta.o(.text)
    __aeabi_memset4                          0x08000277   Thumb Code     0  memseta.o(.text)
    __aeabi_memset8                          0x08000277   Thumb Code     0  memseta.o(.text)
    __aeabi_memclr                           0x08000285   Thumb Code     4  memseta.o(.text)
    __aeabi_memclr4                          0x08000285   Thumb Code     0  memseta.o(.text)
    __aeabi_memclr8                          0x08000285   Thumb Code     0  memseta.o(.text)
    _memset$wrapper                          0x08000289   Thumb Code    18  memseta.o(.text)
    __aeabi_dadd                             0x0800029b   Thumb Code   322  dadd.o(.text)
    __aeabi_dsub                             0x080003dd   Thumb Code     6  dadd.o(.text)
    __aeabi_drsub                            0x080003e3   Thumb Code     6  dadd.o(.text)
    __aeabi_dmul                             0x080003e9   Thumb Code   228  dmul.o(.text)
    __aeabi_f2d                              0x080004cd   Thumb Code    38  f2d.o(.text)
    __aeabi_d2f                              0x080004f3   Thumb Code    56  d2f.o(.text)
    __aeabi_uidiv                            0x0800052b   Thumb Code     0  uidiv.o(.text)
    __aeabi_uidivmod                         0x0800052b   Thumb Code    44  uidiv.o(.text)
    __aeabi_llsl                             0x08000557   Thumb Code    30  llshl.o(.text)
    _ll_shift_l                              0x08000557   Thumb Code     0  llshl.o(.text)
    __aeabi_llsr                             0x08000575   Thumb Code    32  llushr.o(.text)
    _ll_ushift_r                             0x08000575   Thumb Code     0  llushr.o(.text)
    __aeabi_lasr                             0x08000595   Thumb Code    36  llsshr.o(.text)
    _ll_sshift_r                             0x08000595   Thumb Code     0  llsshr.o(.text)
    __I$use$fp                               0x080005b9   Thumb Code     0  iusefp.o(.text)
    _float_round                             0x080005b9   Thumb Code    18  fepilogue.o(.text)
    _float_epilogue                          0x080005cb   Thumb Code    92  fepilogue.o(.text)
    _double_round                            0x08000627   Thumb Code    30  depilogue.o(.text)
    _double_epilogue                         0x08000645   Thumb Code   156  depilogue.o(.text)
    __aeabi_ddiv                             0x080006e1   Thumb Code   222  ddiv.o(.text)
    _drem                                    0x080007bf   Thumb Code   134  drem.o(.text)
    __aeabi_d2ulz                            0x08000845   Thumb Code    48  dfixul.o(.text)
    __aeabi_cdrcmple                         0x08000875   Thumb Code    48  cdrcmple.o(.text)
    __scatterload                            0x080008a5   Thumb Code    28  init.o(.text)
    __scatterload_rt2                        0x080008a5   Thumb Code     0  init.o(.text)
    ADC1_2_IRQHandler                        0x080008c9   Thumb Code    18  stm32g4xx_it.o(i.ADC1_2_IRQHandler)
    BusFault_Handler                         0x080008e5   Thumb Code     2  stm32g4xx_it.o(i.BusFault_Handler)
    COMP1_2_3_IRQHandler                     0x080008e9   Thumb Code     6  stm32g4xx_it.o(i.COMP1_2_3_IRQHandler)
    DMA1_Channel1_IRQHandler                 0x080008f5   Thumb Code     6  stm32g4xx_it.o(i.DMA1_Channel1_IRQHandler)
    DebugMon_Handler                         0x08000965   Thumb Code     2  stm32g4xx_it.o(i.DebugMon_Handler)
    EXTI15_10_IRQHandler                     0x08000967   Thumb Code    30  stm32g4xx_it.o(i.EXTI15_10_IRQHandler)
    Error_Handler                            0x08000985   Thumb Code     4  main.o(i.Error_Handler)
    FDCAN1_IT0_IRQHandler                    0x08000989   Thumb Code    24  stm32g4xx_it.o(i.FDCAN1_IT0_IRQHandler)
    FDCAN_Config                             0x080009ad   Thumb Code    82  main.o(i.FDCAN_Config)
    HAL_ADCEx_EndOfSamplingCallback          0x08000a09   Thumb Code     2  stm32g4xx_hal_adc_ex.o(i.HAL_ADCEx_EndOfSamplingCallback)
    HAL_ADCEx_InjectedConvCpltCallback       0x08000a0b   Thumb Code     2  stm32g4xx_hal_adc_ex.o(i.HAL_ADCEx_InjectedConvCpltCallback)
    HAL_ADCEx_InjectedQueueOverflowCallback  0x08000a0d   Thumb Code     2  stm32g4xx_hal_adc_ex.o(i.HAL_ADCEx_InjectedQueueOverflowCallback)
    HAL_ADCEx_LevelOutOfWindow2Callback      0x08000a0f   Thumb Code     2  stm32g4xx_hal_adc_ex.o(i.HAL_ADCEx_LevelOutOfWindow2Callback)
    HAL_ADCEx_LevelOutOfWindow3Callback      0x08000a11   Thumb Code     2  stm32g4xx_hal_adc_ex.o(i.HAL_ADCEx_LevelOutOfWindow3Callback)
    HAL_ADC_ConvCpltCallback                 0x08000a13   Thumb Code     2  stm32g4xx_hal_adc.o(i.HAL_ADC_ConvCpltCallback)
    HAL_ADC_ErrorCallback                    0x08000a15   Thumb Code     2  stm32g4xx_hal_adc.o(i.HAL_ADC_ErrorCallback)
    HAL_ADC_IRQHandler                       0x08000a19   Thumb Code   612  stm32g4xx_hal_adc.o(i.HAL_ADC_IRQHandler)
    HAL_ADC_LevelOutOfWindowCallback         0x08000c85   Thumb Code     2  stm32g4xx_hal_adc.o(i.HAL_ADC_LevelOutOfWindowCallback)
    HAL_COMP_IRQHandler                      0x08000c89   Thumb Code    64  stm32g4xx_hal_comp.o(i.HAL_COMP_IRQHandler)
    HAL_COMP_Init                            0x08000cd1   Thumb Code   264  stm32g4xx_hal_comp.o(i.HAL_COMP_Init)
    HAL_COMP_MspInit                         0x08000df1   Thumb Code    80  comp.o(i.HAL_COMP_MspInit)
    HAL_COMP_TriggerCallback                 0x08000e4d   Thumb Code     2  stm32g4xx_hal_comp.o(i.HAL_COMP_TriggerCallback)
    HAL_DAC_ConfigChannel                    0x08000e51   Thumb Code   428  stm32g4xx_hal_dac.o(i.HAL_DAC_ConfigChannel)
    HAL_DAC_Init                             0x08001005   Thumb Code    40  stm32g4xx_hal_dac.o(i.HAL_DAC_Init)
    HAL_DAC_MspInit                          0x0800102d   Thumb Code   106  dac.o(i.HAL_DAC_MspInit)
    HAL_DMA_Abort                            0x080010a5   Thumb Code   106  stm32g4xx_hal_dma.o(i.HAL_DMA_Abort)
    HAL_DMA_Abort_IT                         0x0800110f   Thumb Code   120  stm32g4xx_hal_dma.o(i.HAL_DMA_Abort_IT)
    HAL_DMA_IRQHandler                       0x08001187   Thumb Code   186  stm32g4xx_hal_dma.o(i.HAL_DMA_IRQHandler)
    HAL_DMA_Init                             0x08001241   Thumb Code   178  stm32g4xx_hal_dma.o(i.HAL_DMA_Init)
    HAL_Delay                                0x08001301   Thumb Code     6  delay.o(i.HAL_Delay)
    HAL_FDCAN_ActivateNotification           0x08001307   Thumb Code   224  stm32g4xx_hal_fdcan.o(i.HAL_FDCAN_ActivateNotification)
    HAL_FDCAN_ConfigFilter                   0x080013e7   Thumb Code    92  stm32g4xx_hal_fdcan.o(i.HAL_FDCAN_ConfigFilter)
    HAL_FDCAN_ErrorCallback                  0x08001443   Thumb Code     2  stm32g4xx_hal_fdcan.o(i.HAL_FDCAN_ErrorCallback)
    HAL_FDCAN_ErrorStatusCallback            0x08001445   Thumb Code     2  stm32g4xx_hal_fdcan.o(i.HAL_FDCAN_ErrorStatusCallback)
    HAL_FDCAN_GetRxMessage                   0x08001449   Thumb Code   234  stm32g4xx_hal_fdcan.o(i.HAL_FDCAN_GetRxMessage)
    HAL_FDCAN_HighPriorityMessageCallback    0x08001539   Thumb Code     2  stm32g4xx_hal_fdcan.o(i.HAL_FDCAN_HighPriorityMessageCallback)
    HAL_FDCAN_IRQHandler                     0x0800153b   Thumb Code   352  stm32g4xx_hal_fdcan.o(i.HAL_FDCAN_IRQHandler)
    HAL_FDCAN_Init                           0x0800169d   Thumb Code   498  stm32g4xx_hal_fdcan.o(i.HAL_FDCAN_Init)
    HAL_FDCAN_MspInit                        0x080018a1   Thumb Code   104  fdcan.o(i.HAL_FDCAN_MspInit)
    HAL_FDCAN_RxFifo0Callback                0x08001911   Thumb Code     2  stm32g4xx_hal_fdcan.o(i.HAL_FDCAN_RxFifo0Callback)
    HAL_FDCAN_RxFifo1Callback                0x08001913   Thumb Code     2  stm32g4xx_hal_fdcan.o(i.HAL_FDCAN_RxFifo1Callback)
    HAL_FDCAN_Start                          0x08001915   Thumb Code    44  stm32g4xx_hal_fdcan.o(i.HAL_FDCAN_Start)
    HAL_FDCAN_TimeoutOccurredCallback        0x08001941   Thumb Code     2  stm32g4xx_hal_fdcan.o(i.HAL_FDCAN_TimeoutOccurredCallback)
    HAL_FDCAN_TimestampWraparoundCallback    0x08001943   Thumb Code     2  stm32g4xx_hal_fdcan.o(i.HAL_FDCAN_TimestampWraparoundCallback)
    HAL_FDCAN_TxBufferAbortCallback          0x08001945   Thumb Code     2  stm32g4xx_hal_fdcan.o(i.HAL_FDCAN_TxBufferAbortCallback)
    HAL_FDCAN_TxBufferCompleteCallback       0x08001947   Thumb Code     2  stm32g4xx_hal_fdcan.o(i.HAL_FDCAN_TxBufferCompleteCallback)
    HAL_FDCAN_TxEventFifoCallback            0x08001949   Thumb Code     2  stm32g4xx_hal_fdcan.o(i.HAL_FDCAN_TxEventFifoCallback)
    HAL_FDCAN_TxFifoEmptyCallback            0x0800194b   Thumb Code     2  stm32g4xx_hal_fdcan.o(i.HAL_FDCAN_TxFifoEmptyCallback)
    HAL_GPIO_EXTI_Callback                   0x0800194d   Thumb Code     2  stm32g4xx_hal_gpio.o(i.HAL_GPIO_EXTI_Callback)
    HAL_GPIO_EXTI_IRQHandler                 0x08001951   Thumb Code    18  stm32g4xx_hal_gpio.o(i.HAL_GPIO_EXTI_IRQHandler)
    HAL_GPIO_Init                            0x08001969   Thumb Code   422  stm32g4xx_hal_gpio.o(i.HAL_GPIO_Init)
    HAL_GPIO_WritePin                        0x08001b31   Thumb Code    10  stm32g4xx_hal_gpio.o(i.HAL_GPIO_WritePin)
    HAL_GetTick                              0x08001b3d   Thumb Code     6  stm32g4xx_hal.o(i.HAL_GetTick)
    HAL_IncTick                              0x08001b49   Thumb Code    12  stm32g4xx_hal.o(i.HAL_IncTick)
    HAL_Init                                 0x08001b59   Thumb Code    30  stm32g4xx_hal.o(i.HAL_Init)
    HAL_InitTick                             0x08001b79   Thumb Code    58  stm32g4xx_hal.o(i.HAL_InitTick)
    HAL_MspInit                              0x08001bbd   Thumb Code    42  stm32g4xx_hal_msp.o(i.HAL_MspInit)
    HAL_NVIC_EnableIRQ                       0x08001bed   Thumb Code    26  stm32g4xx_hal_cortex.o(i.HAL_NVIC_EnableIRQ)
    HAL_NVIC_SetPriority                     0x08001c09   Thumb Code    60  stm32g4xx_hal_cortex.o(i.HAL_NVIC_SetPriority)
    HAL_NVIC_SetPriorityGrouping             0x08001c49   Thumb Code    26  stm32g4xx_hal_cortex.o(i.HAL_NVIC_SetPriorityGrouping)
    HAL_PWREx_ControlVoltageScaling          0x08001c6d   Thumb Code   174  stm32g4xx_hal_pwr_ex.o(i.HAL_PWREx_ControlVoltageScaling)
    HAL_PWREx_DisableUCPDDeadBattery         0x08001d29   Thumb Code    12  stm32g4xx_hal_pwr_ex.o(i.HAL_PWREx_DisableUCPDDeadBattery)
    HAL_RCCEx_PeriphCLKConfig                0x08001d39   Thumb Code   638  stm32g4xx_hal_rcc_ex.o(i.HAL_RCCEx_PeriphCLKConfig)
    HAL_RCC_ClockConfig                      0x08001fc1   Thumb Code   444  stm32g4xx_hal_rcc.o(i.HAL_RCC_ClockConfig)
    HAL_RCC_GetHCLKFreq                      0x0800219d   Thumb Code     6  stm32g4xx_hal_rcc.o(i.HAL_RCC_GetHCLKFreq)
    HAL_RCC_GetPCLK1Freq                     0x080021a9   Thumb Code    24  stm32g4xx_hal_rcc.o(i.HAL_RCC_GetPCLK1Freq)
    HAL_RCC_GetPCLK2Freq                     0x080021cd   Thumb Code    24  stm32g4xx_hal_rcc.o(i.HAL_RCC_GetPCLK2Freq)
    HAL_RCC_GetSysClockFreq                  0x080021f1   Thumb Code    98  stm32g4xx_hal_rcc.o(i.HAL_RCC_GetSysClockFreq)
    HAL_RCC_OscConfig                        0x08002261   Thumb Code  1036  stm32g4xx_hal_rcc.o(i.HAL_RCC_OscConfig)
    HAL_SYSTICK_CLKSourceConfig              0x0800266d   Thumb Code    24  stm32g4xx_hal_cortex.o(i.HAL_SYSTICK_CLKSourceConfig)
    HAL_SYSTICK_Config                       0x08002685   Thumb Code    40  stm32g4xx_hal_cortex.o(i.HAL_SYSTICK_Config)
    HAL_TIMEx_Break2Callback                 0x080026ad   Thumb Code     2  stm32g4xx_hal_tim_ex.o(i.HAL_TIMEx_Break2Callback)
    HAL_TIMEx_BreakCallback                  0x080026af   Thumb Code     2  stm32g4xx_hal_tim_ex.o(i.HAL_TIMEx_BreakCallback)
    HAL_TIMEx_CommutCallback                 0x080026b1   Thumb Code     2  stm32g4xx_hal_tim_ex.o(i.HAL_TIMEx_CommutCallback)
    HAL_TIMEx_ConfigBreakDeadTime            0x080026b5   Thumb Code   164  stm32g4xx_hal_tim_ex.o(i.HAL_TIMEx_ConfigBreakDeadTime)
    HAL_TIMEx_ConfigBreakInput               0x08002761   Thumb Code   190  stm32g4xx_hal_tim_ex.o(i.HAL_TIMEx_ConfigBreakInput)
    HAL_TIMEx_DirectionChangeCallback        0x0800281f   Thumb Code     2  stm32g4xx_hal_tim_ex.o(i.HAL_TIMEx_DirectionChangeCallback)
    HAL_TIMEx_EncoderIndexCallback           0x08002821   Thumb Code     2  stm32g4xx_hal_tim_ex.o(i.HAL_TIMEx_EncoderIndexCallback)
    HAL_TIMEx_IndexErrorCallback             0x08002823   Thumb Code     2  stm32g4xx_hal_tim_ex.o(i.HAL_TIMEx_IndexErrorCallback)
    HAL_TIMEx_MasterConfigSynchronization    0x08002825   Thumb Code   132  stm32g4xx_hal_tim_ex.o(i.HAL_TIMEx_MasterConfigSynchronization)
    HAL_TIMEx_PWMN_Start                     0x080028c1   Thumb Code   158  stm32g4xx_hal_tim_ex.o(i.HAL_TIMEx_PWMN_Start)
    HAL_TIMEx_TransitionErrorCallback        0x08002979   Thumb Code     2  stm32g4xx_hal_tim_ex.o(i.HAL_TIMEx_TransitionErrorCallback)
    HAL_TIM_Base_Init                        0x0800297b   Thumb Code    98  stm32g4xx_hal_tim.o(i.HAL_TIM_Base_Init)
    HAL_TIM_Base_MspInit                     0x080029dd   Thumb Code   170  tim.o(i.HAL_TIM_Base_MspInit)
    HAL_TIM_Base_Start                       0x08002a99   Thumb Code    84  stm32g4xx_hal_tim.o(i.HAL_TIM_Base_Start)
    HAL_TIM_ConfigClockSource                0x08002b05   Thumb Code   240  stm32g4xx_hal_tim.o(i.HAL_TIM_ConfigClockSource)
    HAL_TIM_IC_CaptureCallback               0x08002bfd   Thumb Code     2  stm32g4xx_hal_tim.o(i.HAL_TIM_IC_CaptureCallback)
    HAL_TIM_IRQHandler                       0x08002bff   Thumb Code   508  stm32g4xx_hal_tim.o(i.HAL_TIM_IRQHandler)
    HAL_TIM_MspPostInit                      0x08002dfd   Thumb Code   136  tim.o(i.HAL_TIM_MspPostInit)
    HAL_TIM_OC_DelayElapsedCallback          0x08002e91   Thumb Code     2  stm32g4xx_hal_tim.o(i.HAL_TIM_OC_DelayElapsedCallback)
    HAL_TIM_PWM_ConfigChannel                0x08002e93   Thumb Code   286  stm32g4xx_hal_tim.o(i.HAL_TIM_PWM_ConfigChannel)
    HAL_TIM_PWM_Init                         0x08002fb1   Thumb Code    98  stm32g4xx_hal_tim.o(i.HAL_TIM_PWM_Init)
    HAL_TIM_PWM_MspInit                      0x08003013   Thumb Code     2  stm32g4xx_hal_tim.o(i.HAL_TIM_PWM_MspInit)
    HAL_TIM_PWM_PulseFinishedCallback        0x08003015   Thumb Code     2  stm32g4xx_hal_tim.o(i.HAL_TIM_PWM_PulseFinishedCallback)
    HAL_TIM_PWM_Start                        0x08003019   Thumb Code   218  stm32g4xx_hal_tim.o(i.HAL_TIM_PWM_Start)
    HAL_TIM_PeriodElapsedCallback            0x08003115   Thumb Code     2  stm32g4xx_hal_tim.o(i.HAL_TIM_PeriodElapsedCallback)
    HAL_TIM_TriggerCallback                  0x08003117   Thumb Code     2  stm32g4xx_hal_tim.o(i.HAL_TIM_TriggerCallback)
    HAL_UARTEx_DisableFifoMode               0x08003119   Thumb Code    62  stm32g4xx_hal_uart_ex.o(i.HAL_UARTEx_DisableFifoMode)
    HAL_UARTEx_RxEventCallback               0x08003157   Thumb Code     2  stm32g4xx_hal_uart.o(i.HAL_UARTEx_RxEventCallback)
    HAL_UARTEx_RxFifoFullCallback            0x08003159   Thumb Code     2  stm32g4xx_hal_uart_ex.o(i.HAL_UARTEx_RxFifoFullCallback)
    HAL_UARTEx_SetRxFifoThreshold            0x0800315b   Thumb Code    76  stm32g4xx_hal_uart_ex.o(i.HAL_UARTEx_SetRxFifoThreshold)
    HAL_UARTEx_SetTxFifoThreshold            0x080031a7   Thumb Code    76  stm32g4xx_hal_uart_ex.o(i.HAL_UARTEx_SetTxFifoThreshold)
    HAL_UARTEx_TxFifoEmptyCallback           0x080031f3   Thumb Code     2  stm32g4xx_hal_uart_ex.o(i.HAL_UARTEx_TxFifoEmptyCallback)
    HAL_UARTEx_WakeupCallback                0x080031f5   Thumb Code     2  stm32g4xx_hal_uart_ex.o(i.HAL_UARTEx_WakeupCallback)
    HAL_UART_ErrorCallback                   0x080031f7   Thumb Code     2  stm32g4xx_hal_uart.o(i.HAL_UART_ErrorCallback)
    HAL_UART_IRQHandler                      0x080031f9   Thumb Code   632  stm32g4xx_hal_uart.o(i.HAL_UART_IRQHandler)
    HAL_UART_Init                            0x0800347d   Thumb Code   106  stm32g4xx_hal_uart.o(i.HAL_UART_Init)
    HAL_UART_MspInit                         0x080034e9   Thumb Code   148  usart.o(i.HAL_UART_MspInit)
    HAL_UART_TxCpltCallback                  0x08003591   Thumb Code     2  stm32g4xx_hal_uart.o(i.HAL_UART_TxCpltCallback)
    HardFault_Handler                        0x08003593   Thumb Code     2  stm32g4xx_it.o(i.HardFault_Handler)
    MX_COMP1_Init                            0x080035b5   Thumb Code    46  comp.o(i.MX_COMP1_Init)
    MX_DAC1_Init                             0x080035ed   Thumb Code    80  dac.o(i.MX_DAC1_Init)
    MX_DAC3_Init                             0x08003645   Thumb Code    78  dac.o(i.MX_DAC3_Init)
    MX_DMA_Init                              0x0800369d   Thumb Code    56  dma.o(i.MX_DMA_Init)
    MX_FDCAN1_Init                           0x080036d9   Thumb Code    74  fdcan.o(i.MX_FDCAN1_Init)
    MX_GPIO_Init                             0x0800372d   Thumb Code   152  gpio.o(i.MX_GPIO_Init)
    MX_TIM1_Init                             0x080037d1   Thumb Code   312  tim.o(i.MX_TIM1_Init)
    MX_USART3_UART_Init                      0x08003911   Thumb Code    94  usart.o(i.MX_USART3_UART_Init)
    MemManage_Handler                        0x08003979   Thumb Code     2  stm32g4xx_it.o(i.MemManage_Handler)
    NMI_Handler                              0x0800397b   Thumb Code     2  stm32g4xx_it.o(i.NMI_Handler)
    PendSV_Handler                           0x0800397d   Thumb Code     2  stm32g4xx_it.o(i.PendSV_Handler)
    SVC_Handler                              0x0800397f   Thumb Code     2  stm32g4xx_it.o(i.SVC_Handler)
    SysTick_Handler                          0x08003981   Thumb Code     4  stm32g4xx_it.o(i.SysTick_Handler)
    SystemClock_Config                       0x08003985   Thumb Code   136  main.o(i.SystemClock_Config)
    SystemInit                               0x08003a0d   Thumb Code    12  system_stm32g4xx.o(i.SystemInit)
    TIM1_BRK_TIM15_IRQHandler                0x08003a1d   Thumb Code     6  stm32g4xx_it.o(i.TIM1_BRK_TIM15_IRQHandler)
    TIM1_CC_IRQHandler                       0x08003a29   Thumb Code     6  stm32g4xx_it.o(i.TIM1_CC_IRQHandler)
    TIM1_UP_TIM16_IRQHandler                 0x08003a35   Thumb Code     6  stm32g4xx_it.o(i.TIM1_UP_TIM16_IRQHandler)
    TIM4_IRQHandler                          0x08003a41   Thumb Code     6  stm32g4xx_it.o(i.TIM4_IRQHandler)
    TIM_Base_SetConfig                       0x08003a4d   Thumb Code   146  stm32g4xx_hal_tim.o(i.TIM_Base_SetConfig)
    TIM_CCxChannelCmd                        0x08003afd   Thumb Code    26  stm32g4xx_hal_tim.o(i.TIM_CCxChannelCmd)
    TIM_ETR_SetConfig                        0x08003b31   Thumb Code    20  stm32g4xx_hal_tim.o(i.TIM_ETR_SetConfig)
    TIM_OC2_SetConfig                        0x08003bf5   Thumb Code   120  stm32g4xx_hal_tim.o(i.TIM_OC2_SetConfig)
    UART_AdvFeatureConfig                    0x08003f11   Thumb Code   200  stm32g4xx_hal_uart.o(i.UART_AdvFeatureConfig)
    UART_CheckIdleState                      0x08003fd9   Thumb Code    96  stm32g4xx_hal_uart.o(i.UART_CheckIdleState)
    UART_SetConfig                           0x08004085   Thumb Code   582  stm32g4xx_hal_uart.o(i.UART_SetConfig)
    UART_WaitOnFlagUntilTimeout              0x080042f9   Thumb Code   164  stm32g4xx_hal_uart.o(i.UART_WaitOnFlagUntilTimeout)
    USART3_IRQHandler                        0x0800439d   Thumb Code     6  stm32g4xx_it.o(i.USART3_IRQHandler)
    UsageFault_Handler                       0x080043a9   Thumb Code     2  stm32g4xx_it.o(i.UsageFault_Handler)
    __0printf                                0x080043ad   Thumb Code    22  printfa.o(i.__0printf)
    __1printf                                0x080043ad   Thumb Code     0  printfa.o(i.__0printf)
    __2printf                                0x080043ad   Thumb Code     0  printfa.o(i.__0printf)
    __c89printf                              0x080043ad   Thumb Code     0  printfa.o(i.__0printf)
    printf                                   0x080043ad   Thumb Code     0  printfa.o(i.__0printf)
    __hardfp_fmod                            0x080043ed   Thumb Code   254  fmod.o(i.__hardfp_fmod)
    __mathlib_dbl_invalid                    0x080044f1   Thumb Code    24  dunder.o(i.__mathlib_dbl_invalid)
    __scatterload_copy                       0x08004511   Thumb Code    14  handlers.o(i.__scatterload_copy)
    __scatterload_null                       0x0800451f   Thumb Code     2  handlers.o(i.__scatterload_null)
    __scatterload_zeroinit                   0x08004521   Thumb Code    14  handlers.o(i.__scatterload_zeroinit)
    __set_errno                              0x08004531   Thumb Code     6  errno.o(i.__set_errno)
    _electricalAngle                         0x0800453d   Thumb Code    34  control_loop.o(i._electricalAngle)
    _normalizeAngle                          0x080046f1   Thumb Code    54  control_loop.o(i._normalizeAngle)
    delay_init                               0x08004e3d   Thumb Code    16  delay.o(i.delay_init)
    delay_ms                                 0x08004e51   Thumb Code    10  delay.o(i.delay_ms)
    delay_us                                 0x08004e5d   Thumb Code    48  delay.o(i.delay_us)
    fputc                                    0x08004e91   Thumb Code    18  main.o(i.fputc)
    main                                     0x08004ea9   Thumb Code   202  main.o(i.main)
    UARTPrescTable                           0x08004fac   Data          24  stm32g4xx_hal_uart.o(.constdata)
    AHBPrescTable                            0x08004fd4   Data          16  system_stm32g4xx.o(.constdata)
    APBPrescTable                            0x08004fe4   Data           8  system_stm32g4xx.o(.constdata)
    Region$$Table$$Base                      0x08004fec   Number         0  anon$$obj.o(Region$$Table)
    Region$$Table$$Limit                     0x0800500c   Number         0  anon$$obj.o(Region$$Table)
    DIR                                      0x20000000   Data           4  main.o(.data)
    PP                                       0x20000004   Data           4  main.o(.data)
    zero_electric_angle                      0x20000008   Data           4  main.o(.data)
    position                                 0x2000000c   Data           4  main.o(.data)
    RxData                                   0x20000010   Data           8  main.o(.data)
    uwTickPrio                               0x2000001c   Data           4  stm32g4xx_hal.o(.data)
    uwTickFreq                               0x20000020   Data           4  stm32g4xx_hal.o(.data)
    uwTick                                   0x20000024   Data           4  stm32g4xx_hal.o(.data)
    SystemCoreClock                          0x20000028   Data           4  system_stm32g4xx.o(.data)
    __stdout                                 0x2000002c   Data           4  stdout.o(.data)
    RxHeader                                 0x20000034   Data          40  main.o(.bss)
    TxHeader                                 0x2000005c   Data          36  main.o(.bss)
    hadc1                                    0x20000080   Data         108  adc.o(.bss)
    hadc2                                    0x200000ec   Data         108  adc.o(.bss)
    hcomp1                                   0x20000158   Data          36  comp.o(.bss)
    hdac1                                    0x2000017c   Data          20  dac.o(.bss)
    hdac3                                    0x20000190   Data          20  dac.o(.bss)
    hfdcan1                                  0x200001a4   Data         100  fdcan.o(.bss)
    htim1                                    0x20000208   Data          76  tim.o(.bss)
    htim4                                    0x20000254   Data          76  tim.o(.bss)
    huart3                                   0x200002a0   Data         144  usart.o(.bss)
    hdma_usart3_tx                           0x20000330   Data          96  usart.o(.bss)
    __initial_sp                             0x20000790   Data           0  startup_stm32g431xx.o(STACK)



==============================================================================

Memory Map of the image

  Image Entry point : 0x080001d9

  Load Region LR_IROM1 (Base: 0x08000000, Size: 0x00005040, Max: 0x00020000, ABSOLUTE)

    Execution Region ER_IROM1 (Exec base: 0x08000000, Load base: 0x08000000, Size: 0x0000500c, Max: 0x00020000, ABSOLUTE)

    Exec Addr    Load Addr    Size         Type   Attr      Idx    E Section Name        Object

    0x08000000   0x08000000   0x000001d8   Data   RO            3    RESET               startup_stm32g431xx.o
    0x080001d8   0x080001d8   0x00000000   Code   RO         6175  * .ARM.Collect$$$$00000000  mc_w.l(entry.o)
    0x080001d8   0x080001d8   0x00000004   Code   RO         6498    .ARM.Collect$$$$00000001  mc_w.l(entry2.o)
    0x080001dc   0x080001dc   0x00000004   Code   RO         6501    .ARM.Collect$$$$00000004  mc_w.l(entry5.o)
    0x080001e0   0x080001e0   0x00000000   Code   RO         6503    .ARM.Collect$$$$00000008  mc_w.l(entry7b.o)
    0x080001e0   0x080001e0   0x00000000   Code   RO         6505    .ARM.Collect$$$$0000000A  mc_w.l(entry8b.o)
    0x080001e0   0x080001e0   0x00000008   Code   RO         6506    .ARM.Collect$$$$0000000B  mc_w.l(entry9a.o)
    0x080001e8   0x080001e8   0x00000004   Code   RO         6513    .ARM.Collect$$$$0000000E  mc_w.l(entry12b.o)
    0x080001ec   0x080001ec   0x00000000   Code   RO         6508    .ARM.Collect$$$$0000000F  mc_w.l(entry10a.o)
    0x080001ec   0x080001ec   0x00000000   Code   RO         6510    .ARM.Collect$$$$00000011  mc_w.l(entry11a.o)
    0x080001ec   0x080001ec   0x00000004   Code   RO         6499    .ARM.Collect$$$$00002712  mc_w.l(entry2.o)
    0x080001f0   0x080001f0   0x00000024   Code   RO            4    .text               startup_stm32g431xx.o
    0x08000214   0x08000214   0x00000062   Code   RO         6178    .text               mc_w.l(uldiv.o)
    0x08000276   0x08000276   0x00000024   Code   RO         6180    .text               mc_w.l(memseta.o)
    0x0800029a   0x0800029a   0x0000014e   Code   RO         6443    .text               mf_w.l(dadd.o)
    0x080003e8   0x080003e8   0x000000e4   Code   RO         6445    .text               mf_w.l(dmul.o)
    0x080004cc   0x080004cc   0x00000026   Code   RO         6447    .text               mf_w.l(f2d.o)
    0x080004f2   0x080004f2   0x00000038   Code   RO         6449    .text               mf_w.l(d2f.o)
    0x0800052a   0x0800052a   0x0000002c   Code   RO         6515    .text               mc_w.l(uidiv.o)
    0x08000556   0x08000556   0x0000001e   Code   RO         6517    .text               mc_w.l(llshl.o)
    0x08000574   0x08000574   0x00000020   Code   RO         6519    .text               mc_w.l(llushr.o)
    0x08000594   0x08000594   0x00000024   Code   RO         6521    .text               mc_w.l(llsshr.o)
    0x080005b8   0x080005b8   0x00000000   Code   RO         6530    .text               mc_w.l(iusefp.o)
    0x080005b8   0x080005b8   0x0000006e   Code   RO         6531    .text               mf_w.l(fepilogue.o)
    0x08000626   0x08000626   0x000000ba   Code   RO         6535    .text               mf_w.l(depilogue.o)
    0x080006e0   0x080006e0   0x000000de   Code   RO         6537    .text               mf_w.l(ddiv.o)
    0x080007be   0x080007be   0x00000086   Code   RO         6543    .text               mf_w.l(drem.o)
    0x08000844   0x08000844   0x00000030   Code   RO         6545    .text               mf_w.l(dfixul.o)
    0x08000874   0x08000874   0x00000030   Code   RO         6549    .text               mf_w.l(cdrcmple.o)
    0x080008a4   0x080008a4   0x00000024   Code   RO         6563    .text               mc_w.l(init.o)
    0x080008c8   0x080008c8   0x0000001c   Code   RO          827    i.ADC1_2_IRQHandler  stm32g4xx_it.o
    0x080008e4   0x080008e4   0x00000002   Code   RO          828    i.BusFault_Handler  stm32g4xx_it.o
    0x080008e6   0x080008e6   0x00000002   PAD
    0x080008e8   0x080008e8   0x0000000c   Code   RO          829    i.COMP1_2_3_IRQHandler  stm32g4xx_it.o
    0x080008f4   0x080008f4   0x0000000c   Code   RO          830    i.DMA1_Channel1_IRQHandler  stm32g4xx_it.o
    0x08000900   0x08000900   0x00000040   Code   RO         2521    i.DMA_CalcDMAMUXChannelBaseAndMask  stm32g4xx_hal_dma.o
    0x08000940   0x08000940   0x00000024   Code   RO         2522    i.DMA_CalcDMAMUXRequestGenBaseAndMask  stm32g4xx_hal_dma.o
    0x08000964   0x08000964   0x00000002   Code   RO          831    i.DebugMon_Handler  stm32g4xx_it.o
    0x08000966   0x08000966   0x0000001e   Code   RO          832    i.EXTI15_10_IRQHandler  stm32g4xx_it.o
    0x08000984   0x08000984   0x00000004   Code   RO           13    i.Error_Handler     main.o
    0x08000988   0x08000988   0x00000024   Code   RO          833    i.FDCAN1_IT0_IRQHandler  stm32g4xx_it.o
    0x080009ac   0x080009ac   0x0000005c   Code   RO           14    i.FDCAN_Config      main.o
    0x08000a08   0x08000a08   0x00000002   Code   RO         1483    i.HAL_ADCEx_EndOfSamplingCallback  stm32g4xx_hal_adc_ex.o
    0x08000a0a   0x08000a0a   0x00000002   Code   RO         1486    i.HAL_ADCEx_InjectedConvCpltCallback  stm32g4xx_hal_adc_ex.o
    0x08000a0c   0x08000a0c   0x00000002   Code   RO         1489    i.HAL_ADCEx_InjectedQueueOverflowCallback  stm32g4xx_hal_adc_ex.o
    0x08000a0e   0x08000a0e   0x00000002   Code   RO         1494    i.HAL_ADCEx_LevelOutOfWindow2Callback  stm32g4xx_hal_adc_ex.o
    0x08000a10   0x08000a10   0x00000002   Code   RO         1495    i.HAL_ADCEx_LevelOutOfWindow3Callback  stm32g4xx_hal_adc_ex.o
    0x08000a12   0x08000a12   0x00000002   Code   RO         1249    i.HAL_ADC_ConvCpltCallback  stm32g4xx_hal_adc.o
    0x08000a14   0x08000a14   0x00000002   Code   RO         1252    i.HAL_ADC_ErrorCallback  stm32g4xx_hal_adc.o
    0x08000a16   0x08000a16   0x00000002   PAD
    0x08000a18   0x08000a18   0x0000026c   Code   RO         1256    i.HAL_ADC_IRQHandler  stm32g4xx_hal_adc.o
    0x08000c84   0x08000c84   0x00000002   Code   RO         1258    i.HAL_ADC_LevelOutOfWindowCallback  stm32g4xx_hal_adc.o
    0x08000c86   0x08000c86   0x00000002   PAD
    0x08000c88   0x08000c88   0x00000048   Code   RO         3167    i.HAL_COMP_IRQHandler  stm32g4xx_hal_comp.o
    0x08000cd0   0x08000cd0   0x00000120   Code   RO         3168    i.HAL_COMP_Init     stm32g4xx_hal_comp.o
    0x08000df0   0x08000df0   0x0000005c   Code   RO          519    i.HAL_COMP_MspInit  comp.o
    0x08000e4c   0x08000e4c   0x00000002   Code   RO         3174    i.HAL_COMP_TriggerCallback  stm32g4xx_hal_comp.o
    0x08000e4e   0x08000e4e   0x00000002   PAD
    0x08000e50   0x08000e50   0x000001b4   Code   RO         3259    i.HAL_DAC_ConfigChannel  stm32g4xx_hal_dac.o
    0x08001004   0x08001004   0x00000028   Code   RO         3269    i.HAL_DAC_Init      stm32g4xx_hal_dac.o
    0x0800102c   0x0800102c   0x00000078   Code   RO          561    i.HAL_DAC_MspInit   dac.o
    0x080010a4   0x080010a4   0x0000006a   Code   RO         2524    i.HAL_DMA_Abort     stm32g4xx_hal_dma.o
    0x0800110e   0x0800110e   0x00000078   Code   RO         2525    i.HAL_DMA_Abort_IT  stm32g4xx_hal_dma.o
    0x08001186   0x08001186   0x000000ba   Code   RO         2529    i.HAL_DMA_IRQHandler  stm32g4xx_hal_dma.o
    0x08001240   0x08001240   0x000000c0   Code   RO         2530    i.HAL_DMA_Init      stm32g4xx_hal_dma.o
    0x08001300   0x08001300   0x00000006   Code   RO          987    i.HAL_Delay         delay.o
    0x08001306   0x08001306   0x000000e0   Code   RO         3546    i.HAL_FDCAN_ActivateNotification  stm32g4xx_hal_fdcan.o
    0x080013e6   0x080013e6   0x0000005c   Code   RO         3549    i.HAL_FDCAN_ConfigFilter  stm32g4xx_hal_fdcan.o
    0x08001442   0x08001442   0x00000002   Code   RO         3570    i.HAL_FDCAN_ErrorCallback  stm32g4xx_hal_fdcan.o
    0x08001444   0x08001444   0x00000002   Code   RO         3571    i.HAL_FDCAN_ErrorStatusCallback  stm32g4xx_hal_fdcan.o
    0x08001446   0x08001446   0x00000002   PAD
    0x08001448   0x08001448   0x000000f0   Code   RO         3580    i.HAL_FDCAN_GetRxMessage  stm32g4xx_hal_fdcan.o
    0x08001538   0x08001538   0x00000002   Code   RO         3586    i.HAL_FDCAN_HighPriorityMessageCallback  stm32g4xx_hal_fdcan.o
    0x0800153a   0x0800153a   0x00000160   Code   RO         3587    i.HAL_FDCAN_IRQHandler  stm32g4xx_hal_fdcan.o
    0x0800169a   0x0800169a   0x00000002   PAD
    0x0800169c   0x0800169c   0x00000204   Code   RO         3588    i.HAL_FDCAN_Init    stm32g4xx_hal_fdcan.o
    0x080018a0   0x080018a0   0x00000070   Code   RO          636    i.HAL_FDCAN_MspInit  fdcan.o
    0x08001910   0x08001910   0x00000002   Code   RO         3595    i.HAL_FDCAN_RxFifo0Callback  stm32g4xx_hal_fdcan.o
    0x08001912   0x08001912   0x00000002   Code   RO         3596    i.HAL_FDCAN_RxFifo1Callback  stm32g4xx_hal_fdcan.o
    0x08001914   0x08001914   0x0000002c   Code   RO         3597    i.HAL_FDCAN_Start   stm32g4xx_hal_fdcan.o
    0x08001940   0x08001940   0x00000002   Code   RO         3599    i.HAL_FDCAN_TimeoutOccurredCallback  stm32g4xx_hal_fdcan.o
    0x08001942   0x08001942   0x00000002   Code   RO         3600    i.HAL_FDCAN_TimestampWraparoundCallback  stm32g4xx_hal_fdcan.o
    0x08001944   0x08001944   0x00000002   Code   RO         3601    i.HAL_FDCAN_TxBufferAbortCallback  stm32g4xx_hal_fdcan.o
    0x08001946   0x08001946   0x00000002   Code   RO         3602    i.HAL_FDCAN_TxBufferCompleteCallback  stm32g4xx_hal_fdcan.o
    0x08001948   0x08001948   0x00000002   Code   RO         3603    i.HAL_FDCAN_TxEventFifoCallback  stm32g4xx_hal_fdcan.o
    0x0800194a   0x0800194a   0x00000002   Code   RO         3604    i.HAL_FDCAN_TxFifoEmptyCallback  stm32g4xx_hal_fdcan.o
    0x0800194c   0x0800194c   0x00000002   Code   RO         2384    i.HAL_GPIO_EXTI_Callback  stm32g4xx_hal_gpio.o
    0x0800194e   0x0800194e   0x00000002   PAD
    0x08001950   0x08001950   0x00000018   Code   RO         2385    i.HAL_GPIO_EXTI_IRQHandler  stm32g4xx_hal_gpio.o
    0x08001968   0x08001968   0x000001c8   Code   RO         2386    i.HAL_GPIO_Init     stm32g4xx_hal_gpio.o
    0x08001b30   0x08001b30   0x0000000a   Code   RO         2390    i.HAL_GPIO_WritePin  stm32g4xx_hal_gpio.o
    0x08001b3a   0x08001b3a   0x00000002   PAD
    0x08001b3c   0x08001b3c   0x0000000c   Code   RO         1699    i.HAL_GetTick       stm32g4xx_hal.o
    0x08001b48   0x08001b48   0x00000010   Code   RO         1702    i.HAL_IncTick       stm32g4xx_hal.o
    0x08001b58   0x08001b58   0x0000001e   Code   RO         1703    i.HAL_Init          stm32g4xx_hal.o
    0x08001b76   0x08001b76   0x00000002   PAD
    0x08001b78   0x08001b78   0x00000044   Code   RO         1704    i.HAL_InitTick      stm32g4xx_hal.o
    0x08001bbc   0x08001bbc   0x00000030   Code   RO          963    i.HAL_MspInit       stm32g4xx_hal_msp.o
    0x08001bec   0x08001bec   0x0000001a   Code   RO         3033    i.HAL_NVIC_EnableIRQ  stm32g4xx_hal_cortex.o
    0x08001c06   0x08001c06   0x00000002   PAD
    0x08001c08   0x08001c08   0x00000040   Code   RO         3039    i.HAL_NVIC_SetPriority  stm32g4xx_hal_cortex.o
    0x08001c48   0x08001c48   0x00000024   Code   RO         3040    i.HAL_NVIC_SetPriorityGrouping  stm32g4xx_hal_cortex.o
    0x08001c6c   0x08001c6c   0x000000bc   Code   RO         2789    i.HAL_PWREx_ControlVoltageScaling  stm32g4xx_hal_pwr_ex.o
    0x08001d28   0x08001d28   0x00000010   Code   RO         2801    i.HAL_PWREx_DisableUCPDDeadBattery  stm32g4xx_hal_pwr_ex.o
    0x08001d38   0x08001d38   0x00000288   Code   RO         2048    i.HAL_RCCEx_PeriphCLKConfig  stm32g4xx_hal_rcc_ex.o
    0x08001fc0   0x08001fc0   0x000001dc   Code   RO         1923    i.HAL_RCC_ClockConfig  stm32g4xx_hal_rcc.o
    0x0800219c   0x0800219c   0x0000000c   Code   RO         1929    i.HAL_RCC_GetHCLKFreq  stm32g4xx_hal_rcc.o
    0x080021a8   0x080021a8   0x00000024   Code   RO         1931    i.HAL_RCC_GetPCLK1Freq  stm32g4xx_hal_rcc.o
    0x080021cc   0x080021cc   0x00000024   Code   RO         1932    i.HAL_RCC_GetPCLK2Freq  stm32g4xx_hal_rcc.o
    0x080021f0   0x080021f0   0x00000070   Code   RO         1933    i.HAL_RCC_GetSysClockFreq  stm32g4xx_hal_rcc.o
    0x08002260   0x08002260   0x0000040c   Code   RO         1936    i.HAL_RCC_OscConfig  stm32g4xx_hal_rcc.o
    0x0800266c   0x0800266c   0x00000018   Code   RO         3042    i.HAL_SYSTICK_CLKSourceConfig  stm32g4xx_hal_cortex.o
    0x08002684   0x08002684   0x00000028   Code   RO         3044    i.HAL_SYSTICK_Config  stm32g4xx_hal_cortex.o
    0x080026ac   0x080026ac   0x00000002   Code   RO         4753    i.HAL_TIMEx_Break2Callback  stm32g4xx_hal_tim_ex.o
    0x080026ae   0x080026ae   0x00000002   Code   RO         4754    i.HAL_TIMEx_BreakCallback  stm32g4xx_hal_tim_ex.o
    0x080026b0   0x080026b0   0x00000002   Code   RO         4755    i.HAL_TIMEx_CommutCallback  stm32g4xx_hal_tim_ex.o
    0x080026b2   0x080026b2   0x00000002   PAD
    0x080026b4   0x080026b4   0x000000ac   Code   RO         4758    i.HAL_TIMEx_ConfigBreakDeadTime  stm32g4xx_hal_tim_ex.o
    0x08002760   0x08002760   0x000000be   Code   RO         4759    i.HAL_TIMEx_ConfigBreakInput  stm32g4xx_hal_tim_ex.o
    0x0800281e   0x0800281e   0x00000002   Code   RO         4766    i.HAL_TIMEx_DirectionChangeCallback  stm32g4xx_hal_tim_ex.o
    0x08002820   0x08002820   0x00000002   Code   RO         4780    i.HAL_TIMEx_EncoderIndexCallback  stm32g4xx_hal_tim_ex.o
    0x08002822   0x08002822   0x00000002   Code   RO         4794    i.HAL_TIMEx_IndexErrorCallback  stm32g4xx_hal_tim_ex.o
    0x08002824   0x08002824   0x0000009c   Code   RO         4795    i.HAL_TIMEx_MasterConfigSynchronization  stm32g4xx_hal_tim_ex.o
    0x080028c0   0x080028c0   0x000000b8   Code   RO         4807    i.HAL_TIMEx_PWMN_Start  stm32g4xx_hal_tim_ex.o
    0x08002978   0x08002978   0x00000002   Code   RO         4816    i.HAL_TIMEx_TransitionErrorCallback  stm32g4xx_hal_tim_ex.o
    0x0800297a   0x0800297a   0x00000062   Code   RO         4039    i.HAL_TIM_Base_Init  stm32g4xx_hal_tim.o
    0x080029dc   0x080029dc   0x000000bc   Code   RO          732    i.HAL_TIM_Base_MspInit  tim.o
    0x08002a98   0x08002a98   0x0000006c   Code   RO         4042    i.HAL_TIM_Base_Start  stm32g4xx_hal_tim.o
    0x08002b04   0x08002b04   0x000000f8   Code   RO         4048    i.HAL_TIM_ConfigClockSource  stm32g4xx_hal_tim.o
    0x08002bfc   0x08002bfc   0x00000002   Code   RO         4073    i.HAL_TIM_IC_CaptureCallback  stm32g4xx_hal_tim.o
    0x08002bfe   0x08002bfe   0x000001fc   Code   RO         4087    i.HAL_TIM_IRQHandler  stm32g4xx_hal_tim.o
    0x08002dfa   0x08002dfa   0x00000002   PAD
    0x08002dfc   0x08002dfc   0x00000094   Code   RO          733    i.HAL_TIM_MspPostInit  tim.o
    0x08002e90   0x08002e90   0x00000002   Code   RO         4090    i.HAL_TIM_OC_DelayElapsedCallback  stm32g4xx_hal_tim.o
    0x08002e92   0x08002e92   0x0000011e   Code   RO         4111    i.HAL_TIM_PWM_ConfigChannel  stm32g4xx_hal_tim.o
    0x08002fb0   0x08002fb0   0x00000062   Code   RO         4114    i.HAL_TIM_PWM_Init  stm32g4xx_hal_tim.o
    0x08003012   0x08003012   0x00000002   Code   RO         4116    i.HAL_TIM_PWM_MspInit  stm32g4xx_hal_tim.o
    0x08003014   0x08003014   0x00000002   Code   RO         4117    i.HAL_TIM_PWM_PulseFinishedCallback  stm32g4xx_hal_tim.o
    0x08003016   0x08003016   0x00000002   PAD
    0x08003018   0x08003018   0x000000fc   Code   RO         4119    i.HAL_TIM_PWM_Start  stm32g4xx_hal_tim.o
    0x08003114   0x08003114   0x00000002   Code   RO         4125    i.HAL_TIM_PeriodElapsedCallback  stm32g4xx_hal_tim.o
    0x08003116   0x08003116   0x00000002   Code   RO         4130    i.HAL_TIM_TriggerCallback  stm32g4xx_hal_tim.o
    0x08003118   0x08003118   0x0000003e   Code   RO         5602    i.HAL_UARTEx_DisableFifoMode  stm32g4xx_hal_uart_ex.o
    0x08003156   0x08003156   0x00000002   Code   RO         5191    i.HAL_UARTEx_RxEventCallback  stm32g4xx_hal_uart.o
    0x08003158   0x08003158   0x00000002   Code   RO         5609    i.HAL_UARTEx_RxFifoFullCallback  stm32g4xx_hal_uart_ex.o
    0x0800315a   0x0800315a   0x0000004c   Code   RO         5610    i.HAL_UARTEx_SetRxFifoThreshold  stm32g4xx_hal_uart_ex.o
    0x080031a6   0x080031a6   0x0000004c   Code   RO         5611    i.HAL_UARTEx_SetTxFifoThreshold  stm32g4xx_hal_uart_ex.o
    0x080031f2   0x080031f2   0x00000002   Code   RO         5613    i.HAL_UARTEx_TxFifoEmptyCallback  stm32g4xx_hal_uart_ex.o
    0x080031f4   0x080031f4   0x00000002   Code   RO         5614    i.HAL_UARTEx_WakeupCallback  stm32g4xx_hal_uart_ex.o
    0x080031f6   0x080031f6   0x00000002   Code   RO         5207    i.HAL_UART_ErrorCallback  stm32g4xx_hal_uart.o
    0x080031f8   0x080031f8   0x00000284   Code   RO         5210    i.HAL_UART_IRQHandler  stm32g4xx_hal_uart.o
    0x0800347c   0x0800347c   0x0000006a   Code   RO         5211    i.HAL_UART_Init     stm32g4xx_hal_uart.o
    0x080034e6   0x080034e6   0x00000002   PAD
    0x080034e8   0x080034e8   0x000000a8   Code   RO          786    i.HAL_UART_MspInit  usart.o
    0x08003590   0x08003590   0x00000002   Code   RO         5223    i.HAL_UART_TxCpltCallback  stm32g4xx_hal_uart.o
    0x08003592   0x08003592   0x00000002   Code   RO          834    i.HardFault_Handler  stm32g4xx_it.o
    0x08003594   0x08003594   0x00000008   Code   RO         1272    i.LL_ADC_INJ_IsConversionOngoing  stm32g4xx_hal_adc.o
    0x0800359c   0x0800359c   0x00000008   Code   RO         1273    i.LL_ADC_REG_IsConversionOngoing  stm32g4xx_hal_adc.o
    0x080035a4   0x080035a4   0x00000010   Code   RO         1274    i.LL_ADC_REG_IsTriggerSourceSWStart  stm32g4xx_hal_adc.o
    0x080035b4   0x080035b4   0x00000038   Code   RO          520    i.MX_COMP1_Init     comp.o
    0x080035ec   0x080035ec   0x00000058   Code   RO          562    i.MX_DAC1_Init      dac.o
    0x08003644   0x08003644   0x00000058   Code   RO          563    i.MX_DAC3_Init      dac.o
    0x0800369c   0x0800369c   0x0000003c   Code   RO          608    i.MX_DMA_Init       dma.o
    0x080036d8   0x080036d8   0x00000054   Code   RO          637    i.MX_FDCAN1_Init    fdcan.o
    0x0800372c   0x0800372c   0x000000a4   Code   RO          317    i.MX_GPIO_Init      gpio.o
    0x080037d0   0x080037d0   0x00000140   Code   RO          734    i.MX_TIM1_Init      tim.o
    0x08003910   0x08003910   0x00000068   Code   RO          787    i.MX_USART3_UART_Init  usart.o
    0x08003978   0x08003978   0x00000002   Code   RO          835    i.MemManage_Handler  stm32g4xx_it.o
    0x0800397a   0x0800397a   0x00000002   Code   RO          836    i.NMI_Handler       stm32g4xx_it.o
    0x0800397c   0x0800397c   0x00000002   Code   RO          837    i.PendSV_Handler    stm32g4xx_it.o
    0x0800397e   0x0800397e   0x00000002   Code   RO          838    i.SVC_Handler       stm32g4xx_it.o
    0x08003980   0x08003980   0x00000004   Code   RO          839    i.SysTick_Handler   stm32g4xx_it.o
    0x08003984   0x08003984   0x00000088   Code   RO           15    i.SystemClock_Config  main.o
    0x08003a0c   0x08003a0c   0x00000010   Code   RO         5715    i.SystemInit        system_stm32g4xx.o
    0x08003a1c   0x08003a1c   0x0000000c   Code   RO          840    i.TIM1_BRK_TIM15_IRQHandler  stm32g4xx_it.o
    0x08003a28   0x08003a28   0x0000000c   Code   RO          841    i.TIM1_CC_IRQHandler  stm32g4xx_it.o
    0x08003a34   0x08003a34   0x0000000c   Code   RO          842    i.TIM1_UP_TIM16_IRQHandler  stm32g4xx_it.o
    0x08003a40   0x08003a40   0x0000000c   Code   RO          843    i.TIM4_IRQHandler   stm32g4xx_it.o
    0x08003a4c   0x08003a4c   0x000000b0   Code   RO         4132    i.TIM_Base_SetConfig  stm32g4xx_hal_tim.o
    0x08003afc   0x08003afc   0x0000001a   Code   RO         4133    i.TIM_CCxChannelCmd  stm32g4xx_hal_tim.o
    0x08003b16   0x08003b16   0x0000001a   Code   RO         4819    i.TIM_CCxNChannelCmd  stm32g4xx_hal_tim_ex.o
    0x08003b30   0x08003b30   0x00000014   Code   RO         4143    i.TIM_ETR_SetConfig  stm32g4xx_hal_tim.o
    0x08003b44   0x08003b44   0x00000014   Code   RO         4144    i.TIM_ITRx_SetConfig  stm32g4xx_hal_tim.o
    0x08003b58   0x08003b58   0x0000009c   Code   RO         4145    i.TIM_OC1_SetConfig  stm32g4xx_hal_tim.o
    0x08003bf4   0x08003bf4   0x00000090   Code   RO         4146    i.TIM_OC2_SetConfig  stm32g4xx_hal_tim.o
    0x08003c84   0x08003c84   0x00000090   Code   RO         4147    i.TIM_OC3_SetConfig  stm32g4xx_hal_tim.o
    0x08003d14   0x08003d14   0x00000090   Code   RO         4148    i.TIM_OC4_SetConfig  stm32g4xx_hal_tim.o
    0x08003da4   0x08003da4   0x00000070   Code   RO         4149    i.TIM_OC5_SetConfig  stm32g4xx_hal_tim.o
    0x08003e14   0x08003e14   0x00000070   Code   RO         4150    i.TIM_OC6_SetConfig  stm32g4xx_hal_tim.o
    0x08003e84   0x08003e84   0x00000022   Code   RO         4152    i.TIM_TI1_ConfigInputStage  stm32g4xx_hal_tim.o
    0x08003ea6   0x08003ea6   0x00000024   Code   RO         4154    i.TIM_TI2_ConfigInputStage  stm32g4xx_hal_tim.o
    0x08003eca   0x08003eca   0x00000002   PAD
    0x08003ecc   0x08003ecc   0x00000044   Code   RO         5615    i.UARTEx_SetNbDataToProcess  stm32g4xx_hal_uart_ex.o
    0x08003f10   0x08003f10   0x000000c8   Code   RO         5225    i.UART_AdvFeatureConfig  stm32g4xx_hal_uart.o
    0x08003fd8   0x08003fd8   0x00000060   Code   RO         5226    i.UART_CheckIdleState  stm32g4xx_hal_uart.o
    0x08004038   0x08004038   0x00000014   Code   RO         5227    i.UART_DMAAbortOnError  stm32g4xx_hal_uart.o
    0x0800404c   0x0800404c   0x00000038   Code   RO         5237    i.UART_EndRxTransfer  stm32g4xx_hal_uart.o
    0x08004084   0x08004084   0x00000274   Code   RO         5243    i.UART_SetConfig    stm32g4xx_hal_uart.o
    0x080042f8   0x080042f8   0x000000a4   Code   RO         5250    i.UART_WaitOnFlagUntilTimeout  stm32g4xx_hal_uart.o
    0x0800439c   0x0800439c   0x0000000c   Code   RO          844    i.USART3_IRQHandler  stm32g4xx_it.o
    0x080043a8   0x080043a8   0x00000002   Code   RO          845    i.UsageFault_Handler  stm32g4xx_it.o
    0x080043aa   0x080043aa   0x00000002   PAD
    0x080043ac   0x080043ac   0x00000020   Code   RO         6415    i.__0printf         mc_w.l(printfa.o)
    0x080043cc   0x080043cc   0x00000020   Code   RO         3046    i.__NVIC_SetPriority  stm32g4xx_hal_cortex.o
    0x080043ec   0x080043ec   0x00000104   Code   RO         6115    i.__hardfp_fmod     m_wm.l(fmod.o)
    0x080044f0   0x080044f0   0x00000020   Code   RO         6457    i.__mathlib_dbl_invalid  m_wm.l(dunder.o)
    0x08004510   0x08004510   0x0000000e   Code   RO         6573    i.__scatterload_copy  mc_w.l(handlers.o)
    0x0800451e   0x0800451e   0x00000002   Code   RO         6574    i.__scatterload_null  mc_w.l(handlers.o)
    0x08004520   0x08004520   0x0000000e   Code   RO         6575    i.__scatterload_zeroinit  mc_w.l(handlers.o)
    0x0800452e   0x0800452e   0x00000002   PAD
    0x08004530   0x08004530   0x0000000c   Code   RO         6525    i.__set_errno       mc_w.l(errno.o)
    0x0800453c   0x0800453c   0x00000030   Code   RO         5853    i._electricalAngle  control_loop.o
    0x0800456c   0x0800456c   0x00000184   Code   RO         6422    i._fp_digits        mc_w.l(printfa.o)
    0x080046f0   0x080046f0   0x00000044   Code   RO         5854    i._normalizeAngle   control_loop.o
    0x08004734   0x08004734   0x000006b4   Code   RO         6423    i._printf_core      mc_w.l(printfa.o)
    0x08004de8   0x08004de8   0x00000024   Code   RO         6424    i._printf_post_padding  mc_w.l(printfa.o)
    0x08004e0c   0x08004e0c   0x0000002e   Code   RO         6425    i._printf_pre_padding  mc_w.l(printfa.o)
    0x08004e3a   0x08004e3a   0x00000002   PAD
    0x08004e3c   0x08004e3c   0x00000014   Code   RO          988    i.delay_init        delay.o
    0x08004e50   0x08004e50   0x0000000a   Code   RO          989    i.delay_ms          delay.o
    0x08004e5a   0x08004e5a   0x00000002   PAD
    0x08004e5c   0x08004e5c   0x00000034   Code   RO          990    i.delay_us          delay.o
    0x08004e90   0x08004e90   0x00000018   Code   RO           16    i.fputc             main.o
    0x08004ea8   0x08004ea8   0x000000f4   Code   RO           17    i.main              main.o
    0x08004f9c   0x08004f9c   0x00000010   Data   RO         3605    .constdata          stm32g4xx_hal_fdcan.o
    0x08004fac   0x08004fac   0x00000018   Data   RO         5251    .constdata          stm32g4xx_hal_uart.o
    0x08004fc4   0x08004fc4   0x00000010   Data   RO         5616    .constdata          stm32g4xx_hal_uart_ex.o
    0x08004fd4   0x08004fd4   0x00000010   Data   RO         5716    .constdata          system_stm32g4xx.o
    0x08004fe4   0x08004fe4   0x00000008   Data   RO         5717    .constdata          system_stm32g4xx.o
    0x08004fec   0x08004fec   0x00000020   Data   RO         6571    Region$$Table       anon$$obj.o


    Execution Region RW_IRAM1 (Exec base: 0x20000000, Load base: 0x0800500c, Size: 0x00000790, Max: 0x00008000, ABSOLUTE)

    Exec Addr    Load Addr    Size         Type   Attr      Idx    E Section Name        Object

    0x20000000   0x0800500c   0x00000004   Data   RW           20    .data               main.o
    0x20000004   0x08005010   0x00000004   Data   RW           21    .data               main.o
    0x20000008   0x08005014   0x00000010   Data   RW           25    .data               main.o
    0x20000018   0x08005024   0x00000004   Data   RW          992    .data               delay.o
    0x2000001c   0x08005028   0x0000000c   Data   RW         1723    .data               stm32g4xx_hal.o
    0x20000028   0x08005034   0x00000004   Data   RW         5718    .data               system_stm32g4xx.o
    0x2000002c   0x08005038   0x00000004   Data   RW         6514    .data               mc_w.l(stdout.o)
    0x20000030   0x0800503c   0x00000004   Data   RW         6526    .data               mc_w.l(errno.o)
    0x20000034        -       0x00000028   Zero   RW           18    .bss                main.o
    0x2000005c        -       0x00000024   Zero   RW           19    .bss                main.o
    0x20000080        -       0x000000d8   Zero   RW          473    .bss                adc.o
    0x20000158        -       0x00000024   Zero   RW          521    .bss                comp.o
    0x2000017c        -       0x00000028   Zero   RW          564    .bss                dac.o
    0x200001a4        -       0x00000064   Zero   RW          638    .bss                fdcan.o
    0x20000208        -       0x00000098   Zero   RW          736    .bss                tim.o
    0x200002a0        -       0x000000f0   Zero   RW          788    .bss                usart.o
    0x20000390        -       0x00000400   Zero   RW            1    STACK               startup_stm32g431xx.o


==============================================================================

Image component sizes


      Code (inc. data)   RO Data    RW Data    ZI Data      Debug   Object Name

         0          0          0          0        216        274   adc.o
       148         22          0          0         36       1692   comp.o
       116         28          0          0          0     453223   control_loop.o
       296         32          0          0         40       2426   dac.o
        88          8          0          4          0       2819   delay.o
        60          4          0          0          0        826   dma.o
       196         18          0          0        100       1783   fdcan.o
       164         12          0          0          0     714380   gpio.o
       500         58          0         24         76     565930   main.o
        36          8        472          0       1024        844   startup_stm32g431xx.o
       126         20          0         12          0       3725   stm32g4xx_hal.o
       658          8          0          0          0      70959   stm32g4xx_hal_adc.o
        10          0          0          0          0       3529   stm32g4xx_hal_adc_ex.o
       362         32          0          0          0       7377   stm32g4xx_hal_comp.o
       222         14          0          0          0      34525   stm32g4xx_hal_cortex.o
       476          8          0          0          0       2567   stm32g4xx_hal_dac.o
       704         30          0          0          0       4903   stm32g4xx_hal_dma.o
      1490         24         16          0          0      15498   stm32g4xx_hal_fdcan.o
       492         40          0          0          0       3660   stm32g4xx_hal_gpio.o
        48          6          0          0          0        878   stm32g4xx_hal_msp.o
       204         18          0          0          0       1417   stm32g4xx_hal_pwr_ex.o
      1708         98          0          0          0       6504   stm32g4xx_hal_rcc.o
       648         10          0          0          0       1892   stm32g4xx_hal_rcc_ex.o
      2734        256          0          0          0      19407   stm32g4xx_hal_tim.o
       742         58          0          0          0       9092   stm32g4xx_hal_tim_ex.o
      1920         84         24          0          0      28840   stm32g4xx_hal_uart.o
       288          6         16          0          0       5422   stm32g4xx_hal_uart_ex.o
       198         64          0          0          0       9173   stm32g4xx_it.o
        16          4         24          4          0       1151   system_stm32g4xx.o
       656         38          0          0        152       2906   tim.o
       272         30          0          0        240       1865   usart.o

    ----------------------------------------------------------------------
     15612       1038        584         44       1884    1979487   Object Totals
         0          0         32          0          0          0   (incl. Generated)
        34          0          0          0          0          0   (incl. Padding)

    ----------------------------------------------------------------------

      Code (inc. data)   RO Data    RW Data    ZI Data      Debug   Library Member Name

        32          8          0          0          0        124   dunder.o
       260          6          0          0          0        144   fmod.o
         0          0          0          0          0          0   entry.o
         0          0          0          0          0          0   entry10a.o
         0          0          0          0          0          0   entry11a.o
         4          0          0          0          0          0   entry12b.o
         8          4          0          0          0          0   entry2.o
         4          0          0          0          0          0   entry5.o
         0          0          0          0          0          0   entry7b.o
         0          0          0          0          0          0   entry8b.o
         8          4          0          0          0          0   entry9a.o
        12          6          0          4          0         68   errno.o
        30          0          0          0          0          0   handlers.o
        36          8          0          0          0         68   init.o
         0          0          0          0          0          0   iusefp.o
        30          0          0          0          0         68   llshl.o
        36          0          0          0          0         68   llsshr.o
        32          0          0          0          0         68   llushr.o
        36          0          0          0          0        108   memseta.o
      2218         90          0          0          0        464   printfa.o
         0          0          0          4          0          0   stdout.o
        44          0          0          0          0         80   uidiv.o
        98          0          0          0          0         92   uldiv.o
        48          0          0          0          0         68   cdrcmple.o
        56          0          0          0          0         88   d2f.o
       334          0          0          0          0        148   dadd.o
       222          0          0          0          0        100   ddiv.o
       186          0          0          0          0        176   depilogue.o
        48          0          0          0          0         68   dfixul.o
       228          0          0          0          0         96   dmul.o
       134          0          0          0          0         96   drem.o
        38          0          0          0          0         68   f2d.o
       110          0          0          0          0        168   fepilogue.o

    ----------------------------------------------------------------------
      4296        126          0          8          0       2428   Library Totals
         4          0          0          0          0          0   (incl. Padding)

    ----------------------------------------------------------------------

      Code (inc. data)   RO Data    RW Data    ZI Data      Debug   Library Name

       292         14          0          0          0        268   m_wm.l
      2596        112          0          8          0       1084   mc_w.l
      1404          0          0          0          0       1076   mf_w.l

    ----------------------------------------------------------------------
      4296        126          0          8          0       2428   Library Totals

    ----------------------------------------------------------------------

==============================================================================


      Code (inc. data)   RO Data    RW Data    ZI Data      Debug   

     19908       1164        584         52       1884    1965179   Grand Totals
     19908       1164        584         52       1884    1965179   ELF Image Totals
     19908       1164        584         52          0          0   ROM Totals

==============================================================================

    Total RO  Size (Code + RO Data)                20492 (  20.01kB)
    Total RW  Size (RW Data + ZI Data)              1936 (   1.89kB)
    Total ROM Size (Code + RO Data + RW Data)      20544 (  20.06kB)

==============================================================================

