Component: ARM Compiler 5.06 update 7 (build 960) Tool: armlink [4d3601]

==============================================================================

Section Cross References

    startup_stm32g431xx.o(RESET) refers to startup_stm32g431xx.o(STACK) for __initial_sp
    startup_stm32g431xx.o(RESET) refers to startup_stm32g431xx.o(.text) for Reset_Handler
    startup_stm32g431xx.o(RESET) refers to stm32g4xx_it.o(i.NMI_Handler) for NMI_Handler
    startup_stm32g431xx.o(RESET) refers to stm32g4xx_it.o(i.HardFault_Handler) for HardFault_Handler
    startup_stm32g431xx.o(RESET) refers to stm32g4xx_it.o(i.MemManage_Handler) for MemManage_Handler
    startup_stm32g431xx.o(RESET) refers to stm32g4xx_it.o(i.BusFault_Handler) for BusFault_Handler
    startup_stm32g431xx.o(RESET) refers to stm32g4xx_it.o(i.UsageFault_Handler) for UsageFault_Handler
    startup_stm32g431xx.o(RESET) refers to stm32g4xx_it.o(i.SVC_Handler) for SVC_Handler
    startup_stm32g431xx.o(RESET) refers to stm32g4xx_it.o(i.DebugMon_Handler) for DebugMon_Handler
    startup_stm32g431xx.o(RESET) refers to stm32g4xx_it.o(i.PendSV_Handler) for PendSV_Handler
    startup_stm32g431xx.o(RESET) refers to stm32g4xx_it.o(i.SysTick_Handler) for SysTick_Handler
    startup_stm32g431xx.o(RESET) refers to stm32g4xx_it.o(i.DMA1_Channel1_IRQHandler) for DMA1_Channel1_IRQHandler
    startup_stm32g431xx.o(RESET) refers to stm32g4xx_it.o(i.ADC1_2_IRQHandler) for ADC1_2_IRQHandler
    startup_stm32g431xx.o(RESET) refers to stm32g4xx_it.o(i.FDCAN1_IT0_IRQHandler) for FDCAN1_IT0_IRQHandler
    startup_stm32g431xx.o(RESET) refers to stm32g4xx_it.o(i.TIM1_BRK_TIM15_IRQHandler) for TIM1_BRK_TIM15_IRQHandler
    startup_stm32g431xx.o(RESET) refers to stm32g4xx_it.o(i.TIM1_UP_TIM16_IRQHandler) for TIM1_UP_TIM16_IRQHandler
    startup_stm32g431xx.o(RESET) refers to stm32g4xx_it.o(i.TIM1_CC_IRQHandler) for TIM1_CC_IRQHandler
    startup_stm32g431xx.o(RESET) refers to stm32g4xx_it.o(i.TIM4_IRQHandler) for TIM4_IRQHandler
    startup_stm32g431xx.o(RESET) refers to stm32g4xx_it.o(i.USART3_IRQHandler) for USART3_IRQHandler
    startup_stm32g431xx.o(RESET) refers to stm32g4xx_it.o(i.EXTI15_10_IRQHandler) for EXTI15_10_IRQHandler
    startup_stm32g431xx.o(RESET) refers to stm32g4xx_it.o(i.COMP1_2_3_IRQHandler) for COMP1_2_3_IRQHandler
    startup_stm32g431xx.o(.text) refers to system_stm32g4xx.o(i.SystemInit) for SystemInit
    startup_stm32g431xx.o(.text) refers to entry.o(.ARM.Collect$$$$00000000) for __main
    main.o(i.FDCAN_Config) refers to stm32g4xx_hal_fdcan.o(i.HAL_FDCAN_ActivateNotification) for HAL_FDCAN_ActivateNotification
    main.o(i.FDCAN_Config) refers to stm32g4xx_hal_fdcan.o(i.HAL_FDCAN_ConfigFilter) for HAL_FDCAN_ConfigFilter
    main.o(i.FDCAN_Config) refers to stm32g4xx_hal_fdcan.o(i.HAL_FDCAN_Start) for HAL_FDCAN_Start
    main.o(i.FDCAN_Config) refers to fdcan.o(.bss) for hfdcan1
    main.o(i.FDCAN_Config) refers to main.o(.bss) for .bss
    main.o(i.HAL_ADCEx_InjectedConvCpltCallback) refers to control_loop.o(i._electricalAngle) for _electricalAngle
    main.o(i.HAL_ADCEx_InjectedConvCpltCallback) refers to control_loop.o(i.cal_Iq) for cal_Iq
    main.o(i.HAL_ADCEx_InjectedConvCpltCallback) refers to control_loop.o(i.cal_Id) for cal_Id
    main.o(i.HAL_ADCEx_InjectedConvCpltCallback) refers to lowpass_filter.o(i.LowPassFilter_operator) for LowPassFilter_operator
    main.o(i.HAL_ADCEx_InjectedConvCpltCallback) refers to pid.o(i.PID_operator) for PID_operator
    main.o(i.HAL_ADCEx_InjectedConvCpltCallback) refers to svpwm.o(i.svpwm_step) for svpwm_step
    main.o(i.HAL_ADCEx_InjectedConvCpltCallback) refers to memcpya.o(.text) for __aeabi_memcpy4
    main.o(i.HAL_ADCEx_InjectedConvCpltCallback) refers to stm32g4xx_hal_uart.o(i.HAL_UART_Transmit_DMA) for HAL_UART_Transmit_DMA
    main.o(i.HAL_ADCEx_InjectedConvCpltCallback) refers to adc.o(.bss) for hadc1
    main.o(i.HAL_ADCEx_InjectedConvCpltCallback) refers to main.o(.data) for .data
    main.o(i.HAL_ADCEx_InjectedConvCpltCallback) refers to svpwm.o(.bss) for rtU
    main.o(i.HAL_ADCEx_InjectedConvCpltCallback) refers to main.o(.bss) for .bss
    main.o(i.HAL_ADCEx_InjectedConvCpltCallback) refers to usart.o(.bss) for huart3
    main.o(i.SystemClock_Config) refers to memseta.o(.text) for __aeabi_memclr4
    main.o(i.SystemClock_Config) refers to stm32g4xx_hal_pwr_ex.o(i.HAL_PWREx_ControlVoltageScaling) for HAL_PWREx_ControlVoltageScaling
    main.o(i.SystemClock_Config) refers to stm32g4xx_hal_rcc.o(i.HAL_RCC_OscConfig) for HAL_RCC_OscConfig
    main.o(i.SystemClock_Config) refers to stm32g4xx_hal_rcc.o(i.HAL_RCC_ClockConfig) for HAL_RCC_ClockConfig
    main.o(i.SystemClock_Config) refers to stm32g4xx_hal_rcc_ex.o(i.HAL_RCCEx_PeriphCLKConfig) for HAL_RCCEx_PeriphCLKConfig
    main.o(i.main) refers to stm32g4xx_hal.o(i.HAL_Init) for HAL_Init
    main.o(i.main) refers to main.o(i.SystemClock_Config) for SystemClock_Config
[...]
    i.PendSV_Handler                         0x0800551a   Section        0  stm32g4xx_it.o(i.PendSV_Handler)
    i.SVC_Handler                            0x0800551c   Section        0  stm32g4xx_it.o(i.SVC_Handler)
    i.SVPWM1                                 0x08005520   Section        0  svpwm.o(i.SVPWM1)
    SVPWM1                                   0x08005521   Thumb Code   206  svpwm.o(i.SVPWM1)
    i.SysTick_Handler                        0x080055f8   Section        0  stm32g4xx_it.o(i.SysTick_Handler)
    i.SystemClock_Config                     0x080055fc   Section        0  main.o(i.SystemClock_Config)
    i.SystemInit                             0x08005684   Section        0  system_stm32g4xx.o(i.SystemInit)
    i.TIM1_BRK_TIM15_IRQHandler              0x08005694   Section        0  stm32g4xx_it.o(i.TIM1_BRK_TIM15_IRQHandler)
    i.TIM1_CC_IRQHandler                     0x080056a0   Section        0  stm32g4xx_it.o(i.TIM1_CC_IRQHandler)
    i.TIM1_UP_TIM16_IRQHandler               0x080056ac   Section        0  stm32g4xx_it.o(i.TIM1_UP_TIM16_IRQHandler)
    i.TIM4_IRQHandler                        0x080056b8   Section        0  stm32g4xx_it.o(i.TIM4_IRQHandler)
    i.TIM_Base_SetConfig                     0x080056c4   Section        0  stm32g4xx_hal_tim.o(i.TIM_Base_SetConfig)
    i.TIM_CCxChannelCmd                      0x08005774   Section        0  stm32g4xx_hal_tim.o(i.TIM_CCxChannelCmd)
    i.TIM_CCxNChannelCmd                     0x0800578e   Section        0  stm32g4xx_hal_tim_ex.o(i.TIM_CCxNChannelCmd)
    TIM_CCxNChannelCmd                       0x0800578f   Thumb Code    26  stm32g4xx_hal_tim_ex.o(i.TIM_CCxNChannelCmd)
    i.TIM_ETR_SetConfig                      0x080057a8   Section        0  stm32g4xx_hal_tim.o(i.TIM_ETR_SetConfig)
    i.TIM_ITRx_SetConfig                     0x080057bc   Section        0  stm32g4xx_hal_tim.o(i.TIM_ITRx_SetConfig)
    TIM_ITRx_SetConfig                       0x080057bd   Thumb Code    16  stm32g4xx_hal_tim.o(i.TIM_ITRx_SetConfig)
    i.TIM_OC1_SetConfig                      0x080057d0   Section        0  stm32g4xx_hal_tim.o(i.TIM_OC1_SetConfig)
    TIM_OC1_SetConfig                        0x080057d1   Thumb Code   132  stm32g4xx_hal_tim.o(i.TIM_OC1_SetConfig)
    i.TIM_OC2_SetConfig                      0x0800586c   Section        0  stm32g4xx_hal_tim.o(i.TIM_OC2_SetConfig)
    i.TIM_OC3_SetConfig                      0x080058fc   Section        0  stm32g4xx_hal_tim.o(i.TIM_OC3_SetConfig)
    TIM_OC3_SetConfig                        0x080058fd   Thumb Code   118  stm32g4xx_hal_tim.o(i.TIM_OC3_SetConfig)
    i.TIM_OC4_SetConfig                      0x0800598c   Section        0  stm32g4xx_hal_tim.o(i.TIM_OC4_SetConfig)
    TIM_OC4_SetConfig                        0x0800598d   Thumb Code   120  stm32g4xx_hal_tim.o(i.TIM_OC4_SetConfig)
    i.TIM_OC5_SetConfig                      0x08005a1c   Section        0  stm32g4xx_hal_tim.o(i.TIM_OC5_SetConfig)
    TIM_OC5_SetConfig                        0x08005a1d   Thumb Code    86  stm32g4xx_hal_tim.o(i.TIM_OC5_SetConfig)
    i.TIM_OC6_SetConfig                      0x08005a8c   Section        0  stm32g4xx_hal_tim.o(i.TIM_OC6_SetConfig)
    TIM_OC6_SetConfig                        0x08005a8d   Thumb Code    88  stm32g4xx_hal_tim.o(i.TIM_OC6_SetConfig)
    i.TIM_TI1_ConfigInputStage               0x08005afc   Section        0  stm32g4xx_hal_tim.o(i.TIM_TI1_ConfigInputStage)
    TIM_TI1_ConfigInputStage                 0x08005afd   Thumb Code    34  stm32g4xx_hal_tim.o(i.TIM_TI1_ConfigInputStage)
    i.TIM_TI2_ConfigInputStage               0x08005b1e   Section        0  stm32g4xx_hal_tim.o(i.TIM_TI2_ConfigInputStage)
    TIM_TI2_ConfigInputStage                 0x08005b1f   Thumb Code    36  stm32g4xx_hal_tim.o(i.TIM_TI2_ConfigInputStage)
    i.UARTEx_SetNbDataToProcess              0x08005b44   Section        0  stm32g4xx_hal_uart_ex.o(i.UARTEx_SetNbDataToProcess)
    UARTEx_SetNbDataToProcess                0x08005b45   Thumb Code    62  stm32g4xx_hal_uart_ex.o(i.UARTEx_SetNbDataToProcess)
    i.UART_AdvFeatureConfig                  0x08005b88   Section        0  stm32g4xx_hal_uart.o(i.UART_AdvFeatureConfig)
    i.UART_CheckIdleState                    0x08005c50   Section        0  stm32g4xx_hal_uart.o(i.UART_CheckIdleState)
    i.UART_DMAAbortOnError                   0x08005cb0   Section        0  stm32g4xx_hal_uart.o(i.UART_DMAAbortOnError)
    UART_DMAAbortOnError                     0x08005cb1   Thumb Code    20  stm32g4xx_hal_uart.o(i.UART_DMAAbortOnError)
    i.UART_DMAError                          0x08005cc4   Section        0  stm32g4xx_hal_uart.o(i.UART_DMAError)
    UART_DMAError                            0x08005cc5   Thumb Code    80  stm32g4xx_hal_uart.o(i.UART_DMAError)
    i.UART_DMATransmitCplt                   0x08005d14   Section        0  stm32g4xx_hal_uart.o(i.UART_DMATransmitCplt)
    UART_DMATransmitCplt                     0x08005d15   Thumb Code    48  stm32g4xx_hal_uart.o(i.UART_DMATransmitCplt)
    i.UART_DMATxHalfCplt                     0x08005d44   Section        0  stm32g4xx_hal_uart.o(i.UART_DMATxHalfCplt)
    UART_DMATxHalfCplt                       0x08005d45   Thumb Code    10  stm32g4xx_hal_uart.o(i.UART_DMATxHalfCplt)
    i.UART_EndRxTransfer                     0x08005d50   Section        0  stm32g4xx_hal_uart.o(i.UART_EndRxTransfer)
    UART_EndRxTransfer                       0x08005d51   Thumb Code    50  stm32g4xx_hal_uart.o(i.UART_EndRxTransfer)
    i.UART_EndTxTransfer                     0x08005d88   Section        0  stm32g4xx_hal_uart.o(i.UART_EndTxTransfer)
    UART_EndTxTransfer                       0x08005d89   Thumb Code    28  stm32g4xx_hal_uart.o(i.UART_EndTxTransfer)
    i.UART_SetConfig                         0x08005da4   Section        0  stm32g4xx_hal_uart.o(i.UART_SetConfig)
    i.UART_WaitOnFlagUntilTimeout            0x08006018   Section        0  stm32g4xx_hal_uart.o(i.UART_WaitOnFlagUntilTimeout)
    i.USART3_IRQHandler                      0x080060bc   Section        0  stm32g4xx_it.o(i.USART3_IRQHandler)
    i.UsageFault_Handler                     0x080060c8   Section        0  stm32g4xx_it.o(i.UsageFault_Handler)
    i.__ARM_fpclassifyf                      0x080060ca   Section        0  fpclassifyf.o(i.__ARM_fpclassifyf)
    i.__NVIC_SetPriority                     0x080060f0   Section        0  stm32g4xx_hal_cortex.o(i.__NVIC_SetPriority)
    __NVIC_SetPriority                       0x080060f1   Thumb Code    32  stm32g4xx_hal_cortex.o(i.__NVIC_SetPriority)
    i.__hardfp_cosf                          0x08006110   Section        0  cosf.o(i.__hardfp_cosf)
    i.__hardfp_fmaxf                         0x08006260   Section        0  fmaxf.o(i.__hardfp_fmaxf)
    i.__hardfp_fminf                         0x080062a8   Section        0  fminf.o(i.__hardfp_fminf)
    i.__hardfp_fmod                          0x080062f0   Section        0  fmod.o(i.__hardfp_fmod)
    i.__hardfp_sinf                          0x080063f4   Section        0  sinf.o(i.__hardfp_sinf)
    i.__mathlib_dbl_invalid                  0x08006588   Section        0  dunder.o(i.__mathlib_dbl_invalid)
    i.__mathlib_flt_infnan                   0x080065a8   Section        0  funder.o(i.__mathlib_flt_infnan)
    i.__mathlib_flt_invalid                  0x080065b0   Section        0  funder.o(i.__mathlib_flt_invalid)
    i.__mathlib_flt_underflow                0x080065c0   Section        0  funder.o(i.__mathlib_flt_underflow)
    i.__mathlib_rredf2                       0x080065d0   Section        0  rredf.o(i.__mathlib_rredf2)
    i.__scatterload_copy                     0x08006724   Section       14  handlers.o(i.__scatterload_copy)
    i.__scatterload_null                     0x08006732   Section        2  handlers.o(i.__scatterload_null)
    i.__scatterload_zeroinit                 0x08006734   Section       14  handlers.o(i.__scatterload_zeroinit)
    i.__set_errno                            0x08006744   Section        0  errno.o(i.__set_errno)
    i._electricalAngle                       0x08006750   Section        0  control_loop.o(i._electricalAngle)
    i._normalizeAngle                        0x08006780   Section        0  control_loop.o(i._normalizeAngle)
    i.cal_Id                                 0x080067c4   Section        0  control_loop.o(i.cal_Id)
    i.cal_Iq                                 0x08006814   Section        0  control_loop.o(i.cal_Iq)
    i.delay_init                             0x08006868   Section        0  delay.o(i.delay_init)
    i.delay_ms                               0x0800687c   Section        0  delay.o(i.delay_ms)
    i.delay_us                               0x08006888   Section        0  delay.o(i.delay_us)
    i.main                                   0x080068bc   Section        0  main.o(i.main)
    i.svpwm_step                             0x08006a14   Section        0  svpwm.o(i.svpwm_step)
    .constdata                               0x08006a68   Section       16  stm32g4xx_hal_fdcan.o(.constdata)
    DLCtoBytes                               0x08006a68   Data          16  stm32g4xx_hal_fdcan.o(.constdata)
    .constdata                               0x08006a78   Section       24  stm32g4xx_hal_uart.o(.constdata)
    .constdata                               0x08006a90   Section       16  stm32g4xx_hal_uart_ex.o(.constdata)
    numerator                                0x08006a90   Data           8  stm32g4xx_hal_uart_ex.o(.constdata)
    denominator                              0x08006a98   Data           8  stm32g4xx_hal_uart_ex.o(.constdata)
    .constdata                               0x08006aa0   Section       16  system_stm32g4xx.o(.constdata)
    .constdata                               0x08006ab0   Section        8  system_stm32g4xx.o(.constdata)
    .constdata                               0x08006ab8   Section       12  svpwm_data.o(.constdata)
    .constdata                               0x08006ac4   Section       32  rredf.o(.constdata)
    twooverpi                                0x08006ac4   Data          32  rredf.o(.constdata)
    .data                                    0x20000000   Section        4  main.o(.data)
    .data                                    0x20000004   Section        4  main.o(.data)
    .data                                    0x20000008   Section        4  main.o(.data)
    .data                                    0x2000000c   Section      172  main.o(.data)
    cnt                                      0x2000000d   Data           1  main.o(.data)
    tempData                                 0x20000090   Data          40  main.o(.data)
    .data                                    0x200000b8   Section        4  adc.o(.data)
    HAL_RCC_ADC12_CLK_ENABLED                0x200000b8   Data           4  adc.o(.data)
    .data                                    0x200000bc   Section        4  delay.o(.data)
    g_fac_us                                 0x200000bc   Data           4  delay.o(.data)
    .data                                    0x200000c0   Section       12  stm32g4xx_hal.o(.data)
    .data                                    0x200000cc   Section        4  system_stm32g4xx.o(.data)
    .data                                    0x200000d0   Section        4  errno.o(.data)
    _errno                                   0x200000d0   Data           4  errno.o(.data)
    .bss                                     0x200000d4   Section       72  main.o(.bss)
    .bss                                     0x2000011c   Section       40  main.o(.bss)
    .bss                                     0x20000144   Section      216  adc.o(.bss)
    .bss                                     0x2000021c   Section       36  comp.o(.bss)
    .bss                                     0x20000240   Section       40  dac.o(.bss)
    .bss                                     0x20000268   Section      100  fdcan.o(.bss)
    .bss                                     0x200002cc   Section      180  opamp.o(.bss)
    .bss                                     0x20000380   Section      152  tim.o(.bss)
    .bss                                     0x20000418   Section      240  usart.o(.bss)
    .bss                                     0x20000508   Section       28  svpwm.o(.bss)
    STACK                                    0x20000528   Section     1024  startup_stm32g431xx.o(STACK)

    Global Symbols

    Symbol Name                              Value     Ov Type        Size  Object(Section)

    BuildAttributes$$THM_ISAv4$E$P$D$K$B$S$7EM$VFPi3$EXTD16$VFPS$VFMA$PE$A:L22UL41UL21$X:L11$S22US41US21$IEEE1$IW$USESV6$~STKCKD$USESV7$~SHL$OTIME$ROPI$IEEEX$EBA8$MICROLIB$REQ8$PRES8$EABIv2 0x00000000   Number         0  anon$$obj.o ABSOLUTE
    __ARM_use_no_argv                        0x00000000   Number         0  main.o ABSOLUTE
    __arm_fini_                               - Undefined Weak Reference
    __cpp_initialize__aeabi_                  - Undefined Weak Reference
    __cxa_finalize                            - Undefined Weak Reference
    __decompress                              - Undefined Weak Reference
    _clock_init                               - Undefined Weak Reference
    _microlib_exit                            - Undefined Weak Reference
    __Vectors_Size                           0x000001d8   Number         0  startup_stm32g431xx.o ABSOLUTE
    __Vectors                                0x08000000   Data           4  startup_stm32g431xx.o(RESET)
    __Vectors_End                            0x080001d8   Data           0  startup_stm32g431xx.o(RESET)
    __main                                   0x080001d9   Thumb Code     0  entry.o(.ARM.Collect$$$$00000000)
    _main_stk                                0x080001d9   Thumb Code     0  entry2.o(.ARM.Collect$$$$00000001)
    _main_scatterload                        0x080001dd   Thumb Code     0  entry5.o(.ARM.Collect$$$$00000004)
    __main_after_scatterload                 0x080001e1   Thumb Code     0  entry5.o(.ARM.Collect$$$$00000004)
    _main_clock                              0x080001e1   Thumb Code     0  entry7b.o(.ARM.Collect$$$$00000008)
    _main_cpp_init                           0x080001e1   Thumb Code     0  entry8b.o(.ARM.Collect$$$$0000000A)
    _main_init                               0x080001e1   Thumb Code     0  entry9a.o(.ARM.Collect$$$$0000000B)
    __rt_lib_shutdown_fini                   0x080001e9   Thumb Code     0  entry12b.o(.ARM.Collect$$$$0000000E)
    __rt_final_cpp                           0x080001ed   Thumb Code     0  entry10a.o(.ARM.Collect$$$$0000000F)
    __rt_final_exit                          0x080001ed   Thumb Code     0  entry11a.o(.ARM.Collect$$$$00000011)
    Reset_Handler                            0x080001f1   Thumb Code     8  startup_stm32g431xx.o(.text)
    COMP4_IRQHandler                         0x0800020b   Thumb Code     0  startup_stm32g431xx.o(.text)
    CORDIC_IRQHandler                        0x0800020b   Thumb Code     0  startup_stm32g431xx.o(.text)
    CRS_IRQHandler                           0x0800020b   Thumb Code     0  startup_stm32g431xx.o(.text)
    DMA1_Channel2_IRQHandler                 0x0800020b   Thumb Code     0  startup_stm32g431xx.o(.text)
    DMA1_Channel3_IRQHandler                 0x0800020b   Thumb Code     0  startup_stm32g431xx.o(.text)
    DMA1_Channel4_IRQHandler                 0x0800020b   Thumb Code     0  startup_stm32g431xx.o(.text)
    DMA1_Channel5_IRQHandler                 0x0800020b   Thumb Code     0  startup_stm32g431xx.o(.text)
    DMA1_Channel6_IRQHandler                 0x0800020b   Thumb Code     0  startup_stm32g431xx.o(.text)
    DMA2_Channel1_IRQHandler                 0x0800020b   Thumb Code     0  startup_stm32g431xx.o(.text)
    DMA2_Channel2_IRQHandler                 0x0800020b   Thumb Code     0  startup_stm32g431xx.o(.text)
    DMA2_Channel3_IRQHandler                 0x0800020b   Thumb Code     0  startup_stm32g431xx.o(.text)
    DMA2_Channel4_IRQHandler                 0x0800020b   Thumb Code     0  startup_stm32g431xx.o(.text)
    DMA2_Channel5_IRQHandler                 0x0800020b   Thumb Code     0  startup_stm32g431xx.o(.text)
    DMA2_Channel6_IRQHandler                 0x0800020b   Thumb Code     0  startup_stm32g431xx.o(.text)
    DMAMUX_OVR_IRQHandler                    0x0800020b   Thumb Code     0  startup_stm32g431xx.o(.text)
    EXTI0_IRQHandler                         0x0800020b   Thumb Code     0  startup_stm32g431xx.o(.text)
    EXTI1_IRQHandler                         0x0800020b   Thumb Code     0  startup_stm32g431xx.o(.text)
    EXTI2_IRQHandler                         0x0800020b   Thumb Code     0  startup_stm32g431xx.o(.text)
    EXTI3_IRQHandler                         0x0800020b   Thumb Code     0  startup_stm32g431xx.o(.text)
    EXTI4_IRQHandler                         0x0800020b   Thumb Code     0  startup_stm32g431xx.o(.text)
    EXTI9_5_IRQHandler                       0x0800020b   Thumb Code     0  startup_stm32g431xx.o(.text)
    FDCAN1_IT1_IRQHandler                    0x0800020b   Thumb Code     0  startup_stm32g431xx.o(.text)
    FLASH_IRQHandler                         0x0800020b   Thumb Code     0  startup_stm32g431xx.o(.text)
    FMAC_IRQHandler                          0x0800020b   Thumb Code     0  startup_stm32g431xx.o(.text)
    FPU_IRQHandler                           0x0800020b   Thumb Code     0  startup_stm32g431xx.o(.text)
    I2C1_ER_IRQHandler                       0x0800020b   Thumb Code     0  startup_stm32g431xx.o(.text)
    I2C1_EV_IRQHandler                       0x0800020b   Thumb Code     0  startup_stm32g431xx.o(.text)
    I2C2_ER_IRQHandler                       0x0800020b   Thumb Code     0  startup_stm32g431xx.o(.text)
    I2C2_EV_IRQHandler                       0x0800020b   Thumb Code     0  startup_stm32g431xx.o(.text)
    I2C3_ER_IRQHandler                       0x0800020b   Thumb Code     0  startup_stm32g431xx.o(.text)
    I2C3_EV_IRQHandler                       0x0800020b   Thumb Code     0  startup_stm32g431xx.o(.text)
    LPTIM1_IRQHandler                        0x0800020b   Thumb Code     0  startup_stm32g431xx.o(.text)
    LPUART1_IRQHandler                       0x0800020b   Thumb Code     0  startup_stm32g431xx.o(.text)
    PVD_PVM_IRQHandler                       0x0800020b   Thumb Code     0  startup_stm32g431xx.o(.text)
    RCC_IRQHandler                           0x0800020b   Thumb Code     0  startup_stm32g431xx.o(.text)
    RNG_IRQHandler                           0x0800020b   Thumb Code     0  startup_stm32g431xx.o(.text)
    RTC_Alarm_IRQHandler                     0x0800020b   Thumb Code     0  startup_stm32g431xx.o(.text)
    RTC_TAMP_LSECSS_IRQHandler               0x0800020b   Thumb Code     0  startup_stm32g431xx.o(.text)
    RTC_WKUP_IRQHandler                      0x0800020b   Thumb Code     0  startup_stm32g431xx.o(.text)
    SAI1_IRQHandler                          0x0800020b   Thumb Code     0  startup_stm32g431xx.o(.text)
    SPI1_IRQHandler                          0x0800020b   Thumb Code     0  startup_stm32g431xx.o(.text)
    SPI2_IRQHandler                          0x0800020b   Thumb Code     0  startup_stm32g431xx.o(.text)
    SPI3_IRQHandler                          0x0800020b   Thumb Code     0  startup_stm32g431xx.o(.text)
    TIM1_TRG_COM_TIM17_IRQHandler            0x0800020b   Thumb Code     0  startup_stm32g431xx.o(.text)
    TIM2_IRQHandler                          0x0800020b   Thumb Code     0  startup_stm32g431xx.o(.text)
    TIM3_IRQHandler                          0x0800020b   Thumb Code     0  startup_stm32g431xx.o(.text)
    TIM6_DAC_IRQHandler                      0x0800020b   Thumb Code     0  startup_stm32g431xx.o(.text)
    TIM7_IRQHandler                          0x0800020b   Thumb Code     0  startup_stm32g431xx.o(.text)
    TIM8_BRK_IRQHandler                      0x0800020b   Thumb Code     0  startup_stm32g431xx.o(.text)
    TIM8_CC_IRQHandler                       0x0800020b   Thumb Code     0  startup_stm32g431xx.o(.text)
    TIM8_TRG_COM_IRQHandler                  0x0800020b   Thumb Code     0  startup_stm32g431xx.o(.text)
    TIM8_UP_IRQHandler                       0x0800020b   Thumb Code     0  startup_stm32g431xx.o(.text)
    UART4_IRQHandler                         0x0800020b   Thumb Code     0  startup_stm32g431xx.o(.text)
    UCPD1_IRQHandler                         0x0800020b   Thumb Code     0  startup_stm32g431xx.o(.text)
    USART1_IRQHandler                        0x0800020b   Thumb Code     0  startup_stm32g431xx.o(.text)
    USART2_IRQHandler                        0x0800020b   Thumb Code     0  startup_stm32g431xx.o(.text)
    USBWakeUp_IRQHandler                     0x0800020b   Thumb Code     0  startup_stm32g431xx.o(.text)
    USB_HP_IRQHandler                        0x0800020b   Thumb Code     0  startup_stm32g431xx.o(.text)
    USB_LP_IRQHandler                        0x0800020b   Thumb Code     0  startup_stm32g431xx.o(.text)
    WWDG_IRQHandler                          0x0800020b   Thumb Code     0  startup_stm32g431xx.o(.text)
    __aeabi_uldivmod                         0x08000215   Thumb Code    98  uldiv.o(.text)
    __aeabi_memcpy                           0x08000277   Thumb Code    36  memcpya.o(.text)
    __aeabi_memcpy4                          0x08000277   Thumb Code     0  memcpya.o(.text)
    __aeabi_memcpy8                          0x08000277   Thumb Code     0  memcpya.o(.text)
    __aeabi_memset                           0x0800029b   Thumb Code    14  memseta.o(.text)
    __aeabi_memset4                          0x0800029b   Thumb Code     0  memseta.o(.text)
    __aeabi_memset8                          0x0800029b   Thumb Code     0  memseta.o(.text)
    __aeabi_memclr                           0x080002a9   Thumb Code     4  memseta.o(.text)
    __aeabi_memclr4                          0x080002a9   Thumb Code     0  memseta.o(.text)
    __aeabi_memclr8                          0x080002a9   Thumb Code     0  memseta.o(.text)
    _memset$wrapper                          0x080002ad   Thumb Code    18  memseta.o(.text)
    __aeabi_f2d                              0x080002bf   Thumb Code    38  f2d.o(.text)
    __aeabi_d2f                              0x080002e5   Thumb Code    56  d2f.o(.text)
    __aeabi_llsl                             0x0800031d   Thumb Code    30  llshl.o(.text)
    _ll_shift_l                              0x0800031d   Thumb Code     0  llshl.o(.text)
    __aeabi_llsr                             0x0800033b   Thumb Code    32  llushr.o(.text)
    _ll_ushift_r                             0x0800033b   Thumb Code     0  llushr.o(.text)
    __I$use$fp                               0x0800035b   Thumb Code     0  iusefp.o(.text)
    _float_round                             0x0800035b   Thumb Code    18  fepilogue.o(.text)
    _float_epilogue                          0x0800036d   Thumb Code    92  fepilogue.o(.text)
    __aeabi_dadd                             0x080003c9   Thumb Code   322  dadd.o(.text)
    __aeabi_dsub                             0x0800050b   Thumb Code     6  dadd.o(.text)
    __aeabi_drsub                            0x08000511   Thumb Code     6  dadd.o(.text)
    _drem                                    0x08000517   Thumb Code   134  drem.o(.text)
    __ARM_fcmp4                              0x0800059d   Thumb Code    54  fcmp4.o(.text)
    _fcmp4                                   0x0800059d   Thumb Code     0  fcmp4.o(.text)
    __scatterload                            0x080005d5   Thumb Code    28  init.o(.text)
    __scatterload_rt2                        0x080005d5   Thumb Code     0  init.o(.text)
    __aeabi_lasr                             0x080005f9   Thumb Code    36  llsshr.o(.text)
    _ll_sshift_r                             0x080005f9   Thumb Code     0  llsshr.o(.text)
    _double_round                            0x0800061d   Thumb Code    30  depilogue.o(.text)
    _double_epilogue                         0x0800063b   Thumb Code   156  depilogue.o(.text)
    __aeabi_ddiv                             0x080006d7   Thumb Code   222  ddiv.o(.text)
    arm_cos_f32                              0x080007b5   Thumb Code   160  arm_cos_f32.o(.text.arm_cos_f32)
    arm_offset_f32                           0x08000855   Thumb Code   110  arm_offset_f32.o(.text.arm_offset_f32)
    arm_scale_f32                            0x080008c5   Thumb Code   110  arm_scale_f32.o(.text.arm_scale_f32)
    arm_sin_f32                              0x08000935   Thumb Code   152  arm_sin_f32.o(.text.arm_sin_f32)
    ADC1_2_IRQHandler                        0x080009cd   Thumb Code    18  stm32g4xx_it.o(i.ADC1_2_IRQHandler)
    ADC_Disable                              0x080009e9   Thumb Code   106  stm32g4xx_hal_adc.o(i.ADC_Disable)
    ADC_Enable                               0x08000a59   Thumb Code   110  stm32g4xx_hal_adc.o(i.ADC_Enable)
    BusFault_Handler                         0x08000acd   Thumb Code     2  stm32g4xx_it.o(i.BusFault_Handler)
    COMP1_2_3_IRQHandler                     0x08000ad1   Thumb Code     6  stm32g4xx_it.o(i.COMP1_2_3_IRQHandler)
    DMA1_Channel1_IRQHandler                 0x08000add   Thumb Code     6  stm32g4xx_it.o(i.DMA1_Channel1_IRQHandler)
    DebugMon_Handler                         0x08000b8b   Thumb Code     2  stm32g4xx_it.o(i.DebugMon_Handler)
    EXTI15_10_IRQHandler                     0x08000b8d   Thumb Code    30  stm32g4xx_it.o(i.EXTI15_10_IRQHandler)
    Error_Handler                            0x08000bab   Thumb Code     4  main.o(i.Error_Handler)
    FDCAN1_IT0_IRQHandler                    0x08000bb1   Thumb Code    24  stm32g4xx_it.o(i.FDCAN1_IT0_IRQHandler)
    FDCAN_Config                             0x08000bd5   Thumb Code    82  main.o(i.FDCAN_Config)
    HAL_ADCEx_Calibration_Start              0x08000c31   Thumb Code   138  stm32g4xx_hal_adc_ex.o(i.HAL_ADCEx_Calibration_Start)
    HAL_ADCEx_EndOfSamplingCallback          0x08000cc5   Thumb Code     2  stm32g4xx_hal_adc_ex.o(i.HAL_ADCEx_EndOfSamplingCallback)
    HAL_ADCEx_InjectedConfigChannel          0x08000cc9   Thumb Code  1264  stm32g4xx_hal_adc_ex.o(i.HAL_ADCEx_InjectedConfigChannel)
    HAL_ADCEx_InjectedConvCpltCallback       0x080011e1   Thumb Code   526  main.o(i.HAL_ADCEx_InjectedConvCpltCallback)
    HAL_ADCEx_InjectedQueueOverflowCallback  0x08001419   Thumb Code     2  stm32g4xx_hal_adc_ex.o(i.HAL_ADCEx_InjectedQueueOverflowCallback)
    HAL_ADCEx_InjectedStart                  0x0800141d   Thumb Code   220  stm32g4xx_hal_adc_ex.o(i.HAL_ADCEx_InjectedStart)
    HAL_ADCEx_InjectedStart_IT               0x08001505   Thumb Code   282  stm32g4xx_hal_adc_ex.o(i.HAL_ADCEx_InjectedStart_IT)
    HAL_ADCEx_LevelOutOfWindow2Callback      0x0800162d   Thumb Code     2  stm32g4xx_hal_adc_ex.o(i.HAL_ADCEx_LevelOutOfWindow2Callback)
    HAL_ADCEx_LevelOutOfWindow3Callback      0x0800162f   Thumb Code     2  stm32g4xx_hal_adc_ex.o(i.HAL_ADCEx_LevelOutOfWindow3Callback)
    HAL_ADCEx_MultiModeConfigChannel         0x08001631   Thumb Code   208  stm32g4xx_hal_adc_ex.o(i.HAL_ADCEx_MultiModeConfigChannel)
    HAL_ADC_ConfigChannel                    0x08001709   Thumb Code  1006  stm32g4xx_hal_adc.o(i.HAL_ADC_ConfigChannel)
    HAL_ADC_ConvCpltCallback                 0x08001b2d   Thumb Code     2  stm32g4xx_hal_adc.o(i.HAL_ADC_ConvCpltCallback)
    HAL_ADC_ErrorCallback                    0x08001b2f   Thumb Code     2  stm32g4xx_hal_adc.o(i.HAL_ADC_ErrorCallback)
    HAL_ADC_GetValue                         0x08001b31   Thumb Code     6  stm32g4xx_hal_adc.o(i.HAL_ADC_GetValue)
    HAL_ADC_IRQHandler                       0x08001b39   Thumb Code   612  stm32g4xx_hal_adc.o(i.HAL_ADC_IRQHandler)
    HAL_ADC_Init                             0x08001da5   Thumb Code   476  stm32g4xx_hal_adc.o(i.HAL_ADC_Init)
    HAL_ADC_LevelOutOfWindowCallback         0x08001fa1   Thumb Code     2  stm32g4xx_hal_adc.o(i.HAL_ADC_LevelOutOfWindowCallback)
    HAL_ADC_MspInit                          0x08001fa5   Thumb Code   202  adc.o(i.HAL_ADC_MspInit)
    HAL_ADC_Start                            0x08002081   Thumb Code   230  stm32g4xx_hal_adc.o(i.HAL_ADC_Start)
    HAL_COMP_IRQHandler                      0x08002175   Thumb Code    64  stm32g4xx_hal_comp.o(i.HAL_COMP_IRQHandler)
    HAL_COMP_Init                            0x080021bd   Thumb Code   264  stm32g4xx_hal_comp.o(i.HAL_COMP_Init)
    HAL_COMP_MspInit                         0x080022dd   Thumb Code    80  comp.o(i.HAL_COMP_MspInit)
    HAL_COMP_TriggerCallback                 0x08002339   Thumb Code     2  stm32g4xx_hal_comp.o(i.HAL_COMP_TriggerCallback)
    HAL_DAC_ConfigChannel                    0x0800233d   Thumb Code   428  stm32g4xx_hal_dac.o(i.HAL_DAC_ConfigChannel)
    HAL_DAC_Init                             0x080024f1   Thumb Code    40  stm32g4xx_hal_dac.o(i.HAL_DAC_Init)
    HAL_DAC_MspInit                          0x08002519   Thumb Code   106  dac.o(i.HAL_DAC_MspInit)
    HAL_DMA_Abort                            0x08002591   Thumb Code   106  stm32g4xx_hal_dma.o(i.HAL_DMA_Abort)
    HAL_DMA_Abort_IT                         0x080025fb   Thumb Code   120  stm32g4xx_hal_dma.o(i.HAL_DMA_Abort_IT)
    HAL_DMA_IRQHandler                       0x08002673   Thumb Code   186  stm32g4xx_hal_dma.o(i.HAL_DMA_IRQHandler)
    HAL_DMA_Init                             0x0800272d   Thumb Code   178  stm32g4xx_hal_dma.o(i.HAL_DMA_Init)
    HAL_DMA_Start_IT                         0x080027ed   Thumb Code   140  stm32g4xx_hal_dma.o(i.HAL_DMA_Start_IT)
    HAL_Delay                                0x08002879   Thumb Code     6  delay.o(i.HAL_Delay)
    HAL_FDCAN_ActivateNotification           0x0800287f   Thumb Code   224  stm32g4xx_hal_fdcan.o(i.HAL_FDCAN_ActivateNotification)
    HAL_FDCAN_ConfigFilter                   0x0800295f   Thumb Code    92  stm32g4xx_hal_fdcan.o(i.HAL_FDCAN_ConfigFilter)
    HAL_FDCAN_ErrorCallback                  0x080029bb   Thumb Code     2  stm32g4xx_hal_fdcan.o(i.HAL_FDCAN_ErrorCallback)
    HAL_FDCAN_ErrorStatusCallback            0x080029bd   Thumb Code     2  stm32g4xx_hal_fdcan.o(i.HAL_FDCAN_ErrorStatusCallback)
    HAL_FDCAN_GetRxMessage                   0x080029c1   Thumb Code   234  stm32g4xx_hal_fdcan.o(i.HAL_FDCAN_GetRxMessage)
    HAL_FDCAN_HighPriorityMessageCallback    0x08002ab1   Thumb Code     2  stm32g4xx_hal_fdcan.o(i.HAL_FDCAN_HighPriorityMessageCallback)
    HAL_FDCAN_IRQHandler                     0x08002ab3   Thumb Code   352  stm32g4xx_hal_fdcan.o(i.HAL_FDCAN_IRQHandler)
    HAL_FDCAN_Init                           0x08002c15   Thumb Code   498  stm32g4xx_hal_fdcan.o(i.HAL_FDCAN_Init)
    HAL_FDCAN_MspInit                        0x08002e19   Thumb Code   104  fdcan.o(i.HAL_FDCAN_MspInit)
    HAL_FDCAN_RxFifo0Callback                0x08002e89   Thumb Code     2  stm32g4xx_hal_fdcan.o(i.HAL_FDCAN_RxFifo0Callback)
    HAL_FDCAN_RxFifo1Callback                0x08002e8b   Thumb Code     2  stm32g4xx_hal_fdcan.o(i.HAL_FDCAN_RxFifo1Callback)
    HAL_FDCAN_Start                          0x08002e8d   Thumb Code    44  stm32g4xx_hal_fdcan.o(i.HAL_FDCAN_Start)
    HAL_FDCAN_TimeoutOccurredCallback        0x08002eb9   Thumb Code     2  stm32g4xx_hal_fdcan.o(i.HAL_FDCAN_TimeoutOccurredCallback)
    HAL_FDCAN_TimestampWraparoundCallback    0x08002ebb   Thumb Code     2  stm32g4xx_hal_fdcan.o(i.HAL_FDCAN_TimestampWraparoundCallback)
    HAL_FDCAN_TxBufferAbortCallback          0x08002ebd   Thumb Code     2  stm32g4xx_hal_fdcan.o(i.HAL_FDCAN_TxBufferAbortCallback)
    HAL_FDCAN_TxBufferCompleteCallback       0x08002ebf   Thumb Code     2  stm32g4xx_hal_fdcan.o(i.HAL_FDCAN_TxBufferCompleteCallback)
    HAL_FDCAN_TxEventFifoCallback            0x08002ec1   Thumb Code     2  stm32g4xx_hal_fdcan.o(i.HAL_FDCAN_TxEventFifoCallback)
    HAL_FDCAN_TxFifoEmptyCallback            0x08002ec3   Thumb Code     2  stm32g4xx_hal_fdcan.o(i.HAL_FDCAN_TxFifoEmptyCallback)
    HAL_GPIO_EXTI_Callback                   0x08002ec5   Thumb Code     2  stm32g4xx_hal_gpio.o(i.HAL_GPIO_EXTI_Callback)
    HAL_GPIO_EXTI_IRQHandler                 0x08002ec9   Thumb Code    18  stm32g4xx_hal_gpio.o(i.HAL_GPIO_EXTI_IRQHandler)
    HAL_GPIO_Init                            0x08002ee1   Thumb Code   422  stm32g4xx_hal_gpio.o(i.HAL_GPIO_Init)
    HAL_GPIO_WritePin                        0x080030a9   Thumb Code    10  stm32g4xx_hal_gpio.o(i.HAL_GPIO_WritePin)
    HAL_GetTick                              0x080030b5   Thumb Code     6  stm32g4xx_hal.o(i.HAL_GetTick)
    HAL_IncTick                              0x080030c1   Thumb Code    12  stm32g4xx_hal.o(i.HAL_IncTick)
    HAL_Init                                 0x080030d1   Thumb Code    30  stm32g4xx_hal.o(i.HAL_Init)
    HAL_InitTick                             0x080030f1   Thumb Code    58  stm32g4xx_hal.o(i.HAL_InitTick)
    HAL_MspInit                              0x08003135   Thumb Code    42  stm32g4xx_hal_msp.o(i.HAL_MspInit)
    HAL_NVIC_EnableIRQ                       0x08003165   Thumb Code    26  stm32g4xx_hal_cortex.o(i.HAL_NVIC_EnableIRQ)
    HAL_NVIC_SetPriority                     0x08003181   Thumb Code    60  stm32g4xx_hal_cortex.o(i.HAL_NVIC_SetPriority)
    HAL_NVIC_SetPriorityGrouping             0x080031c1   Thumb Code    26  stm32g4xx_hal_cortex.o(i.HAL_NVIC_SetPriorityGrouping)
    HAL_OPAMP_Init                           0x080031e5   Thumb Code   236  stm32g4xx_hal_opamp.o(i.HAL_OPAMP_Init)
    HAL_OPAMP_MspInit                        0x080032d9   Thumb Code   134  opamp.o(i.HAL_OPAMP_MspInit)
    HAL_OPAMP_Start                          0x0800336d   Thumb Code    44  stm32g4xx_hal_opamp.o(i.HAL_OPAMP_Start)
    HAL_PWREx_ControlVoltageScaling          0x08003399   Thumb Code   174  stm32g4xx_hal_pwr_ex.o(i.HAL_PWREx_ControlVoltageScaling)
    HAL_PWREx_DisableUCPDDeadBattery         0x08003455   Thumb Code    12  stm32g4xx_hal_pwr_ex.o(i.HAL_PWREx_DisableUCPDDeadBattery)
    HAL_RCCEx_PeriphCLKConfig                0x08003465   Thumb Code   638  stm32g4xx_hal_rcc_ex.o(i.HAL_RCCEx_PeriphCLKConfig)
    HAL_RCC_ClockConfig                      0x080036ed   Thumb Code   444  stm32g4xx_hal_rcc.o(i.HAL_RCC_ClockConfig)
    HAL_RCC_GetHCLKFreq                      0x080038c9   Thumb Code     6  stm32g4xx_hal_rcc.o(i.HAL_RCC_GetHCLKFreq)
    HAL_RCC_GetPCLK1Freq                     0x080038d5   Thumb Code    24  stm32g4xx_hal_rcc.o(i.HAL_RCC_GetPCLK1Freq)
    HAL_RCC_GetPCLK2Freq                     0x080038f9   Thumb Code    24  stm32g4xx_hal_rcc.o(i.HAL_RCC_GetPCLK2Freq)
    HAL_RCC_GetSysClockFreq                  0x0800391d   Thumb Code    98  stm32g4xx_hal_rcc.o(i.HAL_RCC_GetSysClockFreq)
    HAL_RCC_OscConfig                        0x0800398d   Thumb Code  1036  stm32g4xx_hal_rcc.o(i.HAL_RCC_OscConfig)
    HAL_SYSTICK_CLKSourceConfig              0x08003d99   Thumb Code    24  stm32g4xx_hal_cortex.o(i.HAL_SYSTICK_CLKSourceConfig)
    HAL_SYSTICK_Config                       0x08003db1   Thumb Code    40  stm32g4xx_hal_cortex.o(i.HAL_SYSTICK_Config)
    HAL_TIMEx_Break2Callback                 0x08003dd9   Thumb Code     2  stm32g4xx_hal_tim_ex.o(i.HAL_TIMEx_Break2Callback)
    HAL_TIMEx_BreakCallback                  0x08003ddb   Thumb Code     2  stm32g4xx_hal_tim_ex.o(i.HAL_TIMEx_BreakCallback)
    HAL_TIMEx_CommutCallback                 0x08003ddd   Thumb Code     2  stm32g4xx_hal_tim_ex.o(i.HAL_TIMEx_CommutCallback)
    HAL_TIMEx_ConfigBreakDeadTime            0x08003de1   Thumb Code   164  stm32g4xx_hal_tim_ex.o(i.HAL_TIMEx_ConfigBreakDeadTime)
    HAL_TIMEx_ConfigBreakInput               0x08003e8d   Thumb Code   190  stm32g4xx_hal_tim_ex.o(i.HAL_TIMEx_ConfigBreakInput)
    HAL_TIMEx_DirectionChangeCallback        0x08003f4b   Thumb Code     2  stm32g4xx_hal_tim_ex.o(i.HAL_TIMEx_DirectionChangeCallback)
    HAL_TIMEx_EncoderIndexCallback           0x08003f4d   Thumb Code     2  stm32g4xx_hal_tim_ex.o(i.HAL_TIMEx_EncoderIndexCallback)
    HAL_TIMEx_IndexErrorCallback             0x08003f4f   Thumb Code     2  stm32g4xx_hal_tim_ex.o(i.HAL_TIMEx_IndexErrorCallback)
    HAL_TIMEx_MasterConfigSynchronization    0x08003f51   Thumb Code   132  stm32g4xx_hal_tim_ex.o(i.HAL_TIMEx_MasterConfigSynchronization)
    HAL_TIMEx_PWMN_Start                     0x08003fed   Thumb Code   158  stm32g4xx_hal_tim_ex.o(i.HAL_TIMEx_PWMN_Start)
    HAL_TIMEx_TransitionErrorCallback        0x080040a5   Thumb Code     2  stm32g4xx_hal_tim_ex.o(i.HAL_TIMEx_TransitionErrorCallback)
    HAL_TIM_Base_Init                        0x080040a7   Thumb Code    98  stm32g4xx_hal_tim.o(i.HAL_TIM_Base_Init)
    HAL_TIM_Base_MspInit                     0x08004109   Thumb Code   170  tim.o(i.HAL_TIM_Base_MspInit)
    HAL_TIM_Base_Start                       0x080041c5   Thumb Code    84  stm32g4xx_hal_tim.o(i.HAL_TIM_Base_Start)
    HAL_TIM_ConfigClockSource                0x08004231   Thumb Code   240  stm32g4xx_hal_tim.o(i.HAL_TIM_ConfigClockSource)
    HAL_TIM_IC_CaptureCallback               0x08004329   Thumb Code     2  stm32g4xx_hal_tim.o(i.HAL_TIM_IC_CaptureCallback)
    HAL_TIM_IRQHandler                       0x0800432b   Thumb Code   508  stm32g4xx_hal_tim.o(i.HAL_TIM_IRQHandler)
    HAL_TIM_MspPostInit                      0x08004529   Thumb Code   136  tim.o(i.HAL_TIM_MspPostInit)
    HAL_TIM_OC_DelayElapsedCallback          0x080045bd   Thumb Code     2  stm32g4xx_hal_tim.o(i.HAL_TIM_OC_DelayElapsedCallback)
    HAL_TIM_PWM_ConfigChannel                0x080045bf   Thumb Code   286  stm32g4xx_hal_tim.o(i.HAL_TIM_PWM_ConfigChannel)
    HAL_TIM_PWM_Init                         0x080046dd   Thumb Code    98  stm32g4xx_hal_tim.o(i.HAL_TIM_PWM_Init)
    HAL_TIM_PWM_MspInit                      0x0800473f   Thumb Code     2  stm32g4xx_hal_tim.o(i.HAL_TIM_PWM_MspInit)
    HAL_TIM_PWM_PulseFinishedCallback        0x08004741   Thumb Code     2  stm32g4xx_hal_tim.o(i.HAL_TIM_PWM_PulseFinishedCallback)
    HAL_TIM_PWM_Start                        0x08004745   Thumb Code   218  stm32g4xx_hal_tim.o(i.HAL_TIM_PWM_Start)
    HAL_TIM_PeriodElapsedCallback            0x08004841   Thumb Code     2  stm32g4xx_hal_tim.o(i.HAL_TIM_PeriodElapsedCallback)
    HAL_TIM_TriggerCallback                  0x08004843   Thumb Code     2  stm32g4xx_hal_tim.o(i.HAL_TIM_TriggerCallback)
    HAL_UARTEx_DisableFifoMode               0x08004845   Thumb Code    62  stm32g4xx_hal_uart_ex.o(i.HAL_UARTEx_DisableFifoMode)
    HAL_UARTEx_RxEventCallback               0x08004883   Thumb Code     2  stm32g4xx_hal_uart.o(i.HAL_UARTEx_RxEventCallback)
    HAL_UARTEx_RxFifoFullCallback            0x08004885   Thumb Code     2  stm32g4xx_hal_uart_ex.o(i.HAL_UARTEx_RxFifoFullCallback)
    HAL_UARTEx_SetRxFifoThreshold            0x08004887   Thumb Code    76  stm32g4xx_hal_uart_ex.o(i.HAL_UARTEx_SetRxFifoThreshold)
    HAL_UARTEx_SetTxFifoThreshold            0x080048d3   Thumb Code    76  stm32g4xx_hal_uart_ex.o(i.HAL_UARTEx_SetTxFifoThreshold)
    HAL_UARTEx_TxFifoEmptyCallback           0x0800491f   Thumb Code     2  stm32g4xx_hal_uart_ex.o(i.HAL_UARTEx_TxFifoEmptyCallback)
    HAL_UARTEx_WakeupCallback                0x08004921   Thumb Code     2  stm32g4xx_hal_uart_ex.o(i.HAL_UARTEx_WakeupCallback)
    HAL_UART_ErrorCallback                   0x08004923   Thumb Code     2  stm32g4xx_hal_uart.o(i.HAL_UART_ErrorCallback)
    HAL_UART_IRQHandler                      0x08004925   Thumb Code   632  stm32g4xx_hal_uart.o(i.HAL_UART_IRQHandler)
    HAL_UART_Init                            0x08004ba9   Thumb Code   106  stm32g4xx_hal_uart.o(i.HAL_UART_Init)
    HAL_UART_MspInit                         0x08004c15   Thumb Code   148  usart.o(i.HAL_UART_MspInit)
    HAL_UART_Transmit_DMA                    0x08004cbd   Thumb Code   140  stm32g4xx_hal_uart.o(i.HAL_UART_Transmit_DMA)
    HAL_UART_TxCpltCallback                  0x08004d55   Thumb Code     2  stm32g4xx_hal_uart.o(i.HAL_UART_TxCpltCallback)
    HAL_UART_TxHalfCpltCallback              0x08004d57   Thumb Code     2  stm32g4xx_hal_uart.o(i.HAL_UART_TxHalfCpltCallback)
    HardFault_Handler                        0x08004d59   Thumb Code     2  stm32g4xx_it.o(i.HardFault_Handler)
    LowPassFilter_operator                   0x08004dff   Thumb Code    34  lowpass_filter.o(i.LowPassFilter_operator)
    MX_ADC1_Init                             0x08004e21   Thumb Code   228  adc.o(i.MX_ADC1_Init)
    MX_ADC2_Init                             0x08004f15   Thumb Code   174  adc.o(i.MX_ADC2_Init)
    MX_COMP1_Init                            0x08004fd5   Thumb Code    46  comp.o(i.MX_COMP1_Init)
    MX_DAC1_Init                             0x0800500d   Thumb Code    80  dac.o(i.MX_DAC1_Init)
    MX_DAC3_Init                             0x08005065   Thumb Code    78  dac.o(i.MX_DAC3_Init)
    MX_DMA_Init                              0x080050bd   Thumb Code    56  dma.o(i.MX_DMA_Init)
    MX_FDCAN1_Init                           0x080050f9   Thumb Code    74  fdcan.o(i.MX_FDCAN1_Init)
    MX_GPIO_Init                             0x0800514d   Thumb Code   152  gpio.o(i.MX_GPIO_Init)
    MX_OPAMP1_Init                           0x080051f1   Thumb Code    42  opamp.o(i.MX_OPAMP1_Init)
    MX_OPAMP2_Init                           0x08005225   Thumb Code    42  opamp.o(i.MX_OPAMP2_Init)
    MX_OPAMP3_Init                           0x08005259   Thumb Code    42  opamp.o(i.MX_OPAMP3_Init)
    MX_TIM1_Init                             0x0800528d   Thumb Code   312  tim.o(i.MX_TIM1_Init)
    MX_USART3_UART_Init                      0x080053cd   Thumb Code    94  usart.o(i.MX_USART3_UART_Init)
    MemManage_Handler                        0x08005435   Thumb Code     2  stm32g4xx_it.o(i.MemManage_Handler)
    NMI_Handler                              0x08005437   Thumb Code     2  stm32g4xx_it.o(i.NMI_Handler)
    PID_operator                             0x08005439   Thumb Code   226  pid.o(i.PID_operator)
    PendSV_Handler                           0x0800551b   Thumb Code     2  stm32g4xx_it.o(i.PendSV_Handler)
    SVC_Handler                              0x0800551d   Thumb Code     2  stm32g4xx_it.o(i.SVC_Handler)
    SysTick_Handler                          0x080055f9   Thumb Code     4  stm32g4xx_it.o(i.SysTick_Handler)
    SystemClock_Config                       0x080055fd   Thumb Code   136  main.o(i.SystemClock_Config)
    SystemInit                               0x08005685   Thumb Code    12  system_stm32g4xx.o(i.SystemInit)
    TIM1_BRK_TIM15_IRQHandler                0x08005695   Thumb Code     6  stm32g4xx_it.o(i.TIM1_BRK_TIM15_IRQHandler)
    TIM1_CC_IRQHandler                       0x080056a1   Thumb Code     6  stm32g4xx_it.o(i.TIM1_CC_IRQHandler)
    TIM1_UP_TIM16_IRQHandler                 0x080056ad   Thumb Code     6  stm32g4xx_it.o(i.TIM1_UP_TIM16_IRQHandler)
    TIM4_IRQHandler                          0x080056b9   Thumb Code     6  stm32g4xx_it.o(i.TIM4_IRQHandler)
    TIM_Base_SetConfig                       0x080056c5   Thumb Code   146  stm32g4xx_hal_tim.o(i.TIM_Base_SetConfig)
    TIM_CCxChannelCmd                        0x08005775   Thumb Code    26  stm32g4xx_hal_tim.o(i.TIM_CCxChannelCmd)
    TIM_ETR_SetConfig                        0x080057a9   Thumb Code    20  stm32g4xx_hal_tim.o(i.TIM_ETR_SetConfig)
    TIM_OC2_SetConfig                        0x0800586d   Thumb Code   120  stm32g4xx_hal_tim.o(i.TIM_OC2_SetConfig)
    UART_AdvFeatureConfig                    0x08005b89   Thumb Code   200  stm32g4xx_hal_uart.o(i.UART_AdvFeatureConfig)
    UART_CheckIdleState                      0x08005c51   Thumb Code    96  stm32g4xx_hal_uart.o(i.UART_CheckIdleState)
    UART_SetConfig                           0x08005da5   Thumb Code   582  stm32g4xx_hal_uart.o(i.UART_SetConfig)
    UART_WaitOnFlagUntilTimeout              0x08006019   Thumb Code   164  stm32g4xx_hal_uart.o(i.UART_WaitOnFlagUntilTimeout)
    USART3_IRQHandler                        0x080060bd   Thumb Code     6  stm32g4xx_it.o(i.USART3_IRQHandler)
    UsageFault_Handler                       0x080060c9   Thumb Code     2  stm32g4xx_it.o(i.UsageFault_Handler)
    __ARM_fpclassifyf                        0x080060cb   Thumb Code    38  fpclassifyf.o(i.__ARM_fpclassifyf)
    __hardfp_cosf                            0x08006111   Thumb Code   280  cosf.o(i.__hardfp_cosf)
    __hardfp_fmaxf                           0x08006261   Thumb Code    72  fmaxf.o(i.__hardfp_fmaxf)
    __hardfp_fminf                           0x080062a9   Thumb Code    72  fminf.o(i.__hardfp_fminf)
    __hardfp_fmod                            0x080062f1   Thumb Code   254  fmod.o(i.__hardfp_fmod)
    __hardfp_sinf                            0x080063f5   Thumb Code   344  sinf.o(i.__hardfp_sinf)
    __mathlib_dbl_invalid                    0x08006589   Thumb Code    24  dunder.o(i.__mathlib_dbl_invalid)
    __mathlib_flt_infnan                     0x080065a9   Thumb Code     6  funder.o(i.__mathlib_flt_infnan)
    __mathlib_flt_invalid                    0x080065b1   Thumb Code    10  funder.o(i.__mathlib_flt_invalid)
    __mathlib_flt_underflow                  0x080065c1   Thumb Code    10  funder.o(i.__mathlib_flt_underflow)
    __mathlib_rredf2                         0x080065d1   Thumb Code   316  rredf.o(i.__mathlib_rredf2)
    __scatterload_copy                       0x08006725   Thumb Code    14  handlers.o(i.__scatterload_copy)
    __scatterload_null                       0x08006733   Thumb Code     2  handlers.o(i.__scatterload_null)
    __scatterload_zeroinit                   0x08006735   Thumb Code    14  handlers.o(i.__scatterload_zeroinit)
    __set_errno                              0x08006745   Thumb Code     6  errno.o(i.__set_errno)
    _electricalAngle                         0x08006751   Thumb Code    34  control_loop.o(i._electricalAngle)
    _normalizeAngle                          0x08006781   Thumb Code    54  control_loop.o(i._normalizeAngle)
    cal_Id                                   0x080067c5   Thumb Code    72  control_loop.o(i.cal_Id)
    cal_Iq                                   0x08006815   Thumb Code    76  control_loop.o(i.cal_Iq)
    delay_init                               0x08006869   Thumb Code    16  delay.o(i.delay_init)
    delay_ms                                 0x0800687d   Thumb Code    10  delay.o(i.delay_ms)
    delay_us                                 0x08006889   Thumb Code    48  delay.o(i.delay_us)
    main                                     0x080068bd   Thumb Code   296  main.o(i.main)
    svpwm_step                               0x08006a15   Thumb Code    80  svpwm.o(i.svpwm_step)
    UARTPrescTable                           0x08006a78   Data          24  stm32g4xx_hal_uart.o(.constdata)
    AHBPrescTable                            0x08006aa0   Data          16  system_stm32g4xx.o(.constdata)
    APBPrescTable                            0x08006ab0   Data           8  system_stm32g4xx.o(.constdata)
    rtConstP                                 0x08006ab8   Data          12  svpwm_data.o(.constdata)
    sinTable_f32                             0x08006ae4   Data        2052  arm_common_tables.o(.rodata.sinTable_f32)
    Region$$Table$$Base                      0x080072e8   Number         0  anon$$obj.o(Region$$Table)
    Region$$Table$$Limit                     0x08007308   Number         0  anon$$obj.o(Region$$Table)
    DIR                                      0x20000000   Data           4  main.o(.data)
    PP                                       0x20000004   Data           4  main.o(.data)
    zero_electric_angle                      0x20000008   Data           4  main.o(.data)
    ADC_offset                               0x2000000c   Data           1  main.o(.data)
    IA_Offset                                0x2000000e   Data           2  main.o(.data)
    IB_Offset                                0x20000010   Data           2  main.o(.data)
    IC_Offset                                0x20000012   Data           2  main.o(.data)
    adc1_in1                                 0x20000014   Data           2  main.o(.data)
    adc1_in2                                 0x20000016   Data           2  main.o(.data)
    adc1_in3                                 0x20000018   Data           2  main.o(.data)
    adc_vbus                                 0x2000001a   Data           2  main.o(.data)
    ia                                       0x2000001c   Data           4  main.o(.data)
    ib                                       0x20000020   Data           4  main.o(.data)
    ic                                       0x20000024   Data           4  main.o(.data)
    id                                       0x20000028   Data           4  main.o(.data)
    iq                                       0x2000002c   Data           4  main.o(.data)
    id_error                                 0x20000030   Data           4  main.o(.data)
    iq_error                                 0x20000034   Data           4  main.o(.data)
    ud                                       0x20000038   Data           4  main.o(.data)
    uq                                       0x2000003c   Data           4  main.o(.data)
    iq_ref                                   0x20000040   Data           4  main.o(.data)
    id_ref                                   0x20000044   Data           4  main.o(.data)
    steps_vofa                               0x20000048   Data           4  main.o(.data)
    count_vofa                               0x2000004c   Data           4  main.o(.data)
    position                                 0x20000050   Data           4  main.o(.data)
    velocity                                 0x20000054   Data           4  main.o(.data)
    position_e                               0x20000058   Data           4  main.o(.data)
    filter_current                           0x2000005c   Data           8  main.o(.data)
    RxData                                   0x20000064   Data           8  main.o(.data)
    pid_current                              0x2000006c   Data          36  main.o(.data)
    uwTickPrio                               0x200000c0   Data           4  stm32g4xx_hal.o(.data)
    uwTickFreq                               0x200000c4   Data           4  stm32g4xx_hal.o(.data)
    uwTick                                   0x200000c8   Data           4  stm32g4xx_hal.o(.data)
    SystemCoreClock                          0x200000cc   Data           4  system_stm32g4xx.o(.data)
    load_data                                0x200000d4   Data          36  main.o(.bss)
    TxHeader                                 0x200000f8   Data          36  main.o(.bss)
    RxHeader                                 0x2000011c   Data          40  main.o(.bss)
    hadc1                                    0x20000144   Data         108  adc.o(.bss)
    hadc2                                    0x200001b0   Data         108  adc.o(.bss)
    hcomp1                                   0x2000021c   Data          36  comp.o(.bss)
    hdac1                                    0x20000240   Data          20  dac.o(.bss)
    hdac3                                    0x20000254   Data          20  dac.o(.bss)
    hfdcan1                                  0x20000268   Data         100  fdcan.o(.bss)
    hopamp1                                  0x200002cc   Data          60  opamp.o(.bss)
    hopamp2                                  0x20000308   Data          60  opamp.o(.bss)
    hopamp3                                  0x20000344   Data          60  opamp.o(.bss)
    htim1                                    0x20000380   Data          76  tim.o(.bss)
    htim4                                    0x200003cc   Data          76  tim.o(.bss)
    huart3                                   0x20000418   Data         144  usart.o(.bss)
    hdma_usart3_tx                           0x200004a8   Data          96  usart.o(.bss)
    rtU                                      0x20000508   Data          16  svpwm.o(.bss)
    rtY                                      0x20000518   Data          12  svpwm.o(.bss)
    __initial_sp                             0x20000928   Data           0  startup_stm32g431xx.o(STACK)



==============================================================================

Memory Map of the image

  Image Entry point : 0x080001d9

  Load Region LR_IROM1 (Base: 0x08000000, Size: 0x000073dc, Max: 0x00020000, ABSOLUTE)

    Execution Region ER_IROM1 (Exec base: 0x08000000, Load base: 0x08000000, Size: 0x00007308, Max: 0x00020000, ABSOLUTE)

    Exec Addr    Load Addr    Size         Type   Attr      Idx    E Section Name        Object

    0x08000000   0x08000000   0x000001d8   Data   RO            3    RESET               startup_stm32g431xx.o
    0x080001d8   0x080001d8   0x00000000   Code   RO         5985  * .ARM.Collect$$$$00000000  mc_w.l(entry.o)
    0x080001d8   0x080001d8   0x00000004   Code   RO         6033    .ARM.Collect$$$$00000001  mc_w.l(entry2.o)
    0x080001dc   0x080001dc   0x00000004   Code   RO         6036    .ARM.Collect$$$$00000004  mc_w.l(entry5.o)
    0x080001e0   0x080001e0   0x00000000   Code   RO         6038    .ARM.Collect$$$$00000008  mc_w.l(entry7b.o)
    0x080001e0   0x080001e0   0x00000000   Code   RO         6040    .ARM.Collect$$$$0000000A  mc_w.l(entry8b.o)
    0x080001e0   0x080001e0   0x00000008   Code   RO         6041    .ARM.Collect$$$$0000000B  mc_w.l(entry9a.o)
    0x080001e8   0x080001e8   0x00000004   Code   RO         6048    .ARM.Collect$$$$0000000E  mc_w.l(entry12b.o)
    0x080001ec   0x080001ec   0x00000000   Code   RO         6043    .ARM.Collect$$$$0000000F  mc_w.l(entry10a.o)
    0x080001ec   0x080001ec   0x00000000   Code   RO         6045    .ARM.Collect$$$$00000011  mc_w.l(entry11a.o)
    0x080001ec   0x080001ec   0x00000004   Code   RO         6034    .ARM.Collect$$$$00002712  mc_w.l(entry2.o)
    0x080001f0   0x080001f0   0x00000024   Code   RO            4    .text               startup_stm32g431xx.o
    0x08000214   0x08000214   0x00000062   Code   RO         5988    .text               mc_w.l(uldiv.o)
    0x08000276   0x08000276   0x00000024   Code   RO         5990    .text               mc_w.l(memcpya.o)
    0x0800029a   0x0800029a   0x00000024   Code   RO         5992    .text               mc_w.l(memseta.o)
    0x080002be   0x080002be   0x00000026   Code   RO         5996    .text               mf_w.l(f2d.o)
    0x080002e4   0x080002e4   0x00000038   Code   RO         5998    .text               mf_w.l(d2f.o)
    0x0800031c   0x0800031c   0x0000001e   Code   RO         6049    .text               mc_w.l(llshl.o)
    0x0800033a   0x0800033a   0x00000020   Code   RO         6051    .text               mc_w.l(llushr.o)
    0x0800035a   0x0800035a   0x00000000   Code   RO         6060    .text               mc_w.l(iusefp.o)
    0x0800035a   0x0800035a   0x0000006e   Code   RO         6061    .text               mf_w.l(fepilogue.o)
    0x080003c8   0x080003c8   0x0000014e   Code   RO         6065    .text               mf_w.l(dadd.o)
    0x08000516   0x08000516   0x00000086   Code   RO         6067    .text               mf_w.l(drem.o)
    0x0800059c   0x0800059c   0x00000036   Code   RO         6069    .text               mf_w.l(fcmp4.o)
    0x080005d2   0x080005d2   0x00000002   PAD
    0x080005d4   0x080005d4   0x00000024   Code   RO         6071    .text               mc_w.l(init.o)
    0x080005f8   0x080005f8   0x00000024   Code   RO         6073    .text               mc_w.l(llsshr.o)
    0x0800061c   0x0800061c   0x000000ba   Code   RO         6075    .text               mf_w.l(depilogue.o)
    0x080006d6   0x080006d6   0x000000de   Code   RO         6079    .text               mf_w.l(ddiv.o)
    0x080007b4   0x080007b4   0x000000a0   Code   RO         5823    .text.arm_cos_f32   arm_cortexM4lf_math.lib(arm_cos_f32.o)
    0x08000854   0x08000854   0x0000006e   Code   RO         5803    .text.arm_offset_f32  arm_cortexM4lf_math.lib(arm_offset_f32.o)
    0x080008c2   0x080008c2   0x00000002   PAD
    0x080008c4   0x080008c4   0x0000006e   Code   RO         5813    .text.arm_scale_f32  arm_cortexM4lf_math.lib(arm_scale_f32.o)
    0x08000932   0x08000932   0x00000002   PAD
    0x08000934   0x08000934   0x00000098   Code   RO         5833    .text.arm_sin_f32   arm_cortexM4lf_math.lib(arm_sin_f32.o)
    0x080009cc   0x080009cc   0x0000001c   Code   RO          807    i.ADC1_2_IRQHandler  stm32g4xx_it.o
    0x080009e8   0x080009e8   0x00000070   Code   RO         1100    i.ADC_Disable       stm32g4xx_hal_adc.o
    0x08000a58   0x08000a58   0x00000074   Code   RO         1101    i.ADC_Enable        stm32g4xx_hal_adc.o
    0x08000acc   0x08000acc   0x00000002   Code   RO          808    i.BusFault_Handler  stm32g4xx_it.o
    0x08000ace   0x08000ace   0x00000002   PAD
    0x08000ad0   0x08000ad0   0x0000000c   Code   RO          809    i.COMP1_2_3_IRQHandler  stm32g4xx_it.o
    0x08000adc   0x08000adc   0x0000000c   Code   RO          810    i.DMA1_Channel1_IRQHandler  stm32g4xx_it.o
    0x08000ae8   0x08000ae8   0x00000040   Code   RO         2376    i.DMA_CalcDMAMUXChannelBaseAndMask  stm32g4xx_hal_dma.o
    0x08000b28   0x08000b28   0x00000024   Code   RO         2377    i.DMA_CalcDMAMUXRequestGenBaseAndMask  stm32g4xx_hal_dma.o
    0x08000b4c   0x08000b4c   0x0000003e   Code   RO         2378    i.DMA_SetConfig     stm32g4xx_hal_dma.o
    0x08000b8a   0x08000b8a   0x00000002   Code   RO          811    i.DebugMon_Handler  stm32g4xx_it.o
    0x08000b8c   0x08000b8c   0x0000001e   Code   RO          812    i.EXTI15_10_IRQHandler  stm32g4xx_it.o
    0x08000baa   0x08000baa   0x00000004   Code   RO           13    i.Error_Handler     main.o
    0x08000bae   0x08000bae   0x00000002   PAD
    0x08000bb0   0x08000bb0   0x00000024   Code   RO          813    i.FDCAN1_IT0_IRQHandler  stm32g4xx_it.o
    0x08000bd4   0x08000bd4   0x0000005c   Code   RO           14    i.FDCAN_Config      main.o
    0x08000c30   0x08000c30   0x00000094   Code   RO         1334    i.HAL_ADCEx_Calibration_Start  stm32g4xx_hal_adc_ex.o
    0x08000cc4   0x08000cc4   0x00000002   Code   RO         1338    i.HAL_ADCEx_EndOfSamplingCallback  stm32g4xx_hal_adc_ex.o
    0x08000cc6   0x08000cc6   0x00000002   PAD
    0x08000cc8   0x08000cc8   0x00000518   Code   RO         1340    i.HAL_ADCEx_InjectedConfigChannel  stm32g4xx_hal_adc_ex.o
    0x080011e0   0x080011e0   0x00000238   Code   RO           15    i.HAL_ADCEx_InjectedConvCpltCallback  main.o
    0x08001418   0x08001418   0x00000002   Code   RO         1344    i.HAL_ADCEx_InjectedQueueOverflowCallback  stm32g4xx_hal_adc_ex.o
    0x0800141a   0x0800141a   0x00000002   PAD
    0x0800141c   0x0800141c   0x000000e8   Code   RO         1345    i.HAL_ADCEx_InjectedStart  stm32g4xx_hal_adc_ex.o
    0x08001504   0x08001504   0x00000128   Code   RO         1346    i.HAL_ADCEx_InjectedStart_IT  stm32g4xx_hal_adc_ex.o
    0x0800162c   0x0800162c   0x00000002   Code   RO         1349    i.HAL_ADCEx_LevelOutOfWindow2Callback  stm32g4xx_hal_adc_ex.o
    0x0800162e   0x0800162e   0x00000002   Code   RO         1350    i.HAL_ADCEx_LevelOutOfWindow3Callback  stm32g4xx_hal_adc_ex.o
    0x08001630   0x08001630   0x000000d8   Code   RO         1351    i.HAL_ADCEx_MultiModeConfigChannel  stm32g4xx_hal_adc_ex.o
    0x08001708   0x08001708   0x00000424   Code   RO         1103    i.HAL_ADC_ConfigChannel  stm32g4xx_hal_adc.o
    0x08001b2c   0x08001b2c   0x00000002   Code   RO         1104    i.HAL_ADC_ConvCpltCallback  stm32g4xx_hal_adc.o
    0x08001b2e   0x08001b2e   0x00000002   Code   RO         1107    i.HAL_ADC_ErrorCallback  stm32g4xx_hal_adc.o
    0x08001b30   0x08001b30   0x00000006   Code   RO         1110    i.HAL_ADC_GetValue  stm32g4xx_hal_adc.o
    0x08001b36   0x08001b36   0x00000002   PAD
    0x08001b38   0x08001b38   0x0000026c   Code   RO         1111    i.HAL_ADC_IRQHandler  stm32g4xx_hal_adc.o
    0x08001da4   0x08001da4   0x000001fc   Code   RO         1112    i.HAL_ADC_Init      stm32g4xx_hal_adc.o
    0x08001fa0   0x08001fa0   0x00000002   Code   RO         1113    i.HAL_ADC_LevelOutOfWindowCallback  stm32g4xx_hal_adc.o
    0x08001fa2   0x08001fa2   0x00000002   PAD
    0x08001fa4   0x08001fa4   0x000000dc   Code   RO          450    i.HAL_ADC_MspInit   adc.o
    0x08002080   0x08002080   0x000000f4   Code   RO         1118    i.HAL_ADC_Start     stm32g4xx_hal_adc.o
    0x08002174   0x08002174   0x00000048   Code   RO         3022    i.HAL_COMP_IRQHandler  stm32g4xx_hal_comp.o
    0x080021bc   0x080021bc   0x00000120   Code   RO         3023    i.HAL_COMP_Init     stm32g4xx_hal_comp.o
    0x080022dc   0x080022dc   0x0000005c   Code   RO          499    i.HAL_COMP_MspInit  comp.o
    0x08002338   0x08002338   0x00000002   Code   RO         3029    i.HAL_COMP_TriggerCallback  stm32g4xx_hal_comp.o
    0x0800233a   0x0800233a   0x00000002   PAD
    0x0800233c   0x0800233c   0x000001b4   Code   RO         3114    i.HAL_DAC_ConfigChannel  stm32g4xx_hal_dac.o
    0x080024f0   0x080024f0   0x00000028   Code   RO         3124    i.HAL_DAC_Init      stm32g4xx_hal_dac.o
    0x08002518   0x08002518   0x00000078   Code   RO          541    i.HAL_DAC_MspInit   dac.o
    0x08002590   0x08002590   0x0000006a   Code   RO         2379    i.HAL_DMA_Abort     stm32g4xx_hal_dma.o
    0x080025fa   0x080025fa   0x00000078   Code   RO         2380    i.HAL_DMA_Abort_IT  stm32g4xx_hal_dma.o
    0x08002672   0x08002672   0x000000ba   Code   RO         2384    i.HAL_DMA_IRQHandler  stm32g4xx_hal_dma.o
    0x0800272c   0x0800272c   0x000000c0   Code   RO         2385    i.HAL_DMA_Init      stm32g4xx_hal_dma.o
    0x080027ec   0x080027ec   0x0000008c   Code   RO         2389    i.HAL_DMA_Start_IT  stm32g4xx_hal_dma.o
    0x08002878   0x08002878   0x00000006   Code   RO          967    i.HAL_Delay         delay.o
    0x0800287e   0x0800287e   0x000000e0   Code   RO         3401    i.HAL_FDCAN_ActivateNotification  stm32g4xx_hal_fdcan.o
    0x0800295e   0x0800295e   0x0000005c   Code   RO         3404    i.HAL_FDCAN_ConfigFilter  stm32g4xx_hal_fdcan.o
    0x080029ba   0x080029ba   0x00000002   Code   RO         3425    i.HAL_FDCAN_ErrorCallback  stm32g4xx_hal_fdcan.o
    0x080029bc   0x080029bc   0x00000002   Code   RO         3426    i.HAL_FDCAN_ErrorStatusCallback  stm32g4xx_hal_fdcan.o
    0x080029be   0x080029be   0x00000002   PAD
    0x080029c0   0x080029c0   0x000000f0   Code   RO         3435    i.HAL_FDCAN_GetRxMessage  stm32g4xx_hal_fdcan.o
    0x08002ab0   0x08002ab0   0x00000002   Code   RO         3441    i.HAL_FDCAN_HighPriorityMessageCallback  stm32g4xx_hal_fdcan.o
    0x08002ab2   0x08002ab2   0x00000160   Code   RO         3442    i.HAL_FDCAN_IRQHandler  stm32g4xx_hal_fdcan.o
    0x08002c12   0x08002c12   0x00000002   PAD
    0x08002c14   0x08002c14   0x00000204   Code   RO         3443    i.HAL_FDCAN_Init    stm32g4xx_hal_fdcan.o
    0x08002e18   0x08002e18   0x00000070   Code   RO          616    i.HAL_FDCAN_MspInit  fdcan.o
    0x08002e88   0x08002e88   0x00000002   Code   RO         3450    i.HAL_FDCAN_RxFifo0Callback  stm32g4xx_hal_fdcan.o
    0x08002e8a   0x08002e8a   0x00000002   Code   RO         3451    i.HAL_FDCAN_RxFifo1Callback  stm32g4xx_hal_fdcan.o
    0x08002e8c   0x08002e8c   0x0000002c   Code   RO         3452    i.HAL_FDCAN_Start   stm32g4xx_hal_fdcan.o
    0x08002eb8   0x08002eb8   0x00000002   Code   RO         3454    i.HAL_FDCAN_TimeoutOccurredCallback  stm32g4xx_hal_fdcan.o
    0x08002eba   0x08002eba   0x00000002   Code   RO         3455    i.HAL_FDCAN_TimestampWraparoundCallback  stm32g4xx_hal_fdcan.o
    0x08002ebc   0x08002ebc   0x00000002   Code   RO         3456    i.HAL_FDCAN_TxBufferAbortCallback  stm32g4xx_hal_fdcan.o
    0x08002ebe   0x08002ebe   0x00000002   Code   RO         3457    i.HAL_FDCAN_TxBufferCompleteCallback  stm32g4xx_hal_fdcan.o
    0x08002ec0   0x08002ec0   0x00000002   Code   RO         3458    i.HAL_FDCAN_TxEventFifoCallback  stm32g4xx_hal_fdcan.o
    0x08002ec2   0x08002ec2   0x00000002   Code   RO         3459    i.HAL_FDCAN_TxFifoEmptyCallback  stm32g4xx_hal_fdcan.o
    0x08002ec4   0x08002ec4   0x00000002   Code   RO         2239    i.HAL_GPIO_EXTI_Callback  stm32g4xx_hal_gpio.o
    0x08002ec6   0x08002ec6   0x00000002   PAD
    0x08002ec8   0x08002ec8   0x00000018   Code   RO         2240    i.HAL_GPIO_EXTI_IRQHandler  stm32g4xx_hal_gpio.o
    0x08002ee0   0x08002ee0   0x000001c8   Code   RO         2241    i.HAL_GPIO_Init     stm32g4xx_hal_gpio.o
    0x080030a8   0x080030a8   0x0000000a   Code   RO         2245    i.HAL_GPIO_WritePin  stm32g4xx_hal_gpio.o
    0x080030b2   0x080030b2   0x00000002   PAD
    0x080030b4   0x080030b4   0x0000000c   Code   RO         1554    i.HAL_GetTick       stm32g4xx_hal.o
    0x080030c0   0x080030c0   0x00000010   Code   RO         1557    i.HAL_IncTick       stm32g4xx_hal.o
    0x080030d0   0x080030d0   0x0000001e   Code   RO         1558    i.HAL_Init          stm32g4xx_hal.o
    0x080030ee   0x080030ee   0x00000002   PAD
    0x080030f0   0x080030f0   0x00000044   Code   RO         1559    i.HAL_InitTick      stm32g4xx_hal.o
    0x08003134   0x08003134   0x00000030   Code   RO          943    i.HAL_MspInit       stm32g4xx_hal_msp.o
    0x08003164   0x08003164   0x0000001a   Code   RO         2888    i.HAL_NVIC_EnableIRQ  stm32g4xx_hal_cortex.o
    0x0800317e   0x0800317e   0x00000002   PAD
    0x08003180   0x08003180   0x00000040   Code   RO         2894    i.HAL_NVIC_SetPriority  stm32g4xx_hal_cortex.o
    0x080031c0   0x080031c0   0x00000024   Code   RO         2895    i.HAL_NVIC_SetPriorityGrouping  stm32g4xx_hal_cortex.o
    0x080031e4   0x080031e4   0x000000f4   Code   RO         3787    i.HAL_OPAMP_Init    stm32g4xx_hal_opamp.o
    0x080032d8   0x080032d8   0x00000094   Code   RO          658    i.HAL_OPAMP_MspInit  opamp.o
    0x0800336c   0x0800336c   0x0000002c   Code   RO         3793    i.HAL_OPAMP_Start   stm32g4xx_hal_opamp.o
    0x08003398   0x08003398   0x000000bc   Code   RO         2644    i.HAL_PWREx_ControlVoltageScaling  stm32g4xx_hal_pwr_ex.o
    0x08003454   0x08003454   0x00000010   Code   RO         2656    i.HAL_PWREx_DisableUCPDDeadBattery  stm32g4xx_hal_pwr_ex.o
    0x08003464   0x08003464   0x00000288   Code   RO         1903    i.HAL_RCCEx_PeriphCLKConfig  stm32g4xx_hal_rcc_ex.o
    0x080036ec   0x080036ec   0x000001dc   Code   RO         1778    i.HAL_RCC_ClockConfig  stm32g4xx_hal_rcc.o
    0x080038c8   0x080038c8   0x0000000c   Code   RO         1784    i.HAL_RCC_GetHCLKFreq  stm32g4xx_hal_rcc.o
    0x080038d4   0x080038d4   0x00000024   Code   RO         1786    i.HAL_RCC_GetPCLK1Freq  stm32g4xx_hal_rcc.o
    0x080038f8   0x080038f8   0x00000024   Code   RO         1787    i.HAL_RCC_GetPCLK2Freq  stm32g4xx_hal_rcc.o
    0x0800391c   0x0800391c   0x00000070   Code   RO         1788    i.HAL_RCC_GetSysClockFreq  stm32g4xx_hal_rcc.o
    0x0800398c   0x0800398c   0x0000040c   Code   RO         1791    i.HAL_RCC_OscConfig  stm32g4xx_hal_rcc.o
    0x08003d98   0x08003d98   0x00000018   Code   RO         2897    i.HAL_SYSTICK_CLKSourceConfig  stm32g4xx_hal_cortex.o
    0x08003db0   0x08003db0   0x00000028   Code   RO         2899    i.HAL_SYSTICK_Config  stm32g4xx_hal_cortex.o
    0x08003dd8   0x08003dd8   0x00000002   Code   RO         4608    i.HAL_TIMEx_Break2Callback  stm32g4xx_hal_tim_ex.o
    0x08003dda   0x08003dda   0x00000002   Code   RO         4609    i.HAL_TIMEx_BreakCallback  stm32g4xx_hal_tim_ex.o
    0x08003ddc   0x08003ddc   0x00000002   Code   RO         4610    i.HAL_TIMEx_CommutCallback  stm32g4xx_hal_tim_ex.o
    0x08003dde   0x08003dde   0x00000002   PAD
    0x08003de0   0x08003de0   0x000000ac   Code   RO         4613    i.HAL_TIMEx_ConfigBreakDeadTime  stm32g4xx_hal_tim_ex.o
    0x08003e8c   0x08003e8c   0x000000be   Code   RO         4614    i.HAL_TIMEx_ConfigBreakInput  stm32g4xx_hal_tim_ex.o
    0x08003f4a   0x08003f4a   0x00000002   Code   RO         4621    i.HAL_TIMEx_DirectionChangeCallback  stm32g4xx_hal_tim_ex.o
    0x08003f4c   0x08003f4c   0x00000002   Code   RO         4635    i.HAL_TIMEx_EncoderIndexCallback  stm32g4xx_hal_tim_ex.o
    0x08003f4e   0x08003f4e   0x00000002   Code   RO         4649    i.HAL_TIMEx_IndexErrorCallback  stm32g4xx_hal_tim_ex.o
    0x08003f50   0x08003f50   0x0000009c   Code   RO         4650    i.HAL_TIMEx_MasterConfigSynchronization  stm32g4xx_hal_tim_ex.o
    0x08003fec   0x08003fec   0x000000b8   Code   RO         4662    i.HAL_TIMEx_PWMN_Start  stm32g4xx_hal_tim_ex.o
    0x080040a4   0x080040a4   0x00000002   Code   RO         4671    i.HAL_TIMEx_TransitionErrorCallback  stm32g4xx_hal_tim_ex.o
    0x080040a6   0x080040a6   0x00000062   Code   RO         3894    i.HAL_TIM_Base_Init  stm32g4xx_hal_tim.o
    0x08004108   0x08004108   0x000000bc   Code   RO          712    i.HAL_TIM_Base_MspInit  tim.o
    0x080041c4   0x080041c4   0x0000006c   Code   RO         3897    i.HAL_TIM_Base_Start  stm32g4xx_hal_tim.o
    0x08004230   0x08004230   0x000000f8   Code   RO         3903    i.HAL_TIM_ConfigClockSource  stm32g4xx_hal_tim.o
    0x08004328   0x08004328   0x00000002   Code   RO         3928    i.HAL_TIM_IC_CaptureCallback  stm32g4xx_hal_tim.o
    0x0800432a   0x0800432a   0x000001fc   Code   RO         3942    i.HAL_TIM_IRQHandler  stm32g4xx_hal_tim.o
    0x08004526   0x08004526   0x00000002   PAD
    0x08004528   0x08004528   0x00000094   Code   RO          713    i.HAL_TIM_MspPostInit  tim.o
    0x080045bc   0x080045bc   0x00000002   Code   RO         3945    i.HAL_TIM_OC_DelayElapsedCallback  stm32g4xx_hal_tim.o
    0x080045be   0x080045be   0x0000011e   Code   RO         3966    i.HAL_TIM_PWM_ConfigChannel  stm32g4xx_hal_tim.o
    0x080046dc   0x080046dc   0x00000062   Code   RO         3969    i.HAL_TIM_PWM_Init  stm32g4xx_hal_tim.o
    0x0800473e   0x0800473e   0x00000002   Code   RO         3971    i.HAL_TIM_PWM_MspInit  stm32g4xx_hal_tim.o
    0x08004740   0x08004740   0x00000002   Code   RO         3972    i.HAL_TIM_PWM_PulseFinishedCallback  stm32g4xx_hal_tim.o
    0x08004742   0x08004742   0x00000002   PAD
    0x08004744   0x08004744   0x000000fc   Code   RO         3974    i.HAL_TIM_PWM_Start  stm32g4xx_hal_tim.o
    0x08004840   0x08004840   0x00000002   Code   RO         3980    i.HAL_TIM_PeriodElapsedCallback  stm32g4xx_hal_tim.o
    0x08004842   0x08004842   0x00000002   Code   RO         3985    i.HAL_TIM_TriggerCallback  stm32g4xx_hal_tim.o
    0x08004844   0x08004844   0x0000003e   Code   RO         5457    i.HAL_UARTEx_DisableFifoMode  stm32g4xx_hal_uart_ex.o
    0x08004882   0x08004882   0x00000002   Code   RO         5046    i.HAL_UARTEx_RxEventCallback  stm32g4xx_hal_uart.o
    0x08004884   0x08004884   0x00000002   Code   RO         5464    i.HAL_UARTEx_RxFifoFullCallback  stm32g4xx_hal_uart_ex.o
    0x08004886   0x08004886   0x0000004c   Code   RO         5465    i.HAL_UARTEx_SetRxFifoThreshold  stm32g4xx_hal_uart_ex.o
    0x080048d2   0x080048d2   0x0000004c   Code   RO         5466    i.HAL_UARTEx_SetTxFifoThreshold  stm32g4xx_hal_uart_ex.o
    0x0800491e   0x0800491e   0x00000002   Code   RO         5468    i.HAL_UARTEx_TxFifoEmptyCallback  stm32g4xx_hal_uart_ex.o
    0x08004920   0x08004920   0x00000002   Code   RO         5469    i.HAL_UARTEx_WakeupCallback  stm32g4xx_hal_uart_ex.o
    0x08004922   0x08004922   0x00000002   Code   RO         5062    i.HAL_UART_ErrorCallback  stm32g4xx_hal_uart.o
    0x08004924   0x08004924   0x00000284   Code   RO         5065    i.HAL_UART_IRQHandler  stm32g4xx_hal_uart.o
    0x08004ba8   0x08004ba8   0x0000006a   Code   RO         5066    i.HAL_UART_Init     stm32g4xx_hal_uart.o
    0x08004c12   0x08004c12   0x00000002   PAD
    0x08004c14   0x08004c14   0x000000a8   Code   RO          766    i.HAL_UART_MspInit  usart.o
    0x08004cbc   0x08004cbc   0x00000098   Code   RO         5076    i.HAL_UART_Transmit_DMA  stm32g4xx_hal_uart.o
    0x08004d54   0x08004d54   0x00000002   Code   RO         5078    i.HAL_UART_TxCpltCallback  stm32g4xx_hal_uart.o
    0x08004d56   0x08004d56   0x00000002   Code   RO         5079    i.HAL_UART_TxHalfCpltCallback  stm32g4xx_hal_uart.o
    0x08004d58   0x08004d58   0x00000002   Code   RO          814    i.HardFault_Handler  stm32g4xx_it.o
    0x08004d5a   0x08004d5a   0x0000000c   Code   RO         1126    i.LL_ADC_GetOffsetChannel  stm32g4xx_hal_adc.o
    0x08004d66   0x08004d66   0x0000000c   Code   RO         1359    i.LL_ADC_GetOffsetChannel  stm32g4xx_hal_adc_ex.o
    0x08004d72   0x08004d72   0x00000008   Code   RO         1127    i.LL_ADC_INJ_IsConversionOngoing  stm32g4xx_hal_adc.o
    0x08004d7a   0x08004d7a   0x00000008   Code   RO         1360    i.LL_ADC_INJ_IsConversionOngoing  stm32g4xx_hal_adc_ex.o
    0x08004d82   0x08004d82   0x00000008   Code   RO         1128    i.LL_ADC_REG_IsConversionOngoing  stm32g4xx_hal_adc.o
    0x08004d8a   0x08004d8a   0x00000008   Code   RO         1361    i.LL_ADC_REG_IsConversionOngoing  stm32g4xx_hal_adc_ex.o
    0x08004d92   0x08004d92   0x00000010   Code   RO         1129    i.LL_ADC_REG_IsTriggerSourceSWStart  stm32g4xx_hal_adc.o
    0x08004da2   0x08004da2   0x0000001e   Code   RO         1131    i.LL_ADC_SetChannelSamplingTime  stm32g4xx_hal_adc.o
    0x08004dc0   0x08004dc0   0x0000001e   Code   RO         1362    i.LL_ADC_SetChannelSamplingTime  stm32g4xx_hal_adc_ex.o
    0x08004dde   0x08004dde   0x00000010   Code   RO         1132    i.LL_ADC_SetOffsetState  stm32g4xx_hal_adc.o
    0x08004dee   0x08004dee   0x00000010   Code   RO         1363    i.LL_ADC_SetOffsetState  stm32g4xx_hal_adc_ex.o
    0x08004dfe   0x08004dfe   0x00000022   Code   RO         5676    i.LowPassFilter_operator  lowpass_filter.o
    0x08004e20   0x08004e20   0x000000f4   Code   RO          451    i.MX_ADC1_Init      adc.o
    0x08004f14   0x08004f14   0x000000c0   Code   RO          452    i.MX_ADC2_Init      adc.o
    0x08004fd4   0x08004fd4   0x00000038   Code   RO          500    i.MX_COMP1_Init     comp.o
    0x0800500c   0x0800500c   0x00000058   Code   RO          542    i.MX_DAC1_Init      dac.o
    0x08005064   0x08005064   0x00000058   Code   RO          543    i.MX_DAC3_Init      dac.o
    0x080050bc   0x080050bc   0x0000003c   Code   RO          588    i.MX_DMA_Init       dma.o
    0x080050f8   0x080050f8   0x00000054   Code   RO          617    i.MX_FDCAN1_Init    fdcan.o
    0x0800514c   0x0800514c   0x000000a4   Code   RO          297    i.MX_GPIO_Init      gpio.o
    0x080051f0   0x080051f0   0x00000034   Code   RO          659    i.MX_OPAMP1_Init    opamp.o
    0x08005224   0x08005224   0x00000034   Code   RO          660    i.MX_OPAMP2_Init    opamp.o
    0x08005258   0x08005258   0x00000034   Code   RO          661    i.MX_OPAMP3_Init    opamp.o
    0x0800528c   0x0800528c   0x00000140   Code   RO          714    i.MX_TIM1_Init      tim.o
    0x080053cc   0x080053cc   0x00000068   Code   RO          767    i.MX_USART3_UART_Init  usart.o
    0x08005434   0x08005434   0x00000002   Code   RO          815    i.MemManage_Handler  stm32g4xx_it.o
    0x08005436   0x08005436   0x00000002   Code   RO          816    i.NMI_Handler       stm32g4xx_it.o
    0x08005438   0x08005438   0x000000e2   Code   RO         5691    i.PID_operator      pid.o
    0x0800551a   0x0800551a   0x00000002   Code   RO          817    i.PendSV_Handler    stm32g4xx_it.o
    0x0800551c   0x0800551c   0x00000002   Code   RO          818    i.SVC_Handler       stm32g4xx_it.o
    0x0800551e   0x0800551e   0x00000002   PAD
    0x08005520   0x08005520   0x000000d8   Code   RO         5607    i.SVPWM1            svpwm.o
    0x080055f8   0x080055f8   0x00000004   Code   RO          819    i.SysTick_Handler   stm32g4xx_it.o
    0x080055fc   0x080055fc   0x00000088   Code   RO           16    i.SystemClock_Config  main.o
    0x08005684   0x08005684   0x00000010   Code   RO         5570    i.SystemInit        system_stm32g4xx.o
    0x08005694   0x08005694   0x0000000c   Code   RO          820    i.TIM1_BRK_TIM15_IRQHandler  stm32g4xx_it.o
    0x080056a0   0x080056a0   0x0000000c   Code   RO          821    i.TIM1_CC_IRQHandler  stm32g4xx_it.o
    0x080056ac   0x080056ac   0x0000000c   Code   RO          822    i.TIM1_UP_TIM16_IRQHandler  stm32g4xx_it.o
    0x080056b8   0x080056b8   0x0000000c   Code   RO          823    i.TIM4_IRQHandler   stm32g4xx_it.o
    0x080056c4   0x080056c4   0x000000b0   Code   RO         3987    i.TIM_Base_SetConfig  stm32g4xx_hal_tim.o
    0x08005774   0x08005774   0x0000001a   Code   RO         3988    i.TIM_CCxChannelCmd  stm32g4xx_hal_tim.o
    0x0800578e   0x0800578e   0x0000001a   Code   RO         4674    i.TIM_CCxNChannelCmd  stm32g4xx_hal_tim_ex.o
    0x080057a8   0x080057a8   0x00000014   Code   RO         3998    i.TIM_ETR_SetConfig  stm32g4xx_hal_tim.o
    0x080057bc   0x080057bc   0x00000014   Code   RO         3999    i.TIM_ITRx_SetConfig  stm32g4xx_hal_tim.o
    0x080057d0   0x080057d0   0x0000009c   Code   RO         4000    i.TIM_OC1_SetConfig  stm32g4xx_hal_tim.o
    0x0800586c   0x0800586c   0x00000090   Code   RO         4001    i.TIM_OC2_SetConfig  stm32g4xx_hal_tim.o
    0x080058fc   0x080058fc   0x00000090   Code   RO         4002    i.TIM_OC3_SetConfig  stm32g4xx_hal_tim.o
    0x0800598c   0x0800598c   0x00000090   Code   RO         4003    i.TIM_OC4_SetConfig  stm32g4xx_hal_tim.o
    0x08005a1c   0x08005a1c   0x00000070   Code   RO         4004    i.TIM_OC5_SetConfig  stm32g4xx_hal_tim.o
    0x08005a8c   0x08005a8c   0x00000070   Code   RO         4005    i.TIM_OC6_SetConfig  stm32g4xx_hal_tim.o
    0x08005afc   0x08005afc   0x00000022   Code   RO         4007    i.TIM_TI1_ConfigInputStage  stm32g4xx_hal_tim.o
    0x08005b1e   0x08005b1e   0x00000024   Code   RO         4009    i.TIM_TI2_ConfigInputStage  stm32g4xx_hal_tim.o
    0x08005b42   0x08005b42   0x00000002   PAD
    0x08005b44   0x08005b44   0x00000044   Code   RO         5470    i.UARTEx_SetNbDataToProcess  stm32g4xx_hal_uart_ex.o
    0x08005b88   0x08005b88   0x000000c8   Code   RO         5080    i.UART_AdvFeatureConfig  stm32g4xx_hal_uart.o
    0x08005c50   0x08005c50   0x00000060   Code   RO         5081    i.UART_CheckIdleState  stm32g4xx_hal_uart.o
    0x08005cb0   0x08005cb0   0x00000014   Code   RO         5082    i.UART_DMAAbortOnError  stm32g4xx_hal_uart.o
    0x08005cc4   0x08005cc4   0x00000050   Code   RO         5083    i.UART_DMAError     stm32g4xx_hal_uart.o
    0x08005d14   0x08005d14   0x00000030   Code   RO         5088    i.UART_DMATransmitCplt  stm32g4xx_hal_uart.o
    0x08005d44   0x08005d44   0x0000000a   Code   RO         5090    i.UART_DMATxHalfCplt  stm32g4xx_hal_uart.o
    0x08005d4e   0x08005d4e   0x00000002   PAD
    0x08005d50   0x08005d50   0x00000038   Code   RO         5092    i.UART_EndRxTransfer  stm32g4xx_hal_uart.o
    0x08005d88   0x08005d88   0x0000001c   Code   RO         5093    i.UART_EndTxTransfer  stm32g4xx_hal_uart.o
    0x08005da4   0x08005da4   0x00000274   Code   RO         5098    i.UART_SetConfig    stm32g4xx_hal_uart.o
    0x08006018   0x08006018   0x000000a4   Code   RO         5105    i.UART_WaitOnFlagUntilTimeout  stm32g4xx_hal_uart.o
    0x080060bc   0x080060bc   0x0000000c   Code   RO          824    i.USART3_IRQHandler  stm32g4xx_it.o
    0x080060c8   0x080060c8   0x00000002   Code   RO          825    i.UsageFault_Handler  stm32g4xx_it.o
    0x080060ca   0x080060ca   0x00000026   Code   RO         6014    i.__ARM_fpclassifyf  m_wm.l(fpclassifyf.o)
    0x080060f0   0x080060f0   0x00000020   Code   RO         2901    i.__NVIC_SetPriority  stm32g4xx_hal_cortex.o
    0x08006110   0x08006110   0x00000150   Code   RO         5937    i.__hardfp_cosf     m_wm.l(cosf.o)
    0x08006260   0x08006260   0x00000048   Code   RO         5973    i.__hardfp_fmaxf    m_wm.l(fmaxf.o)
    0x080062a8   0x080062a8   0x00000048   Code   RO         5977    i.__hardfp_fminf    m_wm.l(fminf.o)
    0x080062f0   0x080062f0   0x00000104   Code   RO         5949    i.__hardfp_fmod     m_wm.l(fmod.o)
    0x080063f4   0x080063f4   0x00000190   Code   RO         5961    i.__hardfp_sinf     m_wm.l(sinf.o)
    0x08006584   0x08006584   0x00000004   PAD
    0x08006588   0x08006588   0x00000020   Code   RO         6003    i.__mathlib_dbl_invalid  m_wm.l(dunder.o)
    0x080065a8   0x080065a8   0x00000006   Code   RO         6017    i.__mathlib_flt_infnan  m_wm.l(funder.o)
    0x080065ae   0x080065ae   0x00000002   PAD
    0x080065b0   0x080065b0   0x00000010   Code   RO         6019    i.__mathlib_flt_invalid  m_wm.l(funder.o)
    0x080065c0   0x080065c0   0x00000010   Code   RO         6022    i.__mathlib_flt_underflow  m_wm.l(funder.o)
    0x080065d0   0x080065d0   0x00000154   Code   RO         6030    i.__mathlib_rredf2  m_wm.l(rredf.o)
    0x08006724   0x08006724   0x0000000e   Code   RO         6083    i.__scatterload_copy  mc_w.l(handlers.o)
    0x08006732   0x08006732   0x00000002   Code   RO         6084    i.__scatterload_null  mc_w.l(handlers.o)
    0x08006734   0x08006734   0x0000000e   Code   RO         6085    i.__scatterload_zeroinit  mc_w.l(handlers.o)
    0x08006742   0x08006742   0x00000002   PAD
    0x08006744   0x08006744   0x0000000c   Code   RO         6055    i.__set_errno       mc_w.l(errno.o)
    0x08006750   0x08006750   0x00000030   Code   RO         5709    i._electricalAngle  control_loop.o
    0x08006780   0x08006780   0x00000044   Code   RO         5710    i._normalizeAngle   control_loop.o
    0x080067c4   0x080067c4   0x00000050   Code   RO         5711    i.cal_Id            control_loop.o
    0x08006814   0x08006814   0x00000054   Code   RO         5712    i.cal_Iq            control_loop.o
    0x08006868   0x08006868   0x00000014   Code   RO          968    i.delay_init        delay.o
    0x0800687c   0x0800687c   0x0000000a   Code   RO          969    i.delay_ms          delay.o
    0x08006886   0x08006886   0x00000002   PAD
    0x08006888   0x08006888   0x00000034   Code   RO          970    i.delay_us          delay.o
    0x080068bc   0x080068bc   0x00000158   Code   RO           18    i.main              main.o
    0x08006a14   0x08006a14   0x00000054   Code   RO         5609    i.svpwm_step        svpwm.o
    0x08006a68   0x08006a68   0x00000010   Data   RO         3460    .constdata          stm32g4xx_hal_fdcan.o
    0x08006a78   0x08006a78   0x00000018   Data   RO         5106    .constdata          stm32g4xx_hal_uart.o
    0x08006a90   0x08006a90   0x00000010   Data   RO         5471    .constdata          stm32g4xx_hal_uart_ex.o
    0x08006aa0   0x08006aa0   0x00000010   Data   RO         5571    .constdata          system_stm32g4xx.o
    0x08006ab0   0x08006ab0   0x00000008   Data   RO         5572    .constdata          system_stm32g4xx.o
    0x08006ab8   0x08006ab8   0x0000000c   Data   RO         5663    .constdata          svpwm_data.o
    0x08006ac4   0x08006ac4   0x00000020   Data   RO         6031    .constdata          m_wm.l(rredf.o)
    0x08006ae4   0x08006ae4   0x00000804   Data   RO         5929    .rodata.sinTable_f32  arm_cortexM4lf_math.lib(arm_common_tables.o)
    0x080072e8   0x080072e8   0x00000020   Data   RO         6081    Region$$Table       anon$$obj.o


    Execution Region RW_IRAM1 (Exec base: 0x20000000, Load base: 0x08007308, Size: 0x00000928, Max: 0x00008000, ABSOLUTE)

    Exec Addr    Load Addr    Size         Type   Attr      Idx    E Section Name        Object

    0x20000000   0x08007308   0x00000004   Data   RW           22    .data               main.o
    0x20000004   0x0800730c   0x00000004   Data   RW           23    .data               main.o
    0x20000008   0x08007310   0x00000004   Data   RW           24    .data               main.o
    0x2000000c   0x08007314   0x000000ac   Data   RW           25    .data               main.o
    0x200000b8   0x080073c0   0x00000004   Data   RW          454    .data               adc.o
    0x200000bc   0x080073c4   0x00000004   Data   RW          972    .data               delay.o
    0x200000c0   0x080073c8   0x0000000c   Data   RW         1578    .data               stm32g4xx_hal.o
    0x200000cc   0x080073d4   0x00000004   Data   RW         5573    .data               system_stm32g4xx.o
    0x200000d0   0x080073d8   0x00000004   Data   RW         6056    .data               mc_w.l(errno.o)
    0x200000d4        -       0x00000048   Zero   RW           20    .bss                main.o
    0x2000011c        -       0x00000028   Zero   RW           21    .bss                main.o
    0x20000144        -       0x000000d8   Zero   RW          453    .bss                adc.o
    0x2000021c        -       0x00000024   Zero   RW          501    .bss                comp.o
    0x20000240        -       0x00000028   Zero   RW          544    .bss                dac.o
    0x20000268        -       0x00000064   Zero   RW          618    .bss                fdcan.o
    0x200002cc        -       0x000000b4   Zero   RW          662    .bss                opamp.o
    0x20000380        -       0x00000098   Zero   RW          716    .bss                tim.o
    0x20000418        -       0x000000f0   Zero   RW          768    .bss                usart.o
    0x20000508        -       0x0000001c   Zero   RW         5610    .bss                svpwm.o
    0x20000524   0x080073dc   0x00000004   PAD
    0x20000528        -       0x00000400   Zero   RW            1    STACK               startup_stm32g431xx.o


==============================================================================

Image component sizes


      Code (inc. data)   RO Data    RW Data    ZI Data      Debug   Object Name

       656         52          0          4        216       3006   adc.o
       148         22          0          0         36       1808   comp.o
       280         44          0          0          0       3396   control_loop.o
       296         32          0          0         40       2578   dac.o
        88          8          0          4          0       2955   delay.o
        60          4          0          0          0        886   dma.o
       196         18          0          0        100       1907   fdcan.o
       164         12          0          0          0     720740   gpio.o
        34          0          0          0          0       1325   lowpass_filter.o
      1144        100          0        184        112     596001   main.o
       304         44          0          0        180       3161   opamp.o
       226          0          0          0          0       1955   pid.o
        36          8        472          0       1024        864   startup_stm32g431xx.o
       126         20          0         12          0       3909   stm32g4xx_hal.o
      2762        120          0          0          0      81540   stm32g4xx_hal_adc.o
      2278        100          0          0          0      79542   stm32g4xx_hal_adc_ex.o
       362         32          0          0          0       7521   stm32g4xx_hal_comp.o
       222         14          0          0          0      34741   stm32g4xx_hal_cortex.o
       476          8          0          0          0       2651   stm32g4xx_hal_dac.o
       906         30          0          0          0       6902   stm32g4xx_hal_dma.o
      1490         24         16          0          0      16058   stm32g4xx_hal_fdcan.o
       492         40          0          0          0       3804   stm32g4xx_hal_gpio.o
        48          6          0          0          0        938   stm32g4xx_hal_msp.o
       288          8          0          0          0       2575   stm32g4xx_hal_opamp.o
       204         18          0          0          0       1481   stm32g4xx_hal_pwr_ex.o
      1708         98          0          0          0       6712   stm32g4xx_hal_rcc.o
       648         10          0          0          0       1948   stm32g4xx_hal_rcc_ex.o
      2734        256          0          0          0      20183   stm32g4xx_hal_tim.o
       742         58          0          0          0       9488   stm32g4xx_hal_tim_ex.o
      2240         96         24          0          0      33354   stm32g4xx_hal_uart.o
       288          6         16          0          0       5650   stm32g4xx_hal_uart_ex.o
       198         64          0          0          0       9749   stm32g4xx_it.o
       300         14          0          0         28       4330   svpwm.o
         0          0         12          0          0       1397   svpwm_data.o
        16          4         24          4          0       1235   system_stm32g4xx.o
       656         38          0          0        152       3058   tim.o
       272         30          0          0        240       1989   usart.o

    ----------------------------------------------------------------------
     23130       1438        596        208       2132    1681337   Object Totals
         0          0         32          0          0          0   (incl. Generated)
        42          0          0          0          4          0   (incl. Padding)

    ----------------------------------------------------------------------

      Code (inc. data)   RO Data    RW Data    ZI Data      Debug   Library Member Name

         0          0       2052          0          0       4961   arm_common_tables.o
       160         12          0          0          0       1103   arm_cos_f32.o
       110          0          0          0          0        994   arm_offset_f32.o
       110          0          0          0          0        990   arm_scale_f32.o
       152         12          0          0          0       1098   arm_sin_f32.o
       336         56          0          0          0        136   cosf.o
        32          8          0          0          0        124   dunder.o
        72          0          0          0          0        148   fmaxf.o
        72          0          0          0          0        148   fminf.o
       260          6          0          0          0        144   fmod.o
        38          0          0          0          0        116   fpclassifyf.o
        38         12          0          0          0        348   funder.o
       340         24         32          0          0        160   rredf.o
       400         56          0          0          0        212   sinf.o
         0          0          0          0          0          0   entry.o
         0          0          0          0          0          0   entry10a.o
         0          0          0          0          0          0   entry11a.o
         4          0          0          0          0          0   entry12b.o
         8          4          0          0          0          0   entry2.o
         4          0          0          0          0          0   entry5.o
         0          0          0          0          0          0   entry7b.o
         0          0          0          0          0          0   entry8b.o
         8          4          0          0          0          0   entry9a.o
        12          6          0          4          0         68   errno.o
        30          0          0          0          0          0   handlers.o
        36          8          0          0          0         68   init.o
         0          0          0          0          0          0   iusefp.o
        30          0          0          0          0         68   llshl.o
        36          0          0          0          0         68   llsshr.o
        32          0          0          0          0         68   llushr.o
        36          0          0          0          0         68   memcpya.o
        36          0          0          0          0        108   memseta.o
        98          0          0          0          0         92   uldiv.o
        56          0          0          0          0         88   d2f.o
       334          0          0          0          0        148   dadd.o
       222          0          0          0          0        100   ddiv.o
       186          0          0          0          0        176   depilogue.o
       134          0          0          0          0         96   drem.o
        38          0          0          0          0         68   f2d.o
        54          0          0          0          0         68   fcmp4.o
       110          0          0          0          0        168   fepilogue.o

    ----------------------------------------------------------------------
      3638        212       2084          4          0      12202   Library Totals
        14          4          0          0          0          0   (incl. Padding)

    ----------------------------------------------------------------------

      Code (inc. data)   RO Data    RW Data    ZI Data      Debug   Library Name

       532         24       2052          0          0       9146   arm_cortexM4lf_math.lib
      1588        162         32          0          0       1536   m_wm.l
       370         22          0          4          0        608   mc_w.l
      1134          0          0          0          0        912   mf_w.l

    ----------------------------------------------------------------------
      3638        212       2084          4          0      12202   Library Totals

    ----------------------------------------------------------------------

==============================================================================


      Code (inc. data)   RO Data    RW Data    ZI Data      Debug   

     26768       1650       2680        212       2132    1672319   Grand Totals
     26768       1650       2680        212       2132    1672319   ELF Image Totals
     26768       1650       2680        212          0          0   ROM Totals

==============================================================================

    Total RO  Size (Code + RO Data)                29448 (  28.76kB)
    Total RW  Size (RW Data + ZI Data)              2344 (   2.29kB)
    Total ROM Size (Code + RO Data + RW Data)      29660 (  28.96kB)

==============================================================================

