Component: ARM Compiler 5.06 update 7 (build 960) Tool: armlink [4d3601]

==============================================================================

Section Cross References

    startup_stm32g474xx.o(RESET) refers to startup_stm32g474xx.o(STACK) for __initial_sp
    startup_stm32g474xx.o(RESET) refers to startup_stm32g474xx.o(.text) for Reset_Handler
    startup_stm32g474xx.o(RESET) refers to stm32g4xx_it.o(i.NMI_Handler) for NMI_Handler
    startup_stm32g474xx.o(RESET) refers to stm32g4xx_it.o(i.HardFault_Handler) for HardFault_Handler
    startup_stm32g474xx.o(RESET) refers to stm32g4xx_it.o(i.MemManage_Handler) for MemManage_Handler
    startup_stm32g474xx.o(RESET) refers to stm32g4xx_it.o(i.BusFault_Handler) for BusFault_Handler
    startup_stm32g474xx.o(RESET) refers to stm32g4xx_it.o(i.UsageFault_Handler) for UsageFault_Handler
    startup_stm32g474xx.o(RESET) refers to stm32g4xx_it.o(i.SVC_Handler) for SVC_Handler
    startup_stm32g474xx.o(RESET) refers to stm32g4xx_it.o(i.DebugMon_Handler) for DebugMon_Handler
    startup_stm32g474xx.o(RESET) refers to stm32g4xx_it.o(i.PendSV_Handler) for PendSV_Handler
    startup_stm32g474xx.o(RESET) refers to stm32g4xx_it.o(i.SysTick_Handler) for SysTick_Handler
    startup_stm32g474xx.o(RESET) refers to usmart_port.o(i.TIM4_IRQHandler) for TIM4_IRQHandler
    startup_stm32g474xx.o(RESET) refers to usart.o(i.USART1_IRQHandler) for USART1_IRQHandler
    startup_stm32g474xx.o(.text) refers to system_stm32g4xx.o(i.SystemInit) for SystemInit
    startup_stm32g474xx.o(.text) refers to entry.o(.ARM.Collect$$$$00000000) for __main
    main.o(i.CAN_SendTwoFloats) refers to fdcan.o(i.fdcan1_send_msg) for fdcan1_send_msg
    main.o(i.CAN_SendTwoFloats) refers to main.o(.data) for buffer
    main.o(i.main) refers to stm32g4xx_hal.o(i.HAL_Init) for HAL_Init
    main.o(i.main) refers to sys.o(i.sys_stm32_clock_init) for sys_stm32_clock_init
    main.o(i.main) refers to delay.o(i.delay_init) for delay_init
    main.o(i.main) refers to usart.o(i.usart_init) for usart_init
    main.o(i.main) refers to fdcan.o(i.fdcan_init) for fdcan_init
    main.o(i.main) refers to ad2s1210.o(i.AD2S1210GPIOInitiate) for AD2S1210GPIOInitiate
    main.o(i.main) refers to ad2s1210.o(i.AD2S1210Initiate) for AD2S1210Initiate
    main.o(i.main) refers to stm32g4xx_hal_gpio.o(i.HAL_GPIO_WritePin) for HAL_GPIO_WritePin
    main.o(i.main) refers to ad2s1210.o(i.AD2S1210SelectMode) for AD2S1210SelectMode
    main.o(i.main) refers to ad2s1210.o(i.ReadFromAD2S1210) for ReadFromAD2S1210
    main.o(i.main) refers to main.o(i.CAN_SendTwoFloats) for CAN_SendTwoFloats
    main.o(i.main) refers to main.o(.data) for buf
    stm32g4xx_it.o(i.SysTick_Handler) refers to stm32g4xx_hal.o(i.HAL_IncTick) for HAL_IncTick
    system_stm32g4xx.o(i.SystemCoreClockUpdate) refers to system_stm32g4xx.o(.data) for SystemCoreClock
    system_stm32g4xx.o(i.SystemCoreClockUpdate) refers to system_stm32g4xx.o(.constdata) for AHBPrescTable
    delay.o(i.HAL_Delay) refers to delay.o(i.delay_ms) for delay_ms
    delay.o(i.delay_init) refers to stm32g4xx_hal_cortex.o(i.HAL_SYSTICK_CLKSourceConfig) for HAL_SYSTICK_CLKSourceConfig
    delay.o(i.delay_init) refers to delay.o(.data) for g_fac_us
    delay.o(i.delay_ms) refers to delay.o(i.delay_us) for delay_us
    delay.o(i.delay_us) refers to delay.o(.data) for g_fac_us
    sys.o(i.sys_stm32_clock_init) refers to memseta.o(.text) for __aeabi_memclr4
    sys.o(i.sys_stm32_clock_init) refers to stm32g4xx_hal_pwr_ex.o(i.HAL_PWREx_ControlVoltageScaling) for HAL_PWREx_ControlVoltageScaling
    sys.o(i.sys_stm32_clock_init) refers to stm32g4xx_hal_rcc.o(i.HAL_RCC_OscConfig) for HAL_RCC_OscConfig
    sys.o(i.sys_stm32_clock_init) refers to stm32g4xx_hal_rcc.o(i.HAL_RCC_ClockConfig) for HAL_RCC_ClockConfig
    sys.o(i.sys_stm32_clock_init) refers to stm32g4xx_hal.o(i.HAL_GetREVID) for HAL_GetREVID
    usart.o(i.HAL_UART_MspInit) refers to stm32g4xx_hal_gpio.o(i.HAL_GPIO_Init) for HAL_GPIO_Init
    usart.o(i.HAL_UART_MspInit) refers to stm32g4xx_hal_cortex.o(i.HAL_NVIC_EnableIRQ) for HAL_NVIC_EnableIRQ
    usart.o(i.HAL_UART_MspInit) refers to stm32g4xx_hal_cortex.o(i.HAL_NVIC_SetPriority) for HAL_NVIC_SetPriority
    usart.o(i.HAL_UART_RxCpltCallback) refers to stm32g4xx_hal_uart.o(i.HAL_UART_Receive_IT) for HAL_UART_Receive_IT
    usart.o(i.HAL_UART_RxCpltCallback) refers to usart.o(.data) for g_usart_rx_sta
    usart.o(i.HAL_UART_RxCpltCallback) refers to usart.o(.bss) for g_usart_rx_buf
    usart.o(i.USART1_IRQHandler) refers to stm32g4xx_hal_uart.o(i.HAL_UART_IRQHandler) for HAL_UART_IRQHandler
    usart.o(i.USART1_IRQHandler) refers to usart.o(.bss) for g_uart1_handle
    usart.o(i.usart_init) refers to stm32g4xx_hal_uart.o(i.HAL_UART_Init) for HAL_UART_Init
    usart.o(i.usart_init) refers to stm32g4xx_hal_uart.o(i.HAL_UART_Receive_IT) for HAL_UART_Receive_IT
[...]
    ..\\..\\Drivers\\STM32G4xx_HAL_Driver\\Src\\stm32g4xx_hal_dma_ex.c 0x00000000   Number         0  stm32g4xx_hal_dma_ex.o ABSOLUTE
    ..\\..\\Drivers\\STM32G4xx_HAL_Driver\\Src\\stm32g4xx_hal_fdcan.c 0x00000000   Number         0  stm32g4xx_hal_fdcan.o ABSOLUTE
    ..\\..\\Drivers\\STM32G4xx_HAL_Driver\\Src\\stm32g4xx_hal_gpio.c 0x00000000   Number         0  stm32g4xx_hal_gpio.o ABSOLUTE
    ..\\..\\Drivers\\STM32G4xx_HAL_Driver\\Src\\stm32g4xx_hal_pwr.c 0x00000000   Number         0  stm32g4xx_hal_pwr.o ABSOLUTE
    ..\\..\\Drivers\\STM32G4xx_HAL_Driver\\Src\\stm32g4xx_hal_pwr_ex.c 0x00000000   Number         0  stm32g4xx_hal_pwr_ex.o ABSOLUTE
    ..\\..\\Drivers\\STM32G4xx_HAL_Driver\\Src\\stm32g4xx_hal_rcc.c 0x00000000   Number         0  stm32g4xx_hal_rcc.o ABSOLUTE
    ..\\..\\Drivers\\STM32G4xx_HAL_Driver\\Src\\stm32g4xx_hal_rcc_ex.c 0x00000000   Number         0  stm32g4xx_hal_rcc_ex.o ABSOLUTE
    ..\\..\\Drivers\\STM32G4xx_HAL_Driver\\Src\\stm32g4xx_hal_spi.c 0x00000000   Number         0  stm32g4xx_hal_spi.o ABSOLUTE
    ..\\..\\Drivers\\STM32G4xx_HAL_Driver\\Src\\stm32g4xx_hal_spi_ex.c 0x00000000   Number         0  stm32g4xx_hal_spi_ex.o ABSOLUTE
    ..\\..\\Drivers\\STM32G4xx_HAL_Driver\\Src\\stm32g4xx_hal_tim.c 0x00000000   Number         0  stm32g4xx_hal_tim.o ABSOLUTE
    ..\\..\\Drivers\\STM32G4xx_HAL_Driver\\Src\\stm32g4xx_hal_tim_ex.c 0x00000000   Number         0  stm32g4xx_hal_tim_ex.o ABSOLUTE
    ..\\..\\Drivers\\STM32G4xx_HAL_Driver\\Src\\stm32g4xx_hal_uart.c 0x00000000   Number         0  stm32g4xx_hal_uart.o ABSOLUTE
    ..\\..\\Drivers\\STM32G4xx_HAL_Driver\\Src\\stm32g4xx_hal_uart_ex.c 0x00000000   Number         0  stm32g4xx_hal_uart_ex.o ABSOLUTE
    ..\\..\\Drivers\\STM32G4xx_HAL_Driver\\Src\\stm32g4xx_hal_usart.c 0x00000000   Number         0  stm32g4xx_hal_usart.o ABSOLUTE
    ..\\..\\Drivers\\STM32G4xx_HAL_Driver\\Src\\stm32g4xx_hal_usart_ex.c 0x00000000   Number         0  stm32g4xx_hal_usart_ex.o ABSOLUTE
    ..\\..\\Drivers\\SYSTEM\\delay\\delay.c  0x00000000   Number         0  delay.o ABSOLUTE
    ..\\..\\Drivers\\SYSTEM\\sys\\sys.c      0x00000000   Number         0  sys.o ABSOLUTE
    ..\\..\\Drivers\\SYSTEM\\usart\\usart.c  0x00000000   Number         0  usart.o ABSOLUTE
    ..\\..\\Middlewares\\USMART\\usmart.c    0x00000000   Number         0  usmart.o ABSOLUTE
    ..\\..\\Middlewares\\USMART\\usmart_config.c 0x00000000   Number         0  usmart_config.o ABSOLUTE
    ..\\..\\Middlewares\\USMART\\usmart_port.c 0x00000000   Number         0  usmart_port.o ABSOLUTE
    ..\\..\\Middlewares\\USMART\\usmart_str.c 0x00000000   Number         0  usmart_str.o ABSOLUTE
    ..\\..\\User\\main.c                     0x00000000   Number         0  main.o ABSOLUTE
    ..\\..\\User\\stm32g4xx_it.c             0x00000000   Number         0  stm32g4xx_it.o ABSOLUTE
    cdrcmple.s                               0x00000000   Number         0  cdrcmple.o ABSOLUTE
    dc.s                                     0x00000000   Number         0  dc.o ABSOLUTE
    handlers.s                               0x00000000   Number         0  handlers.o ABSOLUTE
    init.s                                   0x00000000   Number         0  init.o ABSOLUTE
    RESET                                    0x08000000   Section      472  startup_stm32g474xx.o(RESET)
    .ARM.Collect$$$$00000000                 0x080001d8   Section        0  entry.o(.ARM.Collect$$$$00000000)
    .ARM.Collect$$$$00000001                 0x080001d8   Section        4  entry2.o(.ARM.Collect$$$$00000001)
    .ARM.Collect$$$$00000004                 0x080001dc   Section        4  entry5.o(.ARM.Collect$$$$00000004)
    .ARM.Collect$$$$00000008                 0x080001e0   Section        0  entry7b.o(.ARM.Collect$$$$00000008)
    .ARM.Collect$$$$0000000A                 0x080001e0   Section        0  entry8b.o(.ARM.Collect$$$$0000000A)
    .ARM.Collect$$$$0000000B                 0x080001e0   Section        8  entry9a.o(.ARM.Collect$$$$0000000B)
    .ARM.Collect$$$$0000000E                 0x080001e8   Section        4  entry12b.o(.ARM.Collect$$$$0000000E)
    .ARM.Collect$$$$0000000F                 0x080001ec   Section        0  entry10a.o(.ARM.Collect$$$$0000000F)
    .ARM.Collect$$$$00000011                 0x080001ec   Section        0  entry11a.o(.ARM.Collect$$$$00000011)
    .ARM.Collect$$$$00002712                 0x080001ec   Section        4  entry2.o(.ARM.Collect$$$$00002712)
    __lit__00000000                          0x080001ec   Data           4  entry2.o(.ARM.Collect$$$$00002712)
    .text                                    0x080001f0   Section       36  startup_stm32g474xx.o(.text)
    $v0                                      0x080001f0   Number         0  startup_stm32g474xx.o(.text)
    .text                                    0x08000214   Section        0  uldiv.o(.text)
    .text                                    0x08000276   Section        0  memseta.o(.text)
    .text                                    0x0800029a   Section        0  llshl.o(.text)
    .text                                    0x080002b8   Section        0  llushr.o(.text)
    .text                                    0x080002d8   Section       36  init.o(.text)
    .text                                    0x080002fc   Section        0  __dczerorl2.o(.text)
    i.AD2S1210GPIOInitiate                   0x08000354   Section        0  ad2s1210.o(i.AD2S1210GPIOInitiate)
    i.AD2S1210Initiate                       0x0800062c   Section        0  ad2s1210.o(i.AD2S1210Initiate)
    i.AD2S1210SelectMode                     0x08000694   Section        0  ad2s1210.o(i.AD2S1210SelectMode)
    i.BusFault_Handler                       0x08000714   Section        0  stm32g4xx_it.o(i.BusFault_Handler)
    i.CAN_SendTwoFloats                      0x08000718   Section        0  main.o(i.CAN_SendTwoFloats)
    i.DebugMon_Handler                       0x08000738   Section        0  stm32g4xx_it.o(i.DebugMon_Handler)
    i.FDCAN_CalcultateRamBlockAddresses      0x0800073c   Section        0  stm32g4xx_hal_fdcan.o(i.FDCAN_CalcultateRamBlockAddresses)
    FDCAN_CalcultateRamBlockAddresses        0x0800073d   Thumb Code   120  stm32g4xx_hal_fdcan.o(i.FDCAN_CalcultateRamBlockAddresses)
    i.FDCAN_CopyMessageToRAM                 0x080007c0   Section        0  stm32g4xx_hal_fdcan.o(i.FDCAN_CopyMessageToRAM)
    FDCAN_CopyMessageToRAM                   0x080007c1   Thumb Code   202  stm32g4xx_hal_fdcan.o(i.FDCAN_CopyMessageToRAM)
    i.HAL_DMA_Abort                          0x08000890   Section        0  stm32g4xx_hal_dma.o(i.HAL_DMA_Abort)
    i.HAL_DMA_Abort_IT                       0x08000906   Section        0  stm32g4xx_hal_dma.o(i.HAL_DMA_Abort_IT)
    i.HAL_FDCAN_ActivateNotification         0x0800099a   Section        0  stm32g4xx_hal_fdcan.o(i.HAL_FDCAN_ActivateNotification)
    i.HAL_FDCAN_AddMessageToTxFifoQ          0x08000abc   Section        0  stm32g4xx_hal_fdcan.o(i.HAL_FDCAN_AddMessageToTxFifoQ)
    i.HAL_FDCAN_ConfigFilter                 0x08000b26   Section        0  stm32g4xx_hal_fdcan.o(i.HAL_FDCAN_ConfigFilter)
    i.HAL_FDCAN_ConfigGlobalFilter           0x08000b8a   Section        0  stm32g4xx_hal_fdcan.o(i.HAL_FDCAN_ConfigGlobalFilter)
    i.HAL_FDCAN_DeInit                       0x08000bc6   Section        0  stm32g4xx_hal_fdcan.o(i.HAL_FDCAN_DeInit)
    i.HAL_FDCAN_Init                         0x08000bf4   Section        0  stm32g4xx_hal_fdcan.o(i.HAL_FDCAN_Init)
    i.HAL_FDCAN_MspDeInit                    0x08000e0c   Section        0  stm32g4xx_hal_fdcan.o(i.HAL_FDCAN_MspDeInit)
    i.HAL_FDCAN_MspInit                      0x08000e10   Section        0  fdcan.o(i.HAL_FDCAN_MspInit)
    i.HAL_FDCAN_Start                        0x08000ecc   Section        0  stm32g4xx_hal_fdcan.o(i.HAL_FDCAN_Start)
    i.HAL_FDCAN_Stop                         0x08000efa   Section        0  stm32g4xx_hal_fdcan.o(i.HAL_FDCAN_Stop)
    i.HAL_GPIO_Init                          0x08000f94   Section        0  stm32g4xx_hal_gpio.o(i.HAL_GPIO_Init)
    i.HAL_GPIO_ReadPin                       0x08001160   Section        0  stm32g4xx_hal_gpio.o(i.HAL_GPIO_ReadPin)
    i.HAL_GPIO_WritePin                      0x08001170   Section        0  stm32g4xx_hal_gpio.o(i.HAL_GPIO_WritePin)
    i.HAL_GetREVID                           0x0800117c   Section        0  stm32g4xx_hal.o(i.HAL_GetREVID)
    i.HAL_GetTick                            0x08001188   Section        0  stm32g4xx_hal.o(i.HAL_GetTick)
    i.HAL_IncTick                            0x08001194   Section        0  stm32g4xx_hal.o(i.HAL_IncTick)
    i.HAL_Init                               0x080011ac   Section        0  stm32g4xx_hal.o(i.HAL_Init)
    i.HAL_InitTick                           0x080011cc   Section        0  stm32g4xx_hal.o(i.HAL_InitTick)
    i.HAL_MspInit                            0x08001224   Section        0  stm32g4xx_hal.o(i.HAL_MspInit)
    i.HAL_NVIC_EnableIRQ                     0x08001226   Section        0  stm32g4xx_hal_cortex.o(i.HAL_NVIC_EnableIRQ)
    i.HAL_NVIC_SetPriority                   0x0800124e   Section        0  stm32g4xx_hal_cortex.o(i.HAL_NVIC_SetPriority)
    i.HAL_NVIC_SetPriorityGrouping           0x080012c8   Section        0  stm32g4xx_hal_cortex.o(i.HAL_NVIC_SetPriorityGrouping)
    i.HAL_PWREx_ControlVoltageScaling        0x080012f0   Section        0  stm32g4xx_hal_pwr_ex.o(i.HAL_PWREx_ControlVoltageScaling)
    i.HAL_RCCEx_PeriphCLKConfig              0x08001408   Section        0  stm32g4xx_hal_rcc_ex.o(i.HAL_RCCEx_PeriphCLKConfig)
    i.HAL_RCC_ClockConfig                    0x08001820   Section        0  stm32g4xx_hal_rcc.o(i.HAL_RCC_ClockConfig)
    i.HAL_RCC_GetHCLKFreq                    0x08001a44   Section        0  stm32g4xx_hal_rcc.o(i.HAL_RCC_GetHCLKFreq)
    i.HAL_RCC_GetPCLK1Freq                   0x08001a50   Section        0  stm32g4xx_hal_rcc.o(i.HAL_RCC_GetPCLK1Freq)
    i.HAL_RCC_GetPCLK2Freq                   0x08001a74   Section        0  stm32g4xx_hal_rcc.o(i.HAL_RCC_GetPCLK2Freq)
    i.HAL_RCC_GetSysClockFreq                0x08001a98   Section        0  stm32g4xx_hal_rcc.o(i.HAL_RCC_GetSysClockFreq)
    i.HAL_RCC_OscConfig                      0x08001b30   Section        0  stm32g4xx_hal_rcc.o(i.HAL_RCC_OscConfig)
    i.HAL_SPI_Transmit                       0x08002098   Section        0  stm32g4xx_hal_spi.o(i.HAL_SPI_Transmit)
    i.HAL_SPI_TransmitReceive                0x080022ba   Section        0  stm32g4xx_hal_spi.o(i.HAL_SPI_TransmitReceive)
    i.HAL_SYSTICK_CLKSourceConfig            0x080026a6   Section        0  stm32g4xx_hal_cortex.o(i.HAL_SYSTICK_CLKSourceConfig)
    i.HAL_SYSTICK_Config                     0x080026ce   Section        0  stm32g4xx_hal_cortex.o(i.HAL_SYSTICK_Config)
    i.HAL_TIM_Base_Init                      0x08002702   Section        0  stm32g4xx_hal_tim.o(i.HAL_TIM_Base_Init)
    i.HAL_TIM_Base_MspInit                   0x08002770   Section        0  stm32g4xx_hal_tim.o(i.HAL_TIM_Base_MspInit)
    i.HAL_TIM_Base_Start_IT                  0x08002774   Section        0  stm32g4xx_hal_tim.o(i.HAL_TIM_Base_Start_IT)
    i.HAL_UARTEx_RxEventCallback             0x08002828   Section        0  stm32g4xx_hal_uart.o(i.HAL_UARTEx_RxEventCallback)
    i.HAL_UARTEx_RxFifoFullCallback          0x0800282a   Section        0  stm32g4xx_hal_uart_ex.o(i.HAL_UARTEx_RxFifoFullCallback)
    i.HAL_UARTEx_TxFifoEmptyCallback         0x0800282c   Section        0  stm32g4xx_hal_uart_ex.o(i.HAL_UARTEx_TxFifoEmptyCallback)
    i.HAL_UARTEx_WakeupCallback              0x0800282e   Section        0  stm32g4xx_hal_uart_ex.o(i.HAL_UARTEx_WakeupCallback)
    i.HAL_UART_ErrorCallback                 0x08002830   Section        0  stm32g4xx_hal_uart.o(i.HAL_UART_ErrorCallback)
    i.HAL_UART_IRQHandler                    0x08002834   Section        0  stm32g4xx_hal_uart.o(i.HAL_UART_IRQHandler)
    i.HAL_UART_Init                          0x08002bc4   Section        0  stm32g4xx_hal_uart.o(i.HAL_UART_Init)
    i.HAL_UART_MspInit                       0x08002c3c   Section        0  usart.o(i.HAL_UART_MspInit)
    i.HAL_UART_Receive_IT                    0x08002cf4   Section        0  stm32g4xx_hal_uart.o(i.HAL_UART_Receive_IT)
    i.HAL_UART_RxCpltCallback                0x08002d68   Section        0  usart.o(i.HAL_UART_RxCpltCallback)
    i.HAL_UART_TxCpltCallback                0x08002e04   Section        0  stm32g4xx_hal_uart.o(i.HAL_UART_TxCpltCallback)
    i.HardFault_Handler                      0x08002e06   Section        0  stm32g4xx_it.o(i.HardFault_Handler)
    i.MemManage_Handler                      0x08002e0a   Section        0  stm32g4xx_it.o(i.MemManage_Handler)
    i.NMI_Handler                            0x08002e0e   Section        0  stm32g4xx_it.o(i.NMI_Handler)
    i.PendSV_Handler                         0x08002e10   Section        0  stm32g4xx_it.o(i.PendSV_Handler)
    i.RCC_GetSysClockFreqFromPLLSource       0x08002e14   Section        0  stm32g4xx_hal_rcc.o(i.RCC_GetSysClockFreqFromPLLSource)
    RCC_GetSysClockFreqFromPLLSource         0x08002e15   Thumb Code    90  stm32g4xx_hal_rcc.o(i.RCC_GetSysClockFreqFromPLLSource)
    i.ReadFromAD2S1210                       0x08002e7c   Section        0  ad2s1210.o(i.ReadFromAD2S1210)
    i.SPIRead                                0x08003088   Section        0  ad2s1210.o(i.SPIRead)
    i.SPIWrite                               0x08003108   Section        0  ad2s1210.o(i.SPIWrite)
    i.SPI_EndRxTxTransaction                 0x08003194   Section        0  stm32g4xx_hal_spi.o(i.SPI_EndRxTxTransaction)
    SPI_EndRxTxTransaction                   0x08003195   Thumb Code   100  stm32g4xx_hal_spi.o(i.SPI_EndRxTxTransaction)
    i.SPI_WaitFifoStateUntilTimeout          0x080031f8   Section        0  stm32g4xx_hal_spi.o(i.SPI_WaitFifoStateUntilTimeout)
    SPI_WaitFifoStateUntilTimeout            0x080031f9   Thumb Code   242  stm32g4xx_hal_spi.o(i.SPI_WaitFifoStateUntilTimeout)
    i.SPI_WaitFlagStateUntilTimeout          0x080032f0   Section        0  stm32g4xx_hal_spi.o(i.SPI_WaitFlagStateUntilTimeout)
    SPI_WaitFlagStateUntilTimeout            0x080032f1   Thumb Code   210  stm32g4xx_hal_spi.o(i.SPI_WaitFlagStateUntilTimeout)
    i.SVC_Handler                            0x080033c8   Section        0  stm32g4xx_it.o(i.SVC_Handler)
    i.SysTick_Handler                        0x080033ca   Section        0  stm32g4xx_it.o(i.SysTick_Handler)
    i.SystemInit                             0x080033d4   Section        0  system_stm32g4xx.o(i.SystemInit)
    i.TIM4_IRQHandler                        0x080033e8   Section        0  usmart_port.o(i.TIM4_IRQHandler)
    i.TIM_Base_SetConfig                     0x0800342c   Section        0  stm32g4xx_hal_tim.o(i.TIM_Base_SetConfig)
    i.UART_AdvFeatureConfig                  0x0800350c   Section        0  stm32g4xx_hal_uart.o(i.UART_AdvFeatureConfig)
    i.UART_CheckIdleState                    0x08003604   Section        0  stm32g4xx_hal_uart.o(i.UART_CheckIdleState)
    i.UART_DMAAbortOnError                   0x0800367a   Section        0  stm32g4xx_hal_uart.o(i.UART_DMAAbortOnError)
    UART_DMAAbortOnError                     0x0800367b   Thumb Code    24  stm32g4xx_hal_uart.o(i.UART_DMAAbortOnError)
    i.UART_EndRxTransfer                     0x08003694   Section        0  stm32g4xx_hal_uart.o(i.UART_EndRxTransfer)
    UART_EndRxTransfer                       0x08003695   Thumb Code   104  stm32g4xx_hal_uart.o(i.UART_EndRxTransfer)
    i.UART_EndTransmit_IT                    0x08003700   Section        0  stm32g4xx_hal_uart.o(i.UART_EndTransmit_IT)
    UART_EndTransmit_IT                      0x08003701   Thumb Code    48  stm32g4xx_hal_uart.o(i.UART_EndTransmit_IT)
    i.UART_RxISR_16BIT                       0x08003730   Section        0  stm32g4xx_hal_uart.o(i.UART_RxISR_16BIT)
    UART_RxISR_16BIT                         0x08003731   Thumb Code   210  stm32g4xx_hal_uart.o(i.UART_RxISR_16BIT)
    i.UART_RxISR_16BIT_FIFOEN                0x08003804   Section        0  stm32g4xx_hal_uart.o(i.UART_RxISR_16BIT_FIFOEN)
    UART_RxISR_16BIT_FIFOEN                  0x08003805   Thumb Code   448  stm32g4xx_hal_uart.o(i.UART_RxISR_16BIT_FIFOEN)
    i.UART_RxISR_8BIT                        0x080039cc   Section        0  stm32g4xx_hal_uart.o(i.UART_RxISR_8BIT)
    UART_RxISR_8BIT                          0x080039cd   Thumb Code   206  stm32g4xx_hal_uart.o(i.UART_RxISR_8BIT)
    i.UART_RxISR_8BIT_FIFOEN                 0x08003a9c   Section        0  stm32g4xx_hal_uart.o(i.UART_RxISR_8BIT_FIFOEN)
    UART_RxISR_8BIT_FIFOEN                   0x08003a9d   Thumb Code   446  stm32g4xx_hal_uart.o(i.UART_RxISR_8BIT_FIFOEN)
    i.UART_SetConfig                         0x08003c64   Section        0  stm32g4xx_hal_uart.o(i.UART_SetConfig)
    i.UART_Start_Receive_IT                  0x0800402c   Section        0  stm32g4xx_hal_uart.o(i.UART_Start_Receive_IT)
    i.UART_WaitOnFlagUntilTimeout            0x0800419c   Section        0  stm32g4xx_hal_uart.o(i.UART_WaitOnFlagUntilTimeout)
    i.USART1_IRQHandler                      0x0800429c   Section        0  usart.o(i.USART1_IRQHandler)
    i.UsageFault_Handler                     0x080042ac   Section        0  stm32g4xx_it.o(i.UsageFault_Handler)
    i.__0printf$8                            0x080042b0   Section        0  printf8.o(i.__0printf$8)
    i.__NVIC_GetPriorityGrouping             0x080042d0   Section        0  stm32g4xx_hal_cortex.o(i.__NVIC_GetPriorityGrouping)
    __NVIC_GetPriorityGrouping               0x080042d1   Thumb Code    10  stm32g4xx_hal_cortex.o(i.__NVIC_GetPriorityGrouping)
    i.__NVIC_SetPriority                     0x080042e0   Section        0  stm32g4xx_hal_cortex.o(i.__NVIC_SetPriority)
    __NVIC_SetPriority                       0x080042e1   Thumb Code    32  stm32g4xx_hal_cortex.o(i.__NVIC_SetPriority)
    i.__scatterload_copy                     0x08004308   Section       14  handlers.o(i.__scatterload_copy)
    i.__scatterload_null                     0x08004316   Section        2  handlers.o(i.__scatterload_null)
    i.__scatterload_zeroinit                 0x08004318   Section       14  handlers.o(i.__scatterload_zeroinit)
    i._printf_core                           0x08004328   Section        0  printf8.o(i._printf_core)
    _printf_core                             0x08004329   Thumb Code   984  printf8.o(i._printf_core)
    i._printf_post_padding                   0x0800472c   Section        0  printf8.o(i._printf_post_padding)
    _printf_post_padding                     0x0800472d   Thumb Code    36  printf8.o(i._printf_post_padding)
    i._printf_pre_padding                    0x08004750   Section        0  printf8.o(i._printf_pre_padding)
    _printf_pre_padding                      0x08004751   Thumb Code    46  printf8.o(i._printf_pre_padding)
    i.delay                                  0x0800477e   Section        0  delay.o(i.delay)
    i.delay_init                             0x08004788   Section        0  delay.o(i.delay_init)
    i.delay_ms                               0x0800479c   Section        0  delay.o(i.delay_ms)
    i.delay_us                               0x080047b0   Section        0  delay.o(i.delay_us)
    i.fdcan1_send_msg                        0x080047f8   Section        0  fdcan.o(i.fdcan1_send_msg)
    i.fdcan_init                             0x08004834   Section        0  fdcan.o(i.fdcan_init)
    i.fputc                                  0x080048fc   Section        0  usart.o(i.fputc)
    i.lcd_address_set                        0x08004918   Section        0  lcd.o(i.lcd_address_set)
    i.lcd_clear                              0x0800496c   Section        0  lcd.o(i.lcd_clear)
    i.lcd_draw_circle                        0x080049e0   Section        0  lcd.o(i.lcd_draw_circle)
    i.lcd_draw_line                          0x08004aa8   Section        0  lcd.o(i.lcd_draw_line)
    i.lcd_draw_point                         0x08004bcc   Section        0  lcd.o(i.lcd_draw_point)
    i.lcd_draw_rectangle                     0x08004be8   Section        0  lcd.o(i.lcd_draw_rectangle)
    i.lcd_fill                               0x08004c34   Section        0  lcd.o(i.lcd_fill)
    i.lcd_pow                                0x08004cd0   Section        0  lcd.o(i.lcd_pow)
    lcd_pow                                  0x08004cd1   Thumb Code    22  lcd.o(i.lcd_pow)
    i.lcd_show_char                          0x08004ce8   Section        0  lcd.o(i.lcd_show_char)
    i.lcd_show_num                           0x08004ef0   Section        0  lcd.o(i.lcd_show_num)
    i.lcd_show_string                        0x08004f88   Section        0  lcd.o(i.lcd_show_string)
    i.lcd_show_xnum                          0x08004ff2   Section        0  lcd.o(i.lcd_show_xnum)
    i.lcd_spi_send                           0x080050b8   Section        0  lcd.o(i.lcd_spi_send)
    lcd_spi_send                             0x080050b9   Thumb Code   104  lcd.o(i.lcd_spi_send)
    i.lcd_write_cmd                          0x08005124   Section        0  lcd.o(i.lcd_write_cmd)
    lcd_write_cmd                            0x08005125   Thumb Code    26  lcd.o(i.lcd_write_cmd)
    i.lcd_write_data                         0x08005144   Section        0  lcd.o(i.lcd_write_data)
    lcd_write_data                           0x08005145   Thumb Code    26  lcd.o(i.lcd_write_data)
    i.lcd_write_halfword                     0x08005164   Section        0  lcd.o(i.lcd_write_halfword)
    i.main                                   0x08005194   Section        0  main.o(i.main)
    i.norflash_erase_chip                    0x0800538c   Section        0  norflash.o(i.norflash_erase_chip)
    i.norflash_erase_sector                  0x080053cc   Section        0  norflash.o(i.norflash_erase_sector)
    i.norflash_read_id                       0x08005418   Section        0  norflash.o(i.norflash_read_id)
    i.norflash_read_sr                       0x08005470   Section        0  norflash.o(i.norflash_read_sr)
    i.norflash_send_address                  0x080054d4   Section        0  norflash.o(i.norflash_send_address)
    norflash_send_address                    0x080054d5   Thumb Code    46  norflash.o(i.norflash_send_address)
    i.norflash_wait_busy                     0x08005508   Section        0  norflash.o(i.norflash_wait_busy)
    norflash_wait_busy                       0x08005509   Thumb Code    20  norflash.o(i.norflash_wait_busy)
    i.norflash_write_enable                  0x0800551c   Section        0  norflash.o(i.norflash_write_enable)
    i.read_addr                              0x08005550   Section        0  usmart.o(i.read_addr)
    i.spi1_read_write_byte                   0x08005558   Section        0  spi.o(i.spi1_read_write_byte)
    i.spi1_write_data                        0x08005578   Section        0  spi.o(i.spi1_write_data)
    i.sw_lcd_mode                            0x08005594   Section        0  norflash.o(i.sw_lcd_mode)
    i.sw_spiflash_mode                       0x080055e4   Section        0  norflash.o(i.sw_spiflash_mode)
    i.sys_stm32_clock_init                   0x08005638   Section        0  sys.o(i.sys_stm32_clock_init)
    i.usart_init                             0x080056f4   Section        0  usart.o(i.usart_init)
    i.usmart_cmd_rec                         0x08005730   Section        0  usmart.o(i.usmart_cmd_rec)
    i.usmart_exe                             0x080057e0   Section        0  usmart.o(i.usmart_exe)
    i.usmart_get_aparm                       0x08005ab4   Section        0  usmart_str.o(i.usmart_get_aparm)
    i.usmart_get_cmdname                     0x08005b88   Section        0  usmart_str.o(i.usmart_get_cmdname)
    i.usmart_get_fname                       0x08005bc0   Section        0  usmart_str.o(i.usmart_get_fname)
    i.usmart_get_fparam                      0x08005d80   Section        0  usmart_str.o(i.usmart_get_fparam)
    i.usmart_get_input_string                0x08005e8c   Section        0  usmart_port.o(i.usmart_get_input_string)
    i.usmart_get_parmpos                     0x08005eb4   Section        0  usmart_str.o(i.usmart_get_parmpos)
    i.usmart_init                            0x08005ed4   Section        0  usmart.o(i.usmart_init)
    i.usmart_pow                             0x08005efc   Section        0  usmart_str.o(i.usmart_pow)
    i.usmart_scan                            0x08005f14   Section        0  usmart.o(i.usmart_scan)
    i.usmart_search_nextc                    0x08005fbc   Section        0  usmart_str.o(i.usmart_search_nextc)
    i.usmart_str2num                         0x08005fd2   Section        0  usmart_str.o(i.usmart_str2num)
    i.usmart_strcmp                          0x080060d8   Section        0  usmart_str.o(i.usmart_strcmp)
    i.usmart_strcopy                         0x080060fa   Section        0  usmart_str.o(i.usmart_strcopy)
    i.usmart_strlen                          0x08006110   Section        0  usmart_str.o(i.usmart_strlen)
    i.usmart_sys_cmd_exe                     0x08006128   Section        0  usmart.o(i.usmart_sys_cmd_exe)
    i.usmart_timx_get_time                   0x0800681c   Section        0  usmart_port.o(i.usmart_timx_get_time)
    i.usmart_timx_init                       0x08006860   Section        0  usmart_port.o(i.usmart_timx_init)
    i.usmart_timx_reset_time                 0x080068c0   Section        0  usmart_port.o(i.usmart_timx_reset_time)
    i.write_addr                             0x080068f4   Section        0  usmart.o(i.write_addr)
    .constdata                               0x080068f8   Section       24  system_stm32g4xx.o(.constdata)
    .constdata                               0x08006910   Section       24  stm32g4xx_hal_uart.o(.constdata)
    .constdata                               0x08006928   Section       16  stm32g4xx_hal_fdcan.o(.constdata)
    DLCtoBytes                               0x08006928   Data          16  stm32g4xx_hal_fdcan.o(.constdata)
    .constdata                               0x08006938   Section    19380  lcd.o(.constdata)
    .conststring                             0x0800b4ec   Section       40  usmart.o(.conststring)
    .conststring                             0x0800b514   Section     1012  usmart_config.o(.conststring)
    .data                                    0x20000000   Section       38  main.o(.data)
    .data                                    0x20000028   Section        4  system_stm32g4xx.o(.data)
    .data                                    0x2000002c   Section        4  delay.o(.data)
    g_fac_us                                 0x2000002c   Data           4  delay.o(.data)
    .data                                    0x20000030   Section        7  usart.o(.data)
    .data                                    0x20000038   Section       12  stm32g4xx_hal.o(.data)
    .data                                    0x20000044   Section        4  lcd.o(.data)
    .data                                    0x20000048   Section        2  norflash.o(.data)
    .data                                    0x2000004c   Section       28  usmart.o(.data)
    .data                                    0x20000068   Section      372  usmart_config.o(.data)
    .bss                                     0x200001dc   Section      344  usart.o(.bss)
    .bss                                     0x20000334   Section    11520  lcd.o(.bss)
    lcd_buf                                  0x20000334   Data       11520  lcd.o(.bss)
    .bss                                     0x20003034   Section      200  spi.o(.bss)
    .bss                                     0x200030fc   Section      176  fdcan.o(.bss)
    .bss                                     0x200031ac   Section       76  usmart_port.o(.bss)
    STACK                                    0x200031f8   Section     1024  startup_stm32g474xx.o(STACK)

    Global Symbols

    Symbol Name                              Value     Ov Type        Size  Object(Section)

    BuildAttributes$$THM_ISAv4$E$P$D$K$B$S$7EM$VFPi3$EXTD16$VFPS$VFMA$PE$A:L22UL41UL21$X:L11$S22US41US21$IEEE1$IW$USESV6$~STKCKD$USESV7$~SHL$OSPACE$ROPI$EBA8$MICROLIB$REQ8$PRES8$EABIv2 0x00000000   Number         0  anon$$obj.o ABSOLUTE
    __ARM_use_no_argv                        0x00000000   Number         0  main.o ABSOLUTE
    __use_no_errno                           0x00000000   Number         0  useno.o ABSOLUTE
    __use_no_exception_handling              0x00000000   Number         0  useno.o ABSOLUTE
    __use_no_fp                              0x00000000   Number         0  useno.o ABSOLUTE
    __use_no_heap                            0x00000000   Number         0  useno.o ABSOLUTE
    __use_no_heap_region                     0x00000000   Number         0  useno.o ABSOLUTE
    __use_no_semihosting                     0x00000000   Number         0  useno.o ABSOLUTE
    __use_no_semihosting_swi                 0x00000000   Number         0  useno.o ABSOLUTE
    __use_no_signal_handling                 0x00000000   Number         0  useno.o ABSOLUTE
    _printf_a                                0x00000000   Number         0  stubs.o ABSOLUTE
    _printf_c                                0x00000000   Number         0  stubs.o ABSOLUTE
    _printf_charcount                        0x00000000   Number         0  stubs.o ABSOLUTE
    _printf_d                                0x00000000   Number         0  stubs.o ABSOLUTE
    _printf_e                                0x00000000   Number         0  stubs.o ABSOLUTE
    _printf_f                                0x00000000   Number         0  stubs.o ABSOLUTE
    _printf_flags                            0x00000000   Number         0  stubs.o ABSOLUTE
    _printf_fp_dec                           0x00000000   Number         0  stubs.o ABSOLUTE
    _printf_fp_hex                           0x00000000   Number         0  stubs.o ABSOLUTE
    _printf_g                                0x00000000   Number         0  stubs.o ABSOLUTE
    _printf_i                                0x00000000   Number         0  stubs.o ABSOLUTE
    _printf_int_dec                          0x00000000   Number         0  stubs.o ABSOLUTE
    _printf_l                                0x00000000   Number         0  stubs.o ABSOLUTE
    _printf_lc                               0x00000000   Number         0  stubs.o ABSOLUTE
    _printf_ll                               0x00000000   Number         0  stubs.o ABSOLUTE
    _printf_lld                              0x00000000   Number         0  stubs.o ABSOLUTE
    _printf_lli                              0x00000000   Number         0  stubs.o ABSOLUTE
    _printf_llo                              0x00000000   Number         0  stubs.o ABSOLUTE
    _printf_llu                              0x00000000   Number         0  stubs.o ABSOLUTE
    _printf_llx                              0x00000000   Number         0  stubs.o ABSOLUTE
    _printf_longlong_dec                     0x00000000   Number         0  stubs.o ABSOLUTE
    _printf_longlong_hex                     0x00000000   Number         0  stubs.o ABSOLUTE
    _printf_longlong_oct                     0x00000000   Number         0  stubs.o ABSOLUTE
    _printf_ls                               0x00000000   Number         0  stubs.o ABSOLUTE
    _printf_mbtowc                           0x00000000   Number         0  stubs.o ABSOLUTE
    _printf_n                                0x00000000   Number         0  stubs.o ABSOLUTE
    _printf_o                                0x00000000   Number         0  stubs.o ABSOLUTE
    _printf_p                                0x00000000   Number         0  stubs.o ABSOLUTE
    _printf_percent                          0x00000000   Number         0  stubs.o ABSOLUTE
    _printf_pre_padding                      0x00000000   Number         0  stubs.o ABSOLUTE
    _printf_return_value                     0x00000000   Number         0  stubs.o ABSOLUTE
    _printf_s                                0x00000000   Number         0  stubs.o ABSOLUTE
    _printf_sizespec                         0x00000000   Number         0  stubs.o ABSOLUTE
    _printf_str                              0x00000000   Number         0  stubs.o ABSOLUTE
    _printf_truncate_signed                  0x00000000   Number         0  stubs.o ABSOLUTE
    _printf_truncate_unsigned                0x00000000   Number         0  stubs.o ABSOLUTE
    _printf_u                                0x00000000   Number         0  stubs.o ABSOLUTE
    _printf_wc                               0x00000000   Number         0  stubs.o ABSOLUTE
    _printf_wctomb                           0x00000000   Number         0  stubs.o ABSOLUTE
    _printf_widthprec                        0x00000000   Number         0  stubs.o ABSOLUTE
    _printf_x                                0x00000000   Number         0  stubs.o ABSOLUTE
    __arm_fini_                               - Undefined Weak Reference
    __cpp_initialize__aeabi_                  - Undefined Weak Reference
    __cxa_finalize                            - Undefined Weak Reference
    _clock_init                               - Undefined Weak Reference
    _microlib_exit                            - Undefined Weak Reference
    __Vectors_Size                           0x000001d8   Number         0  startup_stm32g474xx.o ABSOLUTE
    __Vectors                                0x08000000   Data           4  startup_stm32g474xx.o(RESET)
    __Vectors_End                            0x080001d8   Data           0  startup_stm32g474xx.o(RESET)
    __main                                   0x080001d9   Thumb Code     0  entry.o(.ARM.Collect$$$$00000000)
    _main_stk                                0x080001d9   Thumb Code     0  entry2.o(.ARM.Collect$$$$00000001)
    _main_scatterload                        0x080001dd   Thumb Code     0  entry5.o(.ARM.Collect$$$$00000004)
    __main_after_scatterload                 0x080001e1   Thumb Code     0  entry5.o(.ARM.Collect$$$$00000004)
    _main_clock                              0x080001e1   Thumb Code     0  entry7b.o(.ARM.Collect$$$$00000008)
    _main_cpp_init                           0x080001e1   Thumb Code     0  entry8b.o(.ARM.Collect$$$$0000000A)
    _main_init                               0x080001e1   Thumb Code     0  entry9a.o(.ARM.Collect$$$$0000000B)
    __rt_lib_shutdown_fini                   0x080001e9   Thumb Code     0  entry12b.o(.ARM.Collect$$$$0000000E)
    __rt_final_cpp                           0x080001ed   Thumb Code     0  entry10a.o(.ARM.Collect$$$$0000000F)
    __rt_final_exit                          0x080001ed   Thumb Code     0  entry11a.o(.ARM.Collect$$$$00000011)
    Reset_Handler                            0x080001f1   Thumb Code     8  startup_stm32g474xx.o(.text)
    ADC1_2_IRQHandler                        0x0800020b   Thumb Code     0  startup_stm32g474xx.o(.text)
    ADC3_IRQHandler                          0x0800020b   Thumb Code     0  startup_stm32g474xx.o(.text)
    ADC4_IRQHandler                          0x0800020b   Thumb Code     0  startup_stm32g474xx.o(.text)
    ADC5_IRQHandler                          0x0800020b   Thumb Code     0  startup_stm32g474xx.o(.text)
    COMP1_2_3_IRQHandler                     0x0800020b   Thumb Code     0  startup_stm32g474xx.o(.text)
    COMP4_5_6_IRQHandler                     0x0800020b   Thumb Code     0  startup_stm32g474xx.o(.text)
    COMP7_IRQHandler                         0x0800020b   Thumb Code     0  startup_stm32g474xx.o(.text)
    CORDIC_IRQHandler                        0x0800020b   Thumb Code     0  startup_stm32g474xx.o(.text)
    CRS_IRQHandler                           0x0800020b   Thumb Code     0  startup_stm32g474xx.o(.text)
    DMA1_Channel1_IRQHandler                 0x0800020b   Thumb Code     0  startup_stm32g474xx.o(.text)
    DMA1_Channel2_IRQHandler                 0x0800020b   Thumb Code     0  startup_stm32g474xx.o(.text)
    DMA1_Channel3_IRQHandler                 0x0800020b   Thumb Code     0  startup_stm32g474xx.o(.text)
    DMA1_Channel4_IRQHandler                 0x0800020b   Thumb Code     0  startup_stm32g474xx.o(.text)
    DMA1_Channel5_IRQHandler                 0x0800020b   Thumb Code     0  startup_stm32g474xx.o(.text)
    DMA1_Channel6_IRQHandler                 0x0800020b   Thumb Code     0  startup_stm32g474xx.o(.text)
    DMA1_Channel7_IRQHandler                 0x0800020b   Thumb Code     0  startup_stm32g474xx.o(.text)
    DMA1_Channel8_IRQHandler                 0x0800020b   Thumb Code     0  startup_stm32g474xx.o(.text)
    DMA2_Channel1_IRQHandler                 0x0800020b   Thumb Code     0  startup_stm32g474xx.o(.text)
    DMA2_Channel2_IRQHandler                 0x0800020b   Thumb Code     0  startup_stm32g474xx.o(.text)
    DMA2_Channel3_IRQHandler                 0x0800020b   Thumb Code     0  startup_stm32g474xx.o(.text)
    DMA2_Channel4_IRQHandler                 0x0800020b   Thumb Code     0  startup_stm32g474xx.o(.text)
    DMA2_Channel5_IRQHandler                 0x0800020b   Thumb Code     0  startup_stm32g474xx.o(.text)
    DMA2_Channel6_IRQHandler                 0x0800020b   Thumb Code     0  startup_stm32g474xx.o(.text)
    DMA2_Channel7_IRQHandler                 0x0800020b   Thumb Code     0  startup_stm32g474xx.o(.text)
    DMA2_Channel8_IRQHandler                 0x0800020b   Thumb Code     0  startup_stm32g474xx.o(.text)
    DMAMUX_OVR_IRQHandler                    0x0800020b   Thumb Code     0  startup_stm32g474xx.o(.text)
    EXTI0_IRQHandler                         0x0800020b   Thumb Code     0  startup_stm32g474xx.o(.text)
    EXTI15_10_IRQHandler                     0x0800020b   Thumb Code     0  startup_stm32g474xx.o(.text)
    EXTI1_IRQHandler                         0x0800020b   Thumb Code     0  startup_stm32g474xx.o(.text)
    EXTI2_IRQHandler                         0x0800020b   Thumb Code     0  startup_stm32g474xx.o(.text)
    EXTI3_IRQHandler                         0x0800020b   Thumb Code     0  startup_stm32g474xx.o(.text)
    EXTI4_IRQHandler                         0x0800020b   Thumb Code     0  startup_stm32g474xx.o(.text)
    EXTI9_5_IRQHandler                       0x0800020b   Thumb Code     0  startup_stm32g474xx.o(.text)
    FDCAN1_IT0_IRQHandler                    0x0800020b   Thumb Code     0  startup_stm32g474xx.o(.text)
    FDCAN1_IT1_IRQHandler                    0x0800020b   Thumb Code     0  startup_stm32g474xx.o(.text)
    FDCAN2_IT0_IRQHandler                    0x0800020b   Thumb Code     0  startup_stm32g474xx.o(.text)
    FDCAN2_IT1_IRQHandler                    0x0800020b   Thumb Code     0  startup_stm32g474xx.o(.text)
    FDCAN3_IT0_IRQHandler                    0x0800020b   Thumb Code     0  startup_stm32g474xx.o(.text)
    FDCAN3_IT1_IRQHandler                    0x0800020b   Thumb Code     0  startup_stm32g474xx.o(.text)
    FLASH_IRQHandler                         0x0800020b   Thumb Code     0  startup_stm32g474xx.o(.text)
    FMAC_IRQHandler                          0x0800020b   Thumb Code     0  startup_stm32g474xx.o(.text)
    FMC_IRQHandler                           0x0800020b   Thumb Code     0  startup_stm32g474xx.o(.text)
    FPU_IRQHandler                           0x0800020b   Thumb Code     0  startup_stm32g474xx.o(.text)
    HRTIM1_FLT_IRQHandler                    0x0800020b   Thumb Code     0  startup_stm32g474xx.o(.text)
    HRTIM1_Master_IRQHandler                 0x0800020b   Thumb Code     0  startup_stm32g474xx.o(.text)
    HRTIM1_TIMA_IRQHandler                   0x0800020b   Thumb Code     0  startup_stm32g474xx.o(.text)
    HRTIM1_TIMB_IRQHandler                   0x0800020b   Thumb Code     0  startup_stm32g474xx.o(.text)
    HRTIM1_TIMC_IRQHandler                   0x0800020b   Thumb Code     0  startup_stm32g474xx.o(.text)
    HRTIM1_TIMD_IRQHandler                   0x0800020b   Thumb Code     0  startup_stm32g474xx.o(.text)
    HRTIM1_TIME_IRQHandler                   0x0800020b   Thumb Code     0  startup_stm32g474xx.o(.text)
    HRTIM1_TIMF_IRQHandler                   0x0800020b   Thumb Code     0  startup_stm32g474xx.o(.text)
    I2C1_ER_IRQHandler                       0x0800020b   Thumb Code     0  startup_stm32g474xx.o(.text)
    I2C1_EV_IRQHandler                       0x0800020b   Thumb Code     0  startup_stm32g474xx.o(.text)
    I2C2_ER_IRQHandler                       0x0800020b   Thumb Code     0  startup_stm32g474xx.o(.text)
    I2C2_EV_IRQHandler                       0x0800020b   Thumb Code     0  startup_stm32g474xx.o(.text)
    I2C3_ER_IRQHandler                       0x0800020b   Thumb Code     0  startup_stm32g474xx.o(.text)
    I2C3_EV_IRQHandler                       0x0800020b   Thumb Code     0  startup_stm32g474xx.o(.text)
    I2C4_ER_IRQHandler                       0x0800020b   Thumb Code     0  startup_stm32g474xx.o(.text)
    I2C4_EV_IRQHandler                       0x0800020b   Thumb Code     0  startup_stm32g474xx.o(.text)
    LPTIM1_IRQHandler                        0x0800020b   Thumb Code     0  startup_stm32g474xx.o(.text)
    LPUART1_IRQHandler                       0x0800020b   Thumb Code     0  startup_stm32g474xx.o(.text)
    PVD_PVM_IRQHandler                       0x0800020b   Thumb Code     0  startup_stm32g474xx.o(.text)
    QUADSPI_IRQHandler                       0x0800020b   Thumb Code     0  startup_stm32g474xx.o(.text)
    RCC_IRQHandler                           0x0800020b   Thumb Code     0  startup_stm32g474xx.o(.text)
    RNG_IRQHandler                           0x0800020b   Thumb Code     0  startup_stm32g474xx.o(.text)
    RTC_Alarm_IRQHandler                     0x0800020b   Thumb Code     0  startup_stm32g474xx.o(.text)
    RTC_TAMP_LSECSS_IRQHandler               0x0800020b   Thumb Code     0  startup_stm32g474xx.o(.text)
    RTC_WKUP_IRQHandler                      0x0800020b   Thumb Code     0  startup_stm32g474xx.o(.text)
    SAI1_IRQHandler                          0x0800020b   Thumb Code     0  startup_stm32g474xx.o(.text)
    SPI1_IRQHandler                          0x0800020b   Thumb Code     0  startup_stm32g474xx.o(.text)
    SPI2_IRQHandler                          0x0800020b   Thumb Code     0  startup_stm32g474xx.o(.text)
    SPI3_IRQHandler                          0x0800020b   Thumb Code     0  startup_stm32g474xx.o(.text)
    SPI4_IRQHandler                          0x0800020b   Thumb Code     0  startup_stm32g474xx.o(.text)
    TIM1_BRK_TIM15_IRQHandler                0x0800020b   Thumb Code     0  startup_stm32g474xx.o(.text)
    TIM1_CC_IRQHandler                       0x0800020b   Thumb Code     0  startup_stm32g474xx.o(.text)
    TIM1_TRG_COM_TIM17_IRQHandler            0x0800020b   Thumb Code     0  startup_stm32g474xx.o(.text)
    TIM1_UP_TIM16_IRQHandler                 0x0800020b   Thumb Code     0  startup_stm32g474xx.o(.text)
    TIM20_BRK_IRQHandler                     0x0800020b   Thumb Code     0  startup_stm32g474xx.o(.text)
    TIM20_CC_IRQHandler                      0x0800020b   Thumb Code     0  startup_stm32g474xx.o(.text)
    TIM20_TRG_COM_IRQHandler                 0x0800020b   Thumb Code     0  startup_stm32g474xx.o(.text)
    TIM20_UP_IRQHandler                      0x0800020b   Thumb Code     0  startup_stm32g474xx.o(.text)
    TIM2_IRQHandler                          0x0800020b   Thumb Code     0  startup_stm32g474xx.o(.text)
    TIM3_IRQHandler                          0x0800020b   Thumb Code     0  startup_stm32g474xx.o(.text)
    TIM5_IRQHandler                          0x0800020b   Thumb Code     0  startup_stm32g474xx.o(.text)
    TIM6_DAC_IRQHandler                      0x0800020b   Thumb Code     0  startup_stm32g474xx.o(.text)
    TIM7_DAC_IRQHandler                      0x0800020b   Thumb Code     0  startup_stm32g474xx.o(.text)
    TIM8_BRK_IRQHandler                      0x0800020b   Thumb Code     0  startup_stm32g474xx.o(.text)
    TIM8_CC_IRQHandler                       0x0800020b   Thumb Code     0  startup_stm32g474xx.o(.text)
    TIM8_TRG_COM_IRQHandler                  0x0800020b   Thumb Code     0  startup_stm32g474xx.o(.text)
    TIM8_UP_IRQHandler                       0x0800020b   Thumb Code     0  startup_stm32g474xx.o(.text)
    UART4_IRQHandler                         0x0800020b   Thumb Code     0  startup_stm32g474xx.o(.text)
    UART5_IRQHandler                         0x0800020b   Thumb Code     0  startup_stm32g474xx.o(.text)
    UCPD1_IRQHandler                         0x0800020b   Thumb Code     0  startup_stm32g474xx.o(.text)
    USART2_IRQHandler                        0x0800020b   Thumb Code     0  startup_stm32g474xx.o(.text)
    USART3_IRQHandler                        0x0800020b   Thumb Code     0  startup_stm32g474xx.o(.text)
    USBWakeUp_IRQHandler                     0x0800020b   Thumb Code     0  startup_stm32g474xx.o(.text)
    USB_HP_IRQHandler                        0x0800020b   Thumb Code     0  startup_stm32g474xx.o(.text)
    USB_LP_IRQHandler                        0x0800020b   Thumb Code     0  startup_stm32g474xx.o(.text)
    WWDG_IRQHandler                          0x0800020b   Thumb Code     0  startup_stm32g474xx.o(.text)
    __aeabi_uldivmod                         0x08000215   Thumb Code    98  uldiv.o(.text)
    __aeabi_memset                           0x08000277   Thumb Code    14  memseta.o(.text)
    __aeabi_memset4                          0x08000277   Thumb Code     0  memseta.o(.text)
    __aeabi_memset8                          0x08000277   Thumb Code     0  memseta.o(.text)
    __aeabi_memclr                           0x08000285   Thumb Code     4  memseta.o(.text)
    __aeabi_memclr4                          0x08000285   Thumb Code     0  memseta.o(.text)
    __aeabi_memclr8                          0x08000285   Thumb Code     0  memseta.o(.text)
    _memset$wrapper                          0x08000289   Thumb Code    18  memseta.o(.text)
    __aeabi_llsl                             0x0800029b   Thumb Code    30  llshl.o(.text)
    _ll_shift_l                              0x0800029b   Thumb Code     0  llshl.o(.text)
    __aeabi_llsr                             0x080002b9   Thumb Code    32  llushr.o(.text)
    _ll_ushift_r                             0x080002b9   Thumb Code     0  llushr.o(.text)
    __scatterload                            0x080002d9   Thumb Code    28  init.o(.text)
    __scatterload_rt2                        0x080002d9   Thumb Code     0  init.o(.text)
    __decompress                             0x080002fd   Thumb Code     0  __dczerorl2.o(.text)
    __decompress1                            0x080002fd   Thumb Code    86  __dczerorl2.o(.text)
    AD2S1210GPIOInitiate                     0x08000355   Thumb Code   706  ad2s1210.o(i.AD2S1210GPIOInitiate)
    AD2S1210Initiate                         0x0800062d   Thumb Code    94  ad2s1210.o(i.AD2S1210Initiate)
    AD2S1210SelectMode                       0x08000695   Thumb Code   122  ad2s1210.o(i.AD2S1210SelectMode)
    BusFault_Handler                         0x08000715   Thumb Code     4  stm32g4xx_it.o(i.BusFault_Handler)
    CAN_SendTwoFloats                        0x08000719   Thumb Code    26  main.o(i.CAN_SendTwoFloats)
    DebugMon_Handler                         0x08000739   Thumb Code     2  stm32g4xx_it.o(i.DebugMon_Handler)
    HAL_DMA_Abort                            0x08000891   Thumb Code   118  stm32g4xx_hal_dma.o(i.HAL_DMA_Abort)
    HAL_DMA_Abort_IT                         0x08000907   Thumb Code   148  stm32g4xx_hal_dma.o(i.HAL_DMA_Abort_IT)
    HAL_FDCAN_ActivateNotification           0x0800099b   Thumb Code   290  stm32g4xx_hal_fdcan.o(i.HAL_FDCAN_ActivateNotification)
    HAL_FDCAN_AddMessageToTxFifoQ            0x08000abd   Thumb Code   106  stm32g4xx_hal_fdcan.o(i.HAL_FDCAN_AddMessageToTxFifoQ)
    HAL_FDCAN_ConfigFilter                   0x08000b27   Thumb Code   100  stm32g4xx_hal_fdcan.o(i.HAL_FDCAN_ConfigFilter)
    HAL_FDCAN_ConfigGlobalFilter             0x08000b8b   Thumb Code    60  stm32g4xx_hal_fdcan.o(i.HAL_FDCAN_ConfigGlobalFilter)
    HAL_FDCAN_DeInit                         0x08000bc7   Thumb Code    46  stm32g4xx_hal_fdcan.o(i.HAL_FDCAN_DeInit)
    HAL_FDCAN_Init                           0x08000bf5   Thumb Code   526  stm32g4xx_hal_fdcan.o(i.HAL_FDCAN_Init)
    HAL_FDCAN_MspDeInit                      0x08000e0d   Thumb Code     2  stm32g4xx_hal_fdcan.o(i.HAL_FDCAN_MspDeInit)
    HAL_FDCAN_MspInit                        0x08000e11   Thumb Code   180  fdcan.o(i.HAL_FDCAN_MspInit)
    HAL_FDCAN_Start                          0x08000ecd   Thumb Code    46  stm32g4xx_hal_fdcan.o(i.HAL_FDCAN_Start)
    HAL_FDCAN_Stop                           0x08000efb   Thumb Code   152  stm32g4xx_hal_fdcan.o(i.HAL_FDCAN_Stop)
    HAL_GPIO_Init                            0x08000f95   Thumb Code   428  stm32g4xx_hal_gpio.o(i.HAL_GPIO_Init)
    HAL_GPIO_ReadPin                         0x08001161   Thumb Code    16  stm32g4xx_hal_gpio.o(i.HAL_GPIO_ReadPin)
    HAL_GPIO_WritePin                        0x08001171   Thumb Code    10  stm32g4xx_hal_gpio.o(i.HAL_GPIO_WritePin)
    HAL_GetREVID                             0x0800117d   Thumb Code     8  stm32g4xx_hal.o(i.HAL_GetREVID)
    HAL_GetTick                              0x08001189   Thumb Code     6  stm32g4xx_hal.o(i.HAL_GetTick)
    HAL_IncTick                              0x08001195   Thumb Code    16  stm32g4xx_hal.o(i.HAL_IncTick)
    HAL_Init                                 0x080011ad   Thumb Code    30  stm32g4xx_hal.o(i.HAL_Init)
    HAL_InitTick                             0x080011cd   Thumb Code    74  stm32g4xx_hal.o(i.HAL_InitTick)
    HAL_MspInit                              0x08001225   Thumb Code     2  stm32g4xx_hal.o(i.HAL_MspInit)
    HAL_NVIC_EnableIRQ                       0x08001227   Thumb Code    40  stm32g4xx_hal_cortex.o(i.HAL_NVIC_EnableIRQ)
    HAL_NVIC_SetPriority                     0x0800124f   Thumb Code   122  stm32g4xx_hal_cortex.o(i.HAL_NVIC_SetPriority)
    HAL_NVIC_SetPriorityGrouping             0x080012c9   Thumb Code    32  stm32g4xx_hal_cortex.o(i.HAL_NVIC_SetPriorityGrouping)
    HAL_PWREx_ControlVoltageScaling          0x080012f1   Thumb Code   268  stm32g4xx_hal_pwr_ex.o(i.HAL_PWREx_ControlVoltageScaling)
    HAL_RCCEx_PeriphCLKConfig                0x08001409   Thumb Code  1048  stm32g4xx_hal_rcc_ex.o(i.HAL_RCCEx_PeriphCLKConfig)
    HAL_RCC_ClockConfig                      0x08001821   Thumb Code   522  stm32g4xx_hal_rcc.o(i.HAL_RCC_ClockConfig)
    HAL_RCC_GetHCLKFreq                      0x08001a45   Thumb Code     6  stm32g4xx_hal_rcc.o(i.HAL_RCC_GetHCLKFreq)
    HAL_RCC_GetPCLK1Freq                     0x08001a51   Thumb Code    26  stm32g4xx_hal_rcc.o(i.HAL_RCC_GetPCLK1Freq)
    HAL_RCC_GetPCLK2Freq                     0x08001a75   Thumb Code    26  stm32g4xx_hal_rcc.o(i.HAL_RCC_GetPCLK2Freq)
    HAL_RCC_GetSysClockFreq                  0x08001a99   Thumb Code   138  stm32g4xx_hal_rcc.o(i.HAL_RCC_GetSysClockFreq)
    HAL_RCC_OscConfig                        0x08001b31   Thumb Code  1370  stm32g4xx_hal_rcc.o(i.HAL_RCC_OscConfig)
    HAL_SPI_Transmit                         0x08002099   Thumb Code   546  stm32g4xx_hal_spi.o(i.HAL_SPI_Transmit)
    HAL_SPI_TransmitReceive                  0x080022bb   Thumb Code  1004  stm32g4xx_hal_spi.o(i.HAL_SPI_TransmitReceive)
    HAL_SYSTICK_CLKSourceConfig              0x080026a7   Thumb Code    40  stm32g4xx_hal_cortex.o(i.HAL_SYSTICK_CLKSourceConfig)
    HAL_SYSTICK_Config                       0x080026cf   Thumb Code    52  stm32g4xx_hal_cortex.o(i.HAL_SYSTICK_Config)
    HAL_TIM_Base_Init                        0x08002703   Thumb Code   110  stm32g4xx_hal_tim.o(i.HAL_TIM_Base_Init)
    HAL_TIM_Base_MspInit                     0x08002771   Thumb Code     2  stm32g4xx_hal_tim.o(i.HAL_TIM_Base_MspInit)
    HAL_TIM_Base_Start_IT                    0x08002775   Thumb Code   146  stm32g4xx_hal_tim.o(i.HAL_TIM_Base_Start_IT)
    HAL_UARTEx_RxEventCallback               0x08002829   Thumb Code     2  stm32g4xx_hal_uart.o(i.HAL_UARTEx_RxEventCallback)
    HAL_UARTEx_RxFifoFullCallback            0x0800282b   Thumb Code     2  stm32g4xx_hal_uart_ex.o(i.HAL_UARTEx_RxFifoFullCallback)
    HAL_UARTEx_TxFifoEmptyCallback           0x0800282d   Thumb Code     2  stm32g4xx_hal_uart_ex.o(i.HAL_UARTEx_TxFifoEmptyCallback)
    HAL_UARTEx_WakeupCallback                0x0800282f   Thumb Code     2  stm32g4xx_hal_uart_ex.o(i.HAL_UARTEx_WakeupCallback)
    HAL_UART_ErrorCallback                   0x08002831   Thumb Code     2  stm32g4xx_hal_uart.o(i.HAL_UART_ErrorCallback)
    HAL_UART_IRQHandler                      0x08002835   Thumb Code   898  stm32g4xx_hal_uart.o(i.HAL_UART_IRQHandler)
    HAL_UART_Init                            0x08002bc5   Thumb Code   120  stm32g4xx_hal_uart.o(i.HAL_UART_Init)
    HAL_UART_MspInit                         0x08002c3d   Thumb Code   170  usart.o(i.HAL_UART_MspInit)
    HAL_UART_Receive_IT                      0x08002cf5   Thumb Code   110  stm32g4xx_hal_uart.o(i.HAL_UART_Receive_IT)
    HAL_UART_RxCpltCallback                  0x08002d69   Thumb Code   134  usart.o(i.HAL_UART_RxCpltCallback)
    HAL_UART_TxCpltCallback                  0x08002e05   Thumb Code     2  stm32g4xx_hal_uart.o(i.HAL_UART_TxCpltCallback)
    HardFault_Handler                        0x08002e07   Thumb Code     4  stm32g4xx_it.o(i.HardFault_Handler)
    MemManage_Handler                        0x08002e0b   Thumb Code     4  stm32g4xx_it.o(i.MemManage_Handler)
    NMI_Handler                              0x08002e0f   Thumb Code     2  stm32g4xx_it.o(i.NMI_Handler)
    PendSV_Handler                           0x08002e11   Thumb Code     2  stm32g4xx_it.o(i.PendSV_Handler)
    ReadFromAD2S1210                         0x08002e7d   Thumb Code   510  ad2s1210.o(i.ReadFromAD2S1210)
    SPIRead                                  0x08003089   Thumb Code   124  ad2s1210.o(i.SPIRead)
    SPIWrite                                 0x08003109   Thumb Code   136  ad2s1210.o(i.SPIWrite)
    SVC_Handler                              0x080033c9   Thumb Code     2  stm32g4xx_it.o(i.SVC_Handler)
    SysTick_Handler                          0x080033cb   Thumb Code     8  stm32g4xx_it.o(i.SysTick_Handler)
    SystemInit                               0x080033d5   Thumb Code    14  system_stm32g4xx.o(i.SystemInit)
    TIM4_IRQHandler                          0x080033e9   Thumb Code    58  usmart_port.o(i.TIM4_IRQHandler)
    TIM_Base_SetConfig                       0x0800342d   Thumb Code   188  stm32g4xx_hal_tim.o(i.TIM_Base_SetConfig)
    UART_AdvFeatureConfig                    0x0800350d   Thumb Code   248  stm32g4xx_hal_uart.o(i.UART_AdvFeatureConfig)
    UART_CheckIdleState                      0x08003605   Thumb Code   118  stm32g4xx_hal_uart.o(i.UART_CheckIdleState)
    UART_SetConfig                           0x08003c65   Thumb Code   922  stm32g4xx_hal_uart.o(i.UART_SetConfig)
    UART_Start_Receive_IT                    0x0800402d   Thumb Code   352  stm32g4xx_hal_uart.o(i.UART_Start_Receive_IT)
    UART_WaitOnFlagUntilTimeout              0x0800419d   Thumb Code   254  stm32g4xx_hal_uart.o(i.UART_WaitOnFlagUntilTimeout)
    USART1_IRQHandler                        0x0800429d   Thumb Code    10  usart.o(i.USART1_IRQHandler)
    UsageFault_Handler                       0x080042ad   Thumb Code     4  stm32g4xx_it.o(i.UsageFault_Handler)
    __0printf$8                              0x080042b1   Thumb Code    22  printf8.o(i.__0printf$8)
    __1printf$8                              0x080042b1   Thumb Code     0  printf8.o(i.__0printf$8)
    __2printf                                0x080042b1   Thumb Code     0  printf8.o(i.__0printf$8)
    __scatterload_copy                       0x08004309   Thumb Code    14  handlers.o(i.__scatterload_copy)
    __scatterload_null                       0x08004317   Thumb Code     2  handlers.o(i.__scatterload_null)
    __scatterload_zeroinit                   0x08004319   Thumb Code    14  handlers.o(i.__scatterload_zeroinit)
    delay                                    0x0800477f   Thumb Code    10  delay.o(i.delay)
    delay_init                               0x08004789   Thumb Code    16  delay.o(i.delay_init)
    delay_ms                                 0x0800479d   Thumb Code    18  delay.o(i.delay_ms)
    delay_us                                 0x080047b1   Thumb Code    68  delay.o(i.delay_us)
    fdcan1_send_msg                          0x080047f9   Thumb Code    52  fdcan.o(i.fdcan1_send_msg)
    fdcan_init                               0x08004835   Thumb Code   190  fdcan.o(i.fdcan_init)
    fputc                                    0x080048fd   Thumb Code    24  usart.o(i.fputc)
    lcd_address_set                          0x08004919   Thumb Code    82  lcd.o(i.lcd_address_set)
    lcd_clear                                0x0800496d   Thumb Code   108  lcd.o(i.lcd_clear)
    lcd_draw_circle                          0x080049e1   Thumb Code   198  lcd.o(i.lcd_draw_circle)
    lcd_draw_line                            0x08004aa9   Thumb Code   280  lcd.o(i.lcd_draw_line)
    lcd_draw_point                           0x08004bcd   Thumb Code    28  lcd.o(i.lcd_draw_point)
    lcd_draw_rectangle                       0x08004be9   Thumb Code    74  lcd.o(i.lcd_draw_rectangle)
    lcd_fill                                 0x08004c35   Thumb Code   148  lcd.o(i.lcd_fill)
    lcd_show_char                            0x08004ce9   Thumb Code   500  lcd.o(i.lcd_show_char)
    lcd_show_num                             0x08004ef1   Thumb Code   152  lcd.o(i.lcd_show_num)
    lcd_show_string                          0x08004f89   Thumb Code   106  lcd.o(i.lcd_show_string)
    lcd_show_xnum                            0x08004ff3   Thumb Code   198  lcd.o(i.lcd_show_xnum)
    lcd_write_halfword                       0x08005165   Thumb Code    44  lcd.o(i.lcd_write_halfword)
    main                                     0x08005195   Thumb Code   446  main.o(i.main)
    norflash_erase_chip                      0x0800538d   Thumb Code    60  norflash.o(i.norflash_erase_chip)
    norflash_erase_sector                    0x080053cd   Thumb Code    70  norflash.o(i.norflash_erase_sector)
    norflash_read_id                         0x08005419   Thumb Code    84  norflash.o(i.norflash_read_id)
    norflash_read_sr                         0x08005471   Thumb Code    96  norflash.o(i.norflash_read_sr)
    norflash_write_enable                    0x0800551d   Thumb Code    48  norflash.o(i.norflash_write_enable)
    read_addr                                0x08005551   Thumb Code     6  usmart.o(i.read_addr)
    spi1_read_write_byte                     0x08005559   Thumb Code    28  spi.o(i.spi1_read_write_byte)
    spi1_write_data                          0x08005579   Thumb Code    22  spi.o(i.spi1_write_data)
    sw_lcd_mode                              0x08005595   Thumb Code    72  norflash.o(i.sw_lcd_mode)
    sw_spiflash_mode                         0x080055e5   Thumb Code    76  norflash.o(i.sw_spiflash_mode)
    sys_stm32_clock_init                     0x08005639   Thumb Code   178  sys.o(i.sys_stm32_clock_init)
    usart_init                               0x080056f5   Thumb Code    48  usart.o(i.usart_init)
    usmart_cmd_rec                           0x08005731   Thumb Code   170  usmart.o(i.usmart_cmd_rec)
    usmart_exe                               0x080057e1   Thumb Code   632  usmart.o(i.usmart_exe)
    usmart_get_aparm                         0x08005ab5   Thumb Code   212  usmart_str.o(i.usmart_get_aparm)
    usmart_get_cmdname                       0x08005b89   Thumb Code    54  usmart_str.o(i.usmart_get_cmdname)
    usmart_get_fname                         0x08005bc1   Thumb Code   440  usmart_str.o(i.usmart_get_fname)
    usmart_get_fparam                        0x08005d81   Thumb Code   262  usmart_str.o(i.usmart_get_fparam)
    usmart_get_input_string                  0x08005e8d   Thumb Code    30  usmart_port.o(i.usmart_get_input_string)
    usmart_get_parmpos                       0x08005eb5   Thumb Code    26  usmart_str.o(i.usmart_get_parmpos)
    usmart_init                              0x08005ed5   Thumb Code    36  usmart.o(i.usmart_init)
    usmart_pow                               0x08005efd   Thumb Code    22  usmart_str.o(i.usmart_pow)
    usmart_scan                              0x08005f15   Thumb Code   106  usmart.o(i.usmart_scan)
    usmart_search_nextc                      0x08005fbd   Thumb Code    22  usmart_str.o(i.usmart_search_nextc)
    usmart_str2num                           0x08005fd3   Thumb Code   262  usmart_str.o(i.usmart_str2num)
    usmart_strcmp                            0x080060d9   Thumb Code    34  usmart_str.o(i.usmart_strcmp)
    usmart_strcopy                           0x080060fb   Thumb Code    22  usmart_str.o(i.usmart_strcopy)
    usmart_strlen                            0x08006111   Thumb Code    24  usmart_str.o(i.usmart_strlen)
    usmart_sys_cmd_exe                       0x08006129   Thumb Code  1570  usmart.o(i.usmart_sys_cmd_exe)
    usmart_timx_get_time                     0x0800681d   Thumb Code    58  usmart_port.o(i.usmart_timx_get_time)
    usmart_timx_init                         0x08006861   Thumb Code    84  usmart_port.o(i.usmart_timx_init)
    usmart_timx_reset_time                   0x080068c1   Thumb Code    44  usmart_port.o(i.usmart_timx_reset_time)
    write_addr                               0x080068f5   Thumb Code     4  usmart.o(i.write_addr)
    AHBPrescTable                            0x080068f8   Data          16  system_stm32g4xx.o(.constdata)
    APBPrescTable                            0x08006908   Data           8  system_stm32g4xx.o(.constdata)
    UARTPrescTable                           0x08006910   Data          24  stm32g4xx_hal_uart.o(.constdata)
    asc2_1206                                0x08006938   Data        1140  lcd.o(.constdata)
    asc2_1608                                0x08006dac   Data        1520  lcd.o(.constdata)
    asc2_2412                                0x0800739c   Data        4560  lcd.o(.constdata)
    asc2_3216                                0x0800856c   Data       12160  lcd.o(.constdata)
    Region$$Table$$Base                      0x0800b908   Number         0  anon$$obj.o(Region$$Table)
    Region$$Table$$Limit                     0x0800b928   Number         0  anon$$obj.o(Region$$Table)
    position                                 0x20000000   Data           4  main.o(.data)
    velocity                                 0x20000004   Data           4  main.o(.data)
    position1                                0x20000008   Data           4  main.o(.data)
    velocity1                                0x2000000c   Data           4  main.o(.data)
    position2                                0x20000010   Data           4  main.o(.data)
    velocity2                                0x20000014   Data           4  main.o(.data)
    buf                                      0x20000018   Data           4  main.o(.data)
    velocity_com                             0x2000001c   Data           2  main.o(.data)
    buffer                                   0x2000001e   Data           8  main.o(.data)
    SystemCoreClock                          0x20000028   Data           4  system_stm32g4xx.o(.data)
    __stdout                                 0x20000030   Data           4  usart.o(.data)
    g_usart_rx_sta                           0x20000034   Data           2  usart.o(.data)
    g_rx_buffer                              0x20000036   Data           1  usart.o(.data)
    uwTick                                   0x20000038   Data           4  stm32g4xx_hal.o(.data)
    uwTickPrio                               0x2000003c   Data           4  stm32g4xx_hal.o(.data)
    uwTickFreq                               0x20000040   Data           4  stm32g4xx_hal.o(.data)
    g_point_color                            0x20000044   Data           2  lcd.o(.data)
    g_back_color                             0x20000046   Data           2  lcd.o(.data)
    g_norflash_type                          0x20000048   Data           2  norflash.o(.data)
    sys_cmd_tab                              0x2000004c   Data          28  usmart.o(.data)
    usmart_nametab                           0x20000068   Data         128  usmart_config.o(.data)
    usmart_dev                               0x200000e8   Data         244  usmart_config.o(.data)
    g_usart_rx_buf                           0x200001dc   Data         200  usart.o(.bss)
    g_uart1_handle                           0x200002a4   Data         144  usart.o(.bss)
    g_spi1_handler                           0x20003034   Data         100  spi.o(.bss)
    g_spi4_handler                           0x20003098   Data         100  spi.o(.bss)
    g_fdcanx_handler                         0x200030fc   Data         100  fdcan.o(.bss)
    g_fdcanx_txheader                        0x20003160   Data          36  fdcan.o(.bss)
    g_fdcanx_rxheader                        0x20003184   Data          40  fdcan.o(.bss)
    g_timx_usmart_handle                     0x200031ac   Data          76  usmart_port.o(.bss)
    __initial_sp                             0x200035f8   Data           0  startup_stm32g474xx.o(STACK)



==============================================================================

Memory Map of the image

  Image Entry point : 0x080001d9

  Load Region LR_IROM1 (Base: 0x08000000, Size: 0x0000bb04, Max: 0x00080000, ABSOLUTE, COMPRESSED[0x0000b9d0])

    Execution Region ER_IROM1 (Exec base: 0x08000000, Load base: 0x08000000, Size: 0x0000b928, Max: 0x00080000, ABSOLUTE)

    Exec Addr    Load Addr    Size         Type   Attr      Idx    E Section Name        Object

    0x08000000   0x08000000   0x000001d8   Data   RO            3    RESET               startup_stm32g474xx.o
    0x080001d8   0x080001d8   0x00000000   Code   RO         6603  * .ARM.Collect$$$$00000000  mc_w.l(entry.o)
    0x080001d8   0x080001d8   0x00000004   Code   RO         6871    .ARM.Collect$$$$00000001  mc_w.l(entry2.o)
    0x080001dc   0x080001dc   0x00000004   Code   RO         6874    .ARM.Collect$$$$00000004  mc_w.l(entry5.o)
    0x080001e0   0x080001e0   0x00000000   Code   RO         6876    .ARM.Collect$$$$00000008  mc_w.l(entry7b.o)
    0x080001e0   0x080001e0   0x00000000   Code   RO         6878    .ARM.Collect$$$$0000000A  mc_w.l(entry8b.o)
    0x080001e0   0x080001e0   0x00000008   Code   RO         6879    .ARM.Collect$$$$0000000B  mc_w.l(entry9a.o)
    0x080001e8   0x080001e8   0x00000004   Code   RO         6886    .ARM.Collect$$$$0000000E  mc_w.l(entry12b.o)
    0x080001ec   0x080001ec   0x00000000   Code   RO         6881    .ARM.Collect$$$$0000000F  mc_w.l(entry10a.o)
    0x080001ec   0x080001ec   0x00000000   Code   RO         6883    .ARM.Collect$$$$00000011  mc_w.l(entry11a.o)
    0x080001ec   0x080001ec   0x00000004   Code   RO         6872    .ARM.Collect$$$$00002712  mc_w.l(entry2.o)
    0x080001f0   0x080001f0   0x00000024   Code   RO            4    .text               startup_stm32g474xx.o
    0x08000214   0x08000214   0x00000062   Code   RO         6606    .text               mc_w.l(uldiv.o)
    0x08000276   0x08000276   0x00000024   Code   RO         6608    .text               mc_w.l(memseta.o)
    0x0800029a   0x0800029a   0x0000001e   Code   RO         6889    .text               mc_w.l(llshl.o)
    0x080002b8   0x080002b8   0x00000020   Code   RO         6891    .text               mc_w.l(llushr.o)
    0x080002d8   0x080002d8   0x00000024   Code   RO         6904    .text               mc_w.l(init.o)
    0x080002fc   0x080002fc   0x00000056   Code   RO         6918    .text               mc_w.l(__dczerorl2.o)
    0x08000352   0x08000352   0x00000002   PAD
    0x08000354   0x08000354   0x000002d8   Code   RO         6207    i.AD2S1210GPIOInitiate  ad2s1210.o
    0x0800062c   0x0800062c   0x00000068   Code   RO         6208    i.AD2S1210Initiate  ad2s1210.o
    0x08000694   0x08000694   0x00000080   Code   RO         6209    i.AD2S1210SelectMode  ad2s1210.o
    0x08000714   0x08000714   0x00000004   Code   RO          311    i.BusFault_Handler  stm32g4xx_it.o
    0x08000718   0x08000718   0x00000020   Code   RO           13    i.CAN_SendTwoFloats  main.o
    0x08000738   0x08000738   0x00000002   Code   RO          312    i.DebugMon_Handler  stm32g4xx_it.o
    0x0800073a   0x0800073a   0x00000002   PAD
    0x0800073c   0x0800073c   0x00000084   Code   RO         5173    i.FDCAN_CalcultateRamBlockAddresses  stm32g4xx_hal_fdcan.o
    0x080007c0   0x080007c0   0x000000d0   Code   RO         5174    i.FDCAN_CopyMessageToRAM  stm32g4xx_hal_fdcan.o
    0x08000890   0x08000890   0x00000076   Code   RO         1693    i.HAL_DMA_Abort     stm32g4xx_hal_dma.o
    0x08000906   0x08000906   0x00000094   Code   RO         1694    i.HAL_DMA_Abort_IT  stm32g4xx_hal_dma.o
    0x0800099a   0x0800099a   0x00000122   Code   RO         5176    i.HAL_FDCAN_ActivateNotification  stm32g4xx_hal_fdcan.o
    0x08000abc   0x08000abc   0x0000006a   Code   RO         5177    i.HAL_FDCAN_AddMessageToTxFifoQ  stm32g4xx_hal_fdcan.o
    0x08000b26   0x08000b26   0x00000064   Code   RO         5179    i.HAL_FDCAN_ConfigFilter  stm32g4xx_hal_fdcan.o
    0x08000b8a   0x08000b8a   0x0000003c   Code   RO         5180    i.HAL_FDCAN_ConfigGlobalFilter  stm32g4xx_hal_fdcan.o
    0x08000bc6   0x08000bc6   0x0000002e   Code   RO         5187    i.HAL_FDCAN_DeInit  stm32g4xx_hal_fdcan.o
    0x08000bf4   0x08000bf4   0x00000218   Code   RO         5218    i.HAL_FDCAN_Init    stm32g4xx_hal_fdcan.o
    0x08000e0c   0x08000e0c   0x00000002   Code   RO         5221    i.HAL_FDCAN_MspDeInit  stm32g4xx_hal_fdcan.o
    0x08000e0e   0x08000e0e   0x00000002   PAD
    0x08000e10   0x08000e10   0x000000bc   Code   RO         6307    i.HAL_FDCAN_MspInit  fdcan.o
    0x08000ecc   0x08000ecc   0x0000002e   Code   RO         5227    i.HAL_FDCAN_Start   stm32g4xx_hal_fdcan.o
    0x08000efa   0x08000efa   0x00000098   Code   RO         5228    i.HAL_FDCAN_Stop    stm32g4xx_hal_fdcan.o
    0x08000f92   0x08000f92   0x00000002   PAD
    0x08000f94   0x08000f94   0x000001cc   Code   RO         2025    i.HAL_GPIO_Init     stm32g4xx_hal_gpio.o
    0x08001160   0x08001160   0x00000010   Code   RO         2027    i.HAL_GPIO_ReadPin  stm32g4xx_hal_gpio.o
    0x08001170   0x08001170   0x0000000a   Code   RO         2029    i.HAL_GPIO_WritePin  stm32g4xx_hal_gpio.o
    0x0800117a   0x0800117a   0x00000002   PAD
    0x0800117c   0x0800117c   0x0000000c   Code   RO         1326    i.HAL_GetREVID      stm32g4xx_hal.o
    0x08001188   0x08001188   0x0000000c   Code   RO         1327    i.HAL_GetTick       stm32g4xx_hal.o
    0x08001194   0x08001194   0x00000018   Code   RO         1330    i.HAL_IncTick       stm32g4xx_hal.o
    0x080011ac   0x080011ac   0x0000001e   Code   RO         1331    i.HAL_Init          stm32g4xx_hal.o
    0x080011ca   0x080011ca   0x00000002   PAD
    0x080011cc   0x080011cc   0x00000058   Code   RO         1332    i.HAL_InitTick      stm32g4xx_hal.o
    0x08001224   0x08001224   0x00000002   Code   RO         1334    i.HAL_MspInit       stm32g4xx_hal.o
    0x08001226   0x08001226   0x00000028   Code   RO         1555    i.HAL_NVIC_EnableIRQ  stm32g4xx_hal_cortex.o
    0x0800124e   0x0800124e   0x0000007a   Code   RO         1561    i.HAL_NVIC_SetPriority  stm32g4xx_hal_cortex.o
    0x080012c8   0x080012c8   0x00000028   Code   RO         1562    i.HAL_NVIC_SetPriorityGrouping  stm32g4xx_hal_cortex.o
    0x080012f0   0x080012f0   0x00000118   Code   RO         2739    i.HAL_PWREx_ControlVoltageScaling  stm32g4xx_hal_pwr_ex.o
    0x08001408   0x08001408   0x00000418   Code   RO         2219    i.HAL_RCCEx_PeriphCLKConfig  stm32g4xx_hal_rcc_ex.o
    0x08001820   0x08001820   0x00000224   Code   RO         2089    i.HAL_RCC_ClockConfig  stm32g4xx_hal_rcc.o
    0x08001a44   0x08001a44   0x0000000c   Code   RO         2095    i.HAL_RCC_GetHCLKFreq  stm32g4xx_hal_rcc.o
    0x08001a50   0x08001a50   0x00000024   Code   RO         2097    i.HAL_RCC_GetPCLK1Freq  stm32g4xx_hal_rcc.o
    0x08001a74   0x08001a74   0x00000024   Code   RO         2098    i.HAL_RCC_GetPCLK2Freq  stm32g4xx_hal_rcc.o
    0x08001a98   0x08001a98   0x00000098   Code   RO         2099    i.HAL_RCC_GetSysClockFreq  stm32g4xx_hal_rcc.o
    0x08001b30   0x08001b30   0x00000568   Code   RO         2102    i.HAL_RCC_OscConfig  stm32g4xx_hal_rcc.o
    0x08002098   0x08002098   0x00000222   Code   RO         3665    i.HAL_SPI_Transmit  stm32g4xx_hal_spi.o
    0x080022ba   0x080022ba   0x000003ec   Code   RO         3666    i.HAL_SPI_TransmitReceive  stm32g4xx_hal_spi.o
    0x080026a6   0x080026a6   0x00000028   Code   RO         1564    i.HAL_SYSTICK_CLKSourceConfig  stm32g4xx_hal_cortex.o
    0x080026ce   0x080026ce   0x00000034   Code   RO         1566    i.HAL_SYSTICK_Config  stm32g4xx_hal_cortex.o
    0x08002702   0x08002702   0x0000006e   Code   RO         4019    i.HAL_TIM_Base_Init  stm32g4xx_hal_tim.o
    0x08002770   0x08002770   0x00000002   Code   RO         4021    i.HAL_TIM_Base_MspInit  stm32g4xx_hal_tim.o
    0x08002772   0x08002772   0x00000002   PAD
    0x08002774   0x08002774   0x000000b4   Code   RO         4024    i.HAL_TIM_Base_Start_IT  stm32g4xx_hal_tim.o
    0x08002828   0x08002828   0x00000002   Code   RO         2987    i.HAL_UARTEx_RxEventCallback  stm32g4xx_hal_uart.o
    0x0800282a   0x0800282a   0x00000002   Code   RO         3536    i.HAL_UARTEx_RxFifoFullCallback  stm32g4xx_hal_uart_ex.o
    0x0800282c   0x0800282c   0x00000002   Code   RO         3540    i.HAL_UARTEx_TxFifoEmptyCallback  stm32g4xx_hal_uart_ex.o
    0x0800282e   0x0800282e   0x00000002   Code   RO         3541    i.HAL_UARTEx_WakeupCallback  stm32g4xx_hal_uart_ex.o
    0x08002830   0x08002830   0x00000002   Code   RO         3003    i.HAL_UART_ErrorCallback  stm32g4xx_hal_uart.o
    0x08002832   0x08002832   0x00000002   PAD
    0x08002834   0x08002834   0x00000390   Code   RO         3006    i.HAL_UART_IRQHandler  stm32g4xx_hal_uart.o
    0x08002bc4   0x08002bc4   0x00000078   Code   RO         3007    i.HAL_UART_Init     stm32g4xx_hal_uart.o
    0x08002c3c   0x08002c3c   0x000000b8   Code   RO         1009    i.HAL_UART_MspInit  usart.o
    0x08002cf4   0x08002cf4   0x00000074   Code   RO         3012    i.HAL_UART_Receive_IT  stm32g4xx_hal_uart.o
    0x08002d68   0x08002d68   0x0000009c   Code   RO         1010    i.HAL_UART_RxCpltCallback  usart.o
    0x08002e04   0x08002e04   0x00000002   Code   RO         3019    i.HAL_UART_TxCpltCallback  stm32g4xx_hal_uart.o
    0x08002e06   0x08002e06   0x00000004   Code   RO          313    i.HardFault_Handler  stm32g4xx_it.o
    0x08002e0a   0x08002e0a   0x00000004   Code   RO          314    i.MemManage_Handler  stm32g4xx_it.o
    0x08002e0e   0x08002e0e   0x00000002   Code   RO          315    i.NMI_Handler       stm32g4xx_it.o
    0x08002e10   0x08002e10   0x00000002   Code   RO          316    i.PendSV_Handler    stm32g4xx_it.o
    0x08002e12   0x08002e12   0x00000002   PAD
    0x08002e14   0x08002e14   0x00000068   Code   RO         2103    i.RCC_GetSysClockFreqFromPLLSource  stm32g4xx_hal_rcc.o
    0x08002e7c   0x08002e7c   0x0000020c   Code   RO         6211    i.ReadFromAD2S1210  ad2s1210.o
    0x08003088   0x08003088   0x00000080   Code   RO         6212    i.SPIRead           ad2s1210.o
    0x08003108   0x08003108   0x0000008c   Code   RO         6213    i.SPIWrite          ad2s1210.o
    0x08003194   0x08003194   0x00000064   Code   RO         3697    i.SPI_EndRxTxTransaction  stm32g4xx_hal_spi.o
    0x080031f8   0x080031f8   0x000000f8   Code   RO         3704    i.SPI_WaitFifoStateUntilTimeout  stm32g4xx_hal_spi.o
    0x080032f0   0x080032f0   0x000000d8   Code   RO         3705    i.SPI_WaitFlagStateUntilTimeout  stm32g4xx_hal_spi.o
    0x080033c8   0x080033c8   0x00000002   Code   RO          317    i.SVC_Handler       stm32g4xx_it.o
    0x080033ca   0x080033ca   0x00000008   Code   RO          318    i.SysTick_Handler   stm32g4xx_it.o
    0x080033d2   0x080033d2   0x00000002   PAD
    0x080033d4   0x080033d4   0x00000014   Code   RO          614    i.SystemInit        system_stm32g4xx.o
    0x080033e8   0x080033e8   0x00000044   Code   RO         6471    i.TIM4_IRQHandler   usmart_port.o
    0x0800342c   0x0800342c   0x000000e0   Code   RO         4112    i.TIM_Base_SetConfig  stm32g4xx_hal_tim.o
    0x0800350c   0x0800350c   0x000000f8   Code   RO         3021    i.UART_AdvFeatureConfig  stm32g4xx_hal_uart.o
    0x08003604   0x08003604   0x00000076   Code   RO         3022    i.UART_CheckIdleState  stm32g4xx_hal_uart.o
    0x0800367a   0x0800367a   0x00000018   Code   RO         3023    i.UART_DMAAbortOnError  stm32g4xx_hal_uart.o
    0x08003692   0x08003692   0x00000002   PAD
    0x08003694   0x08003694   0x0000006c   Code   RO         3033    i.UART_EndRxTransfer  stm32g4xx_hal_uart.o
    0x08003700   0x08003700   0x00000030   Code   RO         3034    i.UART_EndTransmit_IT  stm32g4xx_hal_uart.o
    0x08003730   0x08003730   0x000000d2   Code   RO         3036    i.UART_RxISR_16BIT  stm32g4xx_hal_uart.o
    0x08003802   0x08003802   0x00000002   PAD
    0x08003804   0x08003804   0x000001c8   Code   RO         3037    i.UART_RxISR_16BIT_FIFOEN  stm32g4xx_hal_uart.o
    0x080039cc   0x080039cc   0x000000ce   Code   RO         3038    i.UART_RxISR_8BIT   stm32g4xx_hal_uart.o
    0x08003a9a   0x08003a9a   0x00000002   PAD
    0x08003a9c   0x08003a9c   0x000001c8   Code   RO         3039    i.UART_RxISR_8BIT_FIFOEN  stm32g4xx_hal_uart.o
    0x08003c64   0x08003c64   0x000003c8   Code   RO         3040    i.UART_SetConfig    stm32g4xx_hal_uart.o
    0x0800402c   0x0800402c   0x00000170   Code   RO         3042    i.UART_Start_Receive_IT  stm32g4xx_hal_uart.o
    0x0800419c   0x0800419c   0x000000fe   Code   RO         3047    i.UART_WaitOnFlagUntilTimeout  stm32g4xx_hal_uart.o
    0x0800429a   0x0800429a   0x00000002   PAD
    0x0800429c   0x0800429c   0x00000010   Code   RO         1011    i.USART1_IRQHandler  usart.o
    0x080042ac   0x080042ac   0x00000004   Code   RO          319    i.UsageFault_Handler  stm32g4xx_it.o
    0x080042b0   0x080042b0   0x00000020   Code   RO         6817    i.__0printf$8       mc_w.l(printf8.o)
    0x080042d0   0x080042d0   0x00000010   Code   RO         1568    i.__NVIC_GetPriorityGrouping  stm32g4xx_hal_cortex.o
    0x080042e0   0x080042e0   0x00000028   Code   RO         1569    i.__NVIC_SetPriority  stm32g4xx_hal_cortex.o
    0x08004308   0x08004308   0x0000000e   Code   RO         6912    i.__scatterload_copy  mc_w.l(handlers.o)
    0x08004316   0x08004316   0x00000002   Code   RO         6913    i.__scatterload_null  mc_w.l(handlers.o)
    0x08004318   0x08004318   0x0000000e   Code   RO         6914    i.__scatterload_zeroinit  mc_w.l(handlers.o)
    0x08004326   0x08004326   0x00000002   PAD
    0x08004328   0x08004328   0x00000404   Code   RO         6824    i._printf_core      mc_w.l(printf8.o)
    0x0800472c   0x0800472c   0x00000024   Code   RO         6825    i._printf_post_padding  mc_w.l(printf8.o)
    0x08004750   0x08004750   0x0000002e   Code   RO         6826    i._printf_pre_padding  mc_w.l(printf8.o)
    0x0800477e   0x0800477e   0x0000000a   Code   RO          651    i.delay             delay.o
    0x08004788   0x08004788   0x00000014   Code   RO          652    i.delay_init        delay.o
    0x0800479c   0x0800479c   0x00000012   Code   RO          653    i.delay_ms          delay.o
    0x080047ae   0x080047ae   0x00000002   PAD
    0x080047b0   0x080047b0   0x00000048   Code   RO          654    i.delay_us          delay.o
    0x080047f8   0x080047f8   0x0000003c   Code   RO         6309    i.fdcan1_send_msg   fdcan.o
    0x08004834   0x08004834   0x000000c8   Code   RO         6310    i.fdcan_init        fdcan.o
    0x080048fc   0x080048fc   0x0000001c   Code   RO         1015    i.fputc             usart.o
    0x08004918   0x08004918   0x00000052   Code   RO         5820    i.lcd_address_set   lcd.o
    0x0800496a   0x0800496a   0x00000002   PAD
    0x0800496c   0x0800496c   0x00000074   Code   RO         5821    i.lcd_clear         lcd.o
    0x080049e0   0x080049e0   0x000000c6   Code   RO         5824    i.lcd_draw_circle   lcd.o
    0x08004aa6   0x08004aa6   0x00000002   PAD
    0x08004aa8   0x08004aa8   0x00000124   Code   RO         5826    i.lcd_draw_line     lcd.o
    0x08004bcc   0x08004bcc   0x0000001c   Code   RO         5827    i.lcd_draw_point    lcd.o
    0x08004be8   0x08004be8   0x0000004a   Code   RO         5828    i.lcd_draw_rectangle  lcd.o
    0x08004c32   0x08004c32   0x00000002   PAD
    0x08004c34   0x08004c34   0x0000009c   Code   RO         5829    i.lcd_fill          lcd.o
    0x08004cd0   0x08004cd0   0x00000016   Code   RO         5832    i.lcd_pow           lcd.o
    0x08004ce6   0x08004ce6   0x00000002   PAD
    0x08004ce8   0x08004ce8   0x00000208   Code   RO         5833    i.lcd_show_char     lcd.o
    0x08004ef0   0x08004ef0   0x00000098   Code   RO         5835    i.lcd_show_num      lcd.o
    0x08004f88   0x08004f88   0x0000006a   Code   RO         5836    i.lcd_show_string   lcd.o
    0x08004ff2   0x08004ff2   0x000000c6   Code   RO         5837    i.lcd_show_xnum     lcd.o
    0x080050b8   0x080050b8   0x0000006c   Code   RO         5838    i.lcd_spi_send      lcd.o
    0x08005124   0x08005124   0x00000020   Code   RO         5839    i.lcd_write_cmd     lcd.o
    0x08005144   0x08005144   0x00000020   Code   RO         5840    i.lcd_write_data    lcd.o
    0x08005164   0x08005164   0x00000030   Code   RO         5841    i.lcd_write_halfword  lcd.o
    0x08005194   0x08005194   0x000001f8   Code   RO           14    i.main              main.o
    0x0800538c   0x0800538c   0x00000040   Code   RO         6091    i.norflash_erase_chip  norflash.o
    0x080053cc   0x080053cc   0x0000004c   Code   RO         6092    i.norflash_erase_sector  norflash.o
    0x08005418   0x08005418   0x00000058   Code   RO         6095    i.norflash_read_id  norflash.o
    0x08005470   0x08005470   0x00000064   Code   RO         6096    i.norflash_read_sr  norflash.o
    0x080054d4   0x080054d4   0x00000034   Code   RO         6097    i.norflash_send_address  norflash.o
    0x08005508   0x08005508   0x00000014   Code   RO         6098    i.norflash_wait_busy  norflash.o
    0x0800551c   0x0800551c   0x00000034   Code   RO         6100    i.norflash_write_enable  norflash.o
    0x08005550   0x08005550   0x00000006   Code   RO         6358    i.read_addr         usmart.o
    0x08005556   0x08005556   0x00000002   PAD
    0x08005558   0x08005558   0x00000020   Code   RO         5981    i.spi1_read_write_byte  spi.o
    0x08005578   0x08005578   0x0000001c   Code   RO         5983    i.spi1_write_data   spi.o
    0x08005594   0x08005594   0x00000050   Code   RO         6104    i.sw_lcd_mode       norflash.o
    0x080055e4   0x080055e4   0x00000054   Code   RO         6105    i.sw_spiflash_mode  norflash.o
    0x08005638   0x08005638   0x000000bc   Code   RO          939    i.sys_stm32_clock_init  sys.o
    0x080056f4   0x080056f4   0x0000003c   Code   RO         1016    i.usart_init        usart.o
    0x08005730   0x08005730   0x000000b0   Code   RO         6359    i.usmart_cmd_rec    usmart.o
    0x080057e0   0x080057e0   0x000002d4   Code   RO         6360    i.usmart_exe        usmart.o
    0x08005ab4   0x08005ab4   0x000000d4   Code   RO         6522    i.usmart_get_aparm  usmart_str.o
    0x08005b88   0x08005b88   0x00000036   Code   RO         6523    i.usmart_get_cmdname  usmart_str.o
    0x08005bbe   0x08005bbe   0x00000002   PAD
    0x08005bc0   0x08005bc0   0x000001c0   Code   RO         6524    i.usmart_get_fname  usmart_str.o
    0x08005d80   0x08005d80   0x0000010c   Code   RO         6525    i.usmart_get_fparam  usmart_str.o
    0x08005e8c   0x08005e8c   0x00000028   Code   RO         6472    i.usmart_get_input_string  usmart_port.o
    0x08005eb4   0x08005eb4   0x00000020   Code   RO         6526    i.usmart_get_parmpos  usmart_str.o
    0x08005ed4   0x08005ed4   0x00000028   Code   RO         6361    i.usmart_init       usmart.o
    0x08005efc   0x08005efc   0x00000016   Code   RO         6527    i.usmart_pow        usmart_str.o
    0x08005f12   0x08005f12   0x00000002   PAD
    0x08005f14   0x08005f14   0x000000a8   Code   RO         6362    i.usmart_scan       usmart.o
    0x08005fbc   0x08005fbc   0x00000016   Code   RO         6528    i.usmart_search_nextc  usmart_str.o
    0x08005fd2   0x08005fd2   0x00000106   Code   RO         6529    i.usmart_str2num    usmart_str.o
    0x080060d8   0x080060d8   0x00000022   Code   RO         6530    i.usmart_strcmp     usmart_str.o
    0x080060fa   0x080060fa   0x00000016   Code   RO         6531    i.usmart_strcopy    usmart_str.o
    0x08006110   0x08006110   0x00000018   Code   RO         6532    i.usmart_strlen     usmart_str.o
    0x08006128   0x08006128   0x000006f4   Code   RO         6363    i.usmart_sys_cmd_exe  usmart.o
    0x0800681c   0x0800681c   0x00000044   Code   RO         6473    i.usmart_timx_get_time  usmart_port.o
    0x08006860   0x08006860   0x00000060   Code   RO         6474    i.usmart_timx_init  usmart_port.o
    0x080068c0   0x080068c0   0x00000034   Code   RO         6475    i.usmart_timx_reset_time  usmart_port.o
    0x080068f4   0x080068f4   0x00000004   Code   RO         6364    i.write_addr        usmart.o
    0x080068f8   0x080068f8   0x00000018   Data   RO          615    .constdata          system_stm32g4xx.o
    0x08006910   0x08006910   0x00000018   Data   RO         3048    .constdata          stm32g4xx_hal_uart.o
    0x08006928   0x08006928   0x00000010   Data   RO         5235    .constdata          stm32g4xx_hal_fdcan.o
    0x08006938   0x08006938   0x00004bb4   Data   RO         5843    .constdata          lcd.o
    0x0800b4ec   0x0800b4ec   0x00000028   Data   RO         6365    .conststring        usmart.o
    0x0800b514   0x0800b514   0x000003f4   Data   RO         6436    .conststring        usmart_config.o
    0x0800b908   0x0800b908   0x00000020   Data   RO         6910    Region$$Table       anon$$obj.o


    Execution Region RW_IRAM1 (Exec base: 0x20000000, Load base: 0x0800b928, Size: 0x000035f8, Max: 0x00020000, ABSOLUTE, COMPRESSED[0x000000a8])

    Exec Addr    Load Addr    Size         Type   Attr      Idx    E Section Name        Object

    0x20000000   COMPRESSED   0x00000026   Data   RW           16    .data               main.o
    0x20000026   COMPRESSED   0x00000002   PAD
    0x20000028   COMPRESSED   0x00000004   Data   RW          616    .data               system_stm32g4xx.o
    0x2000002c   COMPRESSED   0x00000004   Data   RW          655    .data               delay.o
    0x20000030   COMPRESSED   0x00000007   Data   RW         1018    .data               usart.o
    0x20000037   COMPRESSED   0x00000001   PAD
    0x20000038   COMPRESSED   0x0000000c   Data   RW         1351    .data               stm32g4xx_hal.o
    0x20000044   COMPRESSED   0x00000004   Data   RW         5844    .data               lcd.o
    0x20000048   COMPRESSED   0x00000002   Data   RW         6107    .data               norflash.o
    0x2000004a   COMPRESSED   0x00000002   PAD
    0x2000004c   COMPRESSED   0x0000001c   Data   RW         6366    .data               usmart.o
    0x20000068   COMPRESSED   0x00000174   Data   RW         6437    .data               usmart_config.o
    0x200001dc        -       0x00000158   Zero   RW         1017    .bss                usart.o
    0x20000334        -       0x00002d00   Zero   RW         5842    .bss                lcd.o
    0x20003034        -       0x000000c8   Zero   RW         5988    .bss                spi.o
    0x200030fc        -       0x000000b0   Zero   RW         6311    .bss                fdcan.o
    0x200031ac        -       0x0000004c   Zero   RW         6476    .bss                usmart_port.o
    0x200031f8        -       0x00000400   Zero   RW            1    STACK               startup_stm32g474xx.o


==============================================================================

Image component sizes


      Code (inc. data)   RO Data    RW Data    ZI Data      Debug   Object Name

      1752         60          0          0          0       5623   ad2s1210.o
       120          8          0          4          0     705751   delay.o
       448         26          0          0        176       3346   fdcan.o
      2164         68      19380          4      11520      14612   lcd.o
       536         64          0         38          0       7240   main.o
       616         44          0          2          0       6346   norflash.o
        60         10          0          0        200       1825   spi.o
        36          8        472          0       1024        980   startup_stm32g474xx.o
       168         32          0         12          0       4938   stm32g4xx_hal.o
       350         22          0          0          0      35197   stm32g4xx_hal_cortex.o
       266          0          0          0          0     844748   stm32g4xx_hal_dma.o
      1678         28         16          0          0     691946   stm32g4xx_hal_fdcan.o
       486         32          0          0          0       2839   stm32g4xx_hal_gpio.o
       280         12          0          0          0        870   stm32g4xx_hal_pwr_ex.o
      2272        108          0          0          0       7468   stm32g4xx_hal_rcc.o
      1048         10          0          0          0       2032   stm32g4xx_hal_rcc_ex.o
      2114         12          0          0          0       7001   stm32g4xx_hal_spi.o
       516         70          0          0          0       3436   stm32g4xx_hal_tim.o
      4618        124         24          0          0      36918   stm32g4xx_hal_uart.o
         6          0          0          0          0       2309   stm32g4xx_hal_uart_ex.o
        32          0          0          0          0     738054   stm32g4xx_it.o
       188         10          0          0          0       1379   sys.o
        20          6         24          4          0       1419   system_stm32g4xx.o
       444         58          0          7        344     699914   usart.o
      2898       1308         40         28          0       6158   usmart.o
         0          0       1012        372          0       1656   usmart_config.o
       324         50          0          0         76       3614   usmart_port.o
      1400         20          0          0          0       9637   usmart_str.o

    ----------------------------------------------------------------------
     24882       2190      21000        476      13340    3847256   Object Totals
         0          0         32          0          0          0   (incl. Generated)
        42          0          0          5          0          0   (incl. Padding)

    ----------------------------------------------------------------------

      Code (inc. data)   RO Data    RW Data    ZI Data      Debug   Library Member Name

        86          0          0          0          0          0   __dczerorl2.o
         0          0          0          0          0          0   entry.o
         0          0          0          0          0          0   entry10a.o
         0          0          0          0          0          0   entry11a.o
         4          0          0          0          0          0   entry12b.o
         8          4          0          0          0          0   entry2.o
         4          0          0          0          0          0   entry5.o
         0          0          0          0          0          0   entry7b.o
         0          0          0          0          0          0   entry8b.o
         8          4          0          0          0          0   entry9a.o
        30          0          0          0          0          0   handlers.o
        36          8          0          0          0         68   init.o
        30          0          0          0          0         68   llshl.o
        32          0          0          0          0         68   llushr.o
        36          0          0          0          0        108   memseta.o
      1142         54          0          0          0        352   printf8.o
        98          0          0          0          0         92   uldiv.o

    ----------------------------------------------------------------------
      1518         70          0          0          0        756   Library Totals
         4          0          0          0          0          0   (incl. Padding)

    ----------------------------------------------------------------------

      Code (inc. data)   RO Data    RW Data    ZI Data      Debug   Library Name

      1514         70          0          0          0        756   mc_w.l

    ----------------------------------------------------------------------
      1518         70          0          0          0        756   Library Totals

    ----------------------------------------------------------------------

==============================================================================


      Code (inc. data)   RO Data    RW Data    ZI Data      Debug   

     26400       2260      21000        476      13340    3833684   Grand Totals
     26400       2260      21000        168      13340    3833684   ELF Image Totals (compressed)
     26400       2260      21000        168          0          0   ROM Totals

==============================================================================

    Total RO  Size (Code + RO Data)                47400 (  46.29kB)
    Total RW  Size (RW Data + ZI Data)             13816 (  13.49kB)
    Total ROM Size (Code + RO Data + RW Data)      47568 (  46.45kB)

==============================================================================

